----------------------------------------------------------
      name:  <unnamed>
       log:  /Users/hhadah/Documents/GiT/residency-medicai
> d-expansion/output/00-master-analysis.log
  log type:  text
 opened on:  27 Jan 2026, 19:09:01

. 
. di ""


. di "====================================================
> ====================="
==========================================================
> ===============

. di "MASTER ANALYSIS SCRIPT"
MASTER ANALYSIS SCRIPT

. di "====================================================
> ====================="
==========================================================
> ===============

. di "Running all analysis scripts sequentially"
Running all analysis scripts sequentially

. di "Start time: " c(current_date) " " c(current_time)
Start time: 27 Jan 2026 19:09:01

. di "====================================================
> ====================="
==========================================================
> ===============

. di ""


. 
. * ======================================================
> ===================
. * SCRIPT 05: DID Analysis (Weighted, Program-Level)
. * ======================================================
> ===================
. di ""


. di ">>> Running Script 05: DID Analysis (Weighted, Progr
> am-Level)"
>>> Running Script 05: DID Analysis (Weighted, Program-Lev
> el)

. di "    File: 05-dd-analysis.do"
    File: 05-dd-analysis.do

. di ""


. capture noisily do "${progdir}/05-dd-analysis.do"

. * ======================================================
> =======================
. * Difference-in-Differences Analysis (no triple DDD)
. * Outcomes: quota, matched, unmatched (quota - matched)
. * Event-study plotting follows prior scheme (pre/post sh
> ading + bands)
. * ======================================================
> =======================
. 
. clear all

. set more off

. 
. * ------------------------------------------------------
> -------------------
. * Define paths
. * ------------------------------------------------------
> -------------------
. global topdir "/Users/hhadah/Documents/GiT/residency-med
> icaid-expansion"

. global datadir "${topdir}/data/datasets"

. global figdir "${topdir}/output/figures"

. global tabdir "${topdir}/output/tables"

. global latex_figdir "${topdir}/my_paper/figures"

. 
. cap mkdir "${figdir}"

. cap mkdir "${tabdir}"

. cap mkdir "${latex_figdir}"

. 
. * ------------------------------------------------------
> -------------------
. * Load cleaned data (produced by 02-data-cleaning.R)
. * ------------------------------------------------------
> -------------------
. use "${datadir}/cleaned_program_residency_medicaid.dta",
>  clear

. 
. * ------------------------------------------------------
> -------------------
. * Panel identifiers
. * ------------------------------------------------------
> -------------------
. egen program_numeric_id = group(state institution_code)

. encode state, gen(state_id)

. 
. xtset program_numeric_id year

Panel variable: program_numeric_id (strongly balanced)
 Time variable: year, 2010 to 2019
         Delta: 1 unit

. 
. * ------------------------------------------------------
> -------------------
. * Outcomes and labels
. * ------------------------------------------------------
> -------------------
. global outcomes "quota matched unmatched matched_per_100
> k quota_per_100k unmatched_per_100k"

. global label_quota     "Residency Quota Positions"

. global label_matched   "Matched Residency Positions"

. global label_unmatched "Unmatched Residency Positions"

. global label_quota_100k "Residency Quota Positions per 1
> 00k Population"

. global label_matched_100k "Matched Residency Positions p
> er 100k Population"

. global label_unmatched_100k "Unmatched Residency Positio
> ns per 100k Population"

. global label_quota_per_100k "Residency Quota Positions p
> er 100k Population"

. global label_matched_per_100k "Matched Residency Positio
> ns per 100k Population"

. global label_unmatched_per_100k "Unmatched Residency Pos
> itions per 100k Population"

. 
. global short_quota     "quota"

. global short_matched   "matched"

. global short_unmatched "unmatched"

. global short_quota_100k "quota_100k"

. global short_matched_100k "matched_100k"

. global short_unmatched_100k "unmatched_100k"

. global short_quota_per_100k "quota_per_100k"

. global short_matched_per_100k "matched_per_100k"

. global short_unmatched_per_100k "unmatched_per_100k"

. 
. * ------------------------------------------------------
> -------------------
. * Store DID estimates
. * ------------------------------------------------------
> -------------------
. tempname did_results

. tempfile did_results_file

. postfile `did_results' str12 outcome double coef se tsta
> t pvalue avg_treat ///
>     pretrend_p treat_p n_programs n_states using "`did_r
> esults_file'", replace
(file
    /var/folders/yk/l30p1rcd2fsfx74wfvs62cmh0000gn/T//S_
    > 81114.000001 not found)

. 
. 
. local plotnum = 5

. foreach outcome of global outcomes {
  2.     capture confirm variable `outcome'
  3.     if _rc != 0 {
  4.         di as error "Outcome `outcome' not found. Ski
> pping."
  5.         continue
  6.     }
  7.     quietly count if treated_state == 1 & !missing(`o
> utcome')
  8.     if (r(N) == 0) {
  9.         di as error "Outcome `outcome': no treated ob
> servations with data."
 10.         continue
 11.     }
 12.     quietly count if treated_state == 0 & !missing(`o
> utcome')
 13.     if (r(N) == 0) {
 14.         di as error "Outcome `outcome': no control ob
> servations with data."
 15.         continue
 16.     }
 17.     di ""
 18.     di "=============================================
> ============================"
 19.     di "DID ANALYSIS: ${label_`outcome'}"
 20.     di "Outcome variable: `outcome'"
 21.     di "=============================================
> ============================"
 22.     di ""
 23.     capture noisily did_imputation `outcome' program_
> numeric_id year year_expanded  [aw=total_population_10],
>  ///
>         horizons(0/5) pretrend(5) fe(program_numeric_id 
> year) ///
>         cluster(state_id) minn(0)
 24.     if (_rc != 0) {
 25.         di as error "did_imputation failed for outcom
> e `outcome'. Error code `_rc'."
 26.         continue
 27.     }
 28.     local coef = _b[tau0]
 29.     local se   = _se[tau0]
 30.     local tstat = `coef' / `se'
 31.     local pvalue = 2*ttail(e(df_r), abs(`tstat'))
 32.     local tau_sum = 0
 33.     local tau_n = 0
 34.     forval h = 0/5 {
 35.         capture scalar __tmp = _b[tau`h']
 36.         if (_rc == 0) {
 37.             local tau_sum = `tau_sum' + __tmp
 38.             local tau_n = `tau_n' + 1
 39.         }
 40.     }
 41.     if (`tau_n' > 0) local avg_treat = `tau_sum' / `t
> au_n'
 42.     else local avg_treat = .
 43.     local pretrend_p = .
 44.     local treat_p = .
 45.     capture noisily test pre1 pre2 pre3 pre4 pre5
 46.     if (_rc == 0) {
 47.         local pretrend_p = r(p)
 48.     }
 49.     capture noisily test tau0 tau1 tau2 tau3 tau4 tau
> 5
 50.     if (_rc == 0) {
 51.         local treat_p = r(p)
 52.     }
 53.     * Calculate baseline mean (pre-treatment observat
> ions in treated states)
.     quietly summarize `outcome' if treated_state == 1 & 
> year < year_expanded [aw=total_population_10]
 54.     local baseline_mean = r(mean)
 55.     if missing(`baseline_mean') | `baseline_mean' == 
> 0 {
 56.         local baseline_mean = 1
 57.     }
 58.     local pct_effect = (`avg_treat' / `baseline_mean'
> ) * 100
 59.     if `pct_effect' < -100 {
 60.         local pct_effect = -100
 61.     }
 62.     local n_programs = .
 63.     local n_states = .
 64.     capture levelsof program_numeric_id if !missing(`
> outcome'), local(active_programs)
 65.     if (_rc == 0) {
 66.         local n_programs : word count `active_program
> s'
 67.     }
 68.     capture levelsof state_id if !missing(`outcome'),
>  local(active_states)
 69.     if (_rc == 0) {
 70.         local n_states : word count `active_states'
 71.     }
 72.     post `did_results' ("`outcome'") ///
>         (`coef') (`se') (`tstat') (`pvalue') (`avg_treat
> ') ///
>         (`pretrend_p') (`treat_p') (`n_programs') (`n_st
> ates')
 73.     di "ATT (tau0): " %9.3f `coef' "  SE: " %9.3f `se
> ' "  p = " %9.3f `pvalue'
 74.     di "Average post-treatment effect: " %9.3f `avg_t
> reat'
 75.     if (`pretrend_p' < .) di "Pretrend joint p-value:
>  " %9.3f `pretrend_p'
 76.     if (`treat_p' < .)   di "Treatment joint p-value:
>  " %9.3f `treat_p'
 77.     matrix plot_coef = J(11, 3, .)
 78.     matrix colnames plot_coef = period coef se
 79.     local row = 1
 80.     forval h = 5(-1)1 {
 81.         matrix plot_coef[`row',1] = -`h'
 82.         capture matrix plot_coef[`row',2] = _b[pre`h'
> ]
 83.         capture matrix plot_coef[`row',3] = _se[pre`h
> ']
 84.         local ++row
 85.     }
 86.     forval h = 0/5 {
 87.         matrix plot_coef[`row',1] = `h'
 88.         capture matrix plot_coef[`row',2] = _b[tau`h'
> ]
 89.         capture matrix plot_coef[`row',3] = _se[tau`h
> ']
 90.         local ++row
 91.     }
 92.     preserve
 93.     clear
 94.     svmat plot_coef, names(col)
 95.     keep if !missing(period)
 96.     gen ci_upper = coef + 1.96*se
 97.     gen ci_lower = coef - 1.96*se
 98.     gen byte pre_period = (period < 0)
 99.     gen byte post_period = (period >= 0)
100.     local avg_text = cond(`avg_treat' < ., string(`av
> g_treat', "%9.2f"), "NA")
101.     local treat_text = cond(`treat_p' < ., string(`tr
> eat_p', "%9.2f"), "NA")
102.     local baseline_text = string(`baseline_mean', "%9
> .2f")
103.     local pct_text = string(`pct_effect', "%9.1f")
104.     local post_line ""
105.     if (`avg_treat' < .) {
106.         local post_line "(scatteri `avg_treat' 0 `avg
> _treat' 5, recast(line) lpattern(dash) lcolor(red) lwidt
> h(medium))"
107.     }
108.     local short = "${short_`outcome'}"
109.         local label = "${label_`outcome'}"
110.         if ("`label'" == "") {
111.                 local label = "`outcome'"
112.         }
113.     local prefix : display %02.0f `plotnum'
114.     local ytitle_str "Treatment Effect (difference-in
> -differences)"
115.     local plot_title "Event Study: `label'"
116.     * Calculate annotation position dynamically
.     quietly summarize ci_upper
117.     local y_annot = r(max) - 0.01
118.     local x_annot = -5
119.     * Adjust for per 100k outcomes
.     if (strpos("`short'", "_100k") > 0) {
120.         local ytitle_str "Treatment Effect (per 100,0
> 00 population)"
121.         local x_annot = -5
122.     }
123.     twoway ///
>         (rarea ci_upper ci_lower period if pre_period, f
> color(dkgreen%45) lcolor(dkgreen%45) lwidth(none)) ///
>         (rarea ci_upper ci_lower period if post_period, 
> fcolor(maroon%45) lcolor(maroon%45) lwidth(none)) ///
>         (line coef period if pre_period, lcolor(dkgreen)
>  lwidth(medium)) ///
>         (line coef period if post_period, lcolor(maroon)
>  lwidth(medium)) ///
>         (scatter coef period if pre_period, mcolor(dkgre
> en) msymbol(circle) msize(medlarge)) ///
>         (scatter coef period if post_period, mcolor(maro
> on) msymbol(circle) msize(medlarge)) ///
>         `post_line' ///
>         , ///
>         xline(-0.5, lcolor(black) lpattern(solid) lwidth
> (thin)) ///
>         yline(0, lcolor(black) lpattern(solid) lwidth(th
> in)) ///
>         xlabel(-5(1)5, labsize(small)) ///
>         ylabel(#8, labsize(small) format(%9.2f)) ///
>         xtitle("Years relative to Medicaid expansion", s
> ize(small)) ///
>         ytitle("`ytitle_str'", size(small)) ///
>         title("`plot_title'", size(medium)) ///
>         text(`y_annot' `x_annot' `"Baseline Mean: `basel
> ine_text'"' `"Post avg = `avg_text' (`pct_text'%)"' `"p-
> value = `treat_text'"', size(small)) ///
>         legend(off) ///
>         graphregion(color(white)) plotregion(color(white
> ))
124.     graph export "${figdir}/`prefix'-did_`short'_even
> t.png", as(png) replace width(1200) height(800)
125.     graph export "${latex_figdir}/`prefix'-did_`short
> '_event.png", as(png) replace width(1200) height(800)
126.     restore
127.     local ++plotnum
128. }

==========================================================
> ===============
DID ANALYSIS: Residency Quota Positions
Outcome variable: quota
==========================================================
> ===============


                                                         N
> umber of obs                                            
>              = 8,590
----------------------------------------------------------
> --------------------
       quota | Coefficient  Std. err.      z    P>|z|     
> [95% con                                                
>         f. interval]
-------------+--------------------------------------------
> --------------------
        tau0 |  -.9440107   .7420596    -1.27   0.203    -
> 2.398421                                                
>             .5103994
        tau1 |  -2.349278   .8740044    -2.69   0.007    -
> 4.062295                                                
>            -.6362605
        tau2 |  -3.522059    1.02854    -3.42   0.001     
> -5.53796                                                
>            -1.506158
        tau3 |  -5.080667    1.38655    -3.66   0.000    -
> 7.798254                                                
>            -2.363079
        tau4 |  -6.138849   2.489804    -2.47   0.014    -
> 11.01878                                                
>            -1.258923
        tau5 |  -7.658376   3.424779    -2.24   0.025    -
> 14.37082                                                
>            -.9459326
        pre1 |  -3.168152    .871645    -3.63   0.000    -
> 4.876544                                                
>            -1.459759
        pre2 |  -2.824267   .7336615    -3.85   0.000    -
> 4.262218                                                
>            -1.386317
        pre3 |  -2.758407   .8289303    -3.33   0.001    -
> 4.383081                                                
>            -1.133734
        pre4 |  -2.323023   .9321793    -2.49   0.013    -
> 4.150061                                                
>             -.495985
        pre5 |  -1.406353   .8118662    -1.73   0.083    -
> 2.997581                                                
>             .1848755
----------------------------------------------------------
> --------------------

 ( 1)  pre1 = 0
 ( 2)  pre2 = 0
 ( 3)  pre3 = 0
 ( 4)  pre4 = 0
 ( 5)  pre5 = 0

           chi2(  5) =   56.96
         Prob > chi2 =    0.0000

 ( 1)  tau0 = 0
 ( 2)  tau1 = 0
 ( 3)  tau2 = 0
 ( 4)  tau3 = 0
 ( 5)  tau4 = 0
 ( 6)  tau5 = 0

           chi2(  6) =   97.87
         Prob > chi2 =    0.0000
ATT (tau0):    -0.944  SE:     0.742  p =         .
Average post-treatment effect:    -4.282
Pretrend joint p-value:     0.000
Treatment joint p-value:     0.000
number of observations will be reset to 11
Press any key to continue, or Break to abort
Number of observations (_N) was 0, now 11.
(0 observations deleted)
file
    /Users/hhadah/Documents/GiT/residency-medicaid-expan
    > sion/output/figures/05-did_quota_event.png saved
    as PNG format
file
    /Users/hhadah/Documents/GiT/residency-medicaid-expan
    > sion/my_paper/figures/05-did_quota_event.png saved
    as PNG format

==========================================================
> ===============
DID ANALYSIS: Matched Residency Positions
Outcome variable: matched
==========================================================
> ===============


                                                         N
> umber of obs                                            
>              = 8,590
----------------------------------------------------------
> --------------------
     matched | Coefficient  Std. err.      z    P>|z|     
> [95% con                                                
>         f. interval]
-------------+--------------------------------------------
> --------------------
        tau0 |  -.9597854   .7520339    -1.28   0.202    -
> 2.433745                                                
>              .514174
        tau1 |   -2.41017   .7956418    -3.03   0.002    -
> 3.969599                                                
>            -.8507407
        tau2 |  -3.326795   .9865377    -3.37   0.001    -
> 5.260373                                                
>            -1.393217
        tau3 |  -4.705453   1.294121    -3.64   0.000    -
> 7.241883                                                
>            -2.169022
        tau4 |  -5.518586   2.099265    -2.63   0.009    -
> 9.633069                                                
>            -1.404103
        tau5 |  -6.193002   2.679063    -2.31   0.021    -
> 11.44387                                                
>             -.942134
        pre1 |  -2.589817   .8330115    -3.11   0.002    -
> 4.222489                                                
>            -.9571442
        pre2 |  -2.410253   .6866926    -3.51   0.000    -
> 3.756146                                                
>             -1.06436
        pre3 |  -2.342219   .8064601    -2.90   0.004    -
> 3.922852                                                
>             -.761586
        pre4 |  -2.141539   .8783435    -2.44   0.015     
> -3.86306                                                
>            -.4200173
        pre5 |  -1.043362   .7737992    -1.35   0.178    -
> 2.559981                                                
>             .4732564
----------------------------------------------------------
> --------------------

 ( 1)  pre1 = 0
 ( 2)  pre2 = 0
 ( 3)  pre3 = 0
 ( 4)  pre4 = 0
 ( 5)  pre5 = 0

           chi2(  5) =   54.83
         Prob > chi2 =    0.0000

 ( 1)  tau0 = 0
 ( 2)  tau1 = 0
 ( 3)  tau2 = 0
 ( 4)  tau3 = 0
 ( 5)  tau4 = 0
 ( 6)  tau5 = 0

           chi2(  6) =   80.45
         Prob > chi2 =    0.0000
ATT (tau0):    -0.960  SE:     0.752  p =         .
Average post-treatment effect:    -3.852
Pretrend joint p-value:     0.000
Treatment joint p-value:     0.000
number of observations will be reset to 11
Press any key to continue, or Break to abort
Number of observations (_N) was 0, now 11.
(0 observations deleted)
file
    /Users/hhadah/Documents/GiT/residency-medicaid-expan
    > sion/output/figures/06-did_matched_event.png saved
    as PNG format
file
    /Users/hhadah/Documents/GiT/residency-medicaid-expan
    > sion/my_paper/figures/06-did_matched_event.png
    saved as PNG format

==========================================================
> ===============
DID ANALYSIS: Unmatched Residency Positions
Outcome variable: unmatched
==========================================================
> ===============


                                                         N
> umber of obs                                            
>              = 8,590
----------------------------------------------------------
> --------------------
   unmatched | Coefficient  Std. err.      z    P>|z|     
> [95% con                                                
>         f. interval]
-------------+--------------------------------------------
> --------------------
        tau0 |   .0157743   .1288066     0.12   0.903     
> -.236682                                                
>             .2682307
        tau1 |   .0608927    .147158     0.41   0.679    -
> .2275316                                                
>              .349317
        tau2 |  -.1952642   .1545249    -1.26   0.206    -
> .4981275                                                
>             .1075991
        tau3 |  -.3752133   .2000506    -1.88   0.061    -
> .7673053                                                
>             .0168786
        tau4 |  -.6202632   .4022959    -1.54   0.123    -
> 1.408749                                                
>             .1682222
        tau5 |  -1.465373   .7797044    -1.88   0.060    -
> 2.993566                                                
>             .0628192
        pre1 |  -.5783347   .1101202    -5.25   0.000    -
> .7941663                                                
>            -.3625032
        pre2 |  -.4140144   .1166737    -3.55   0.000    -
> .6426906                                                
>            -.1853382
        pre3 |  -.4161887   .0875882    -4.75   0.000    -
> .5878583                                                
>             -.244519
        pre4 |  -.1814841    .163919    -1.11   0.268    -
> .5027595                                                
>             .1397913
        pre5 |  -.3629909   .1309687    -2.77   0.006    -
> .6196848                                                
>             -.106297
----------------------------------------------------------
> --------------------

 ( 1)  pre1 = 0
 ( 2)  pre2 = 0
 ( 3)  pre3 = 0
 ( 4)  pre4 = 0
 ( 5)  pre5 = 0

           chi2(  5) =   43.27
         Prob > chi2 =    0.0000

 ( 1)  tau0 = 0
 ( 2)  tau1 = 0
 ( 3)  tau2 = 0
 ( 4)  tau3 = 0
 ( 5)  tau4 = 0
 ( 6)  tau5 = 0

           chi2(  6) =   58.48
         Prob > chi2 =    0.0000
ATT (tau0):     0.016  SE:     0.129  p =         .
Average post-treatment effect:    -0.430
Pretrend joint p-value:     0.000
Treatment joint p-value:     0.000
number of observations will be reset to 11
Press any key to continue, or Break to abort
Number of observations (_N) was 0, now 11.
(0 observations deleted)
file
    /Users/hhadah/Documents/GiT/residency-medicaid-expan
    > sion/output/figures/07-did_unmatched_event.png
    saved as PNG format
file
    /Users/hhadah/Documents/GiT/residency-medicaid-expan
    > sion/my_paper/figures/07-did_unmatched_event.png
    saved as PNG format

==========================================================
> ===============
DID ANALYSIS: Matched Residency Positions per 100k Populat
> ion
Outcome variable: matched_per_100k
==========================================================
> ===============


                                                         N
> umber of obs                                            
>              = 8,590
----------------------------------------------------------
> --------------------
matched~100k | Coefficient  Std. err.      z    P>|z|     
> [95% con                                                
>         f. interval]
-------------+--------------------------------------------
> --------------------
        tau0 |  -.0067982   .0060637    -1.12   0.262    -
> .0186828                                                
>             .0050864
        tau1 |  -.0184325   .0086168    -2.14   0.032    -
> .0353211                                                
>             -.001544
        tau2 |  -.0227682   .0101504    -2.24   0.025    -
> .0426627                                                
>            -.0028738
        tau3 |  -.0330315   .0136264    -2.42   0.015    -
> .0597388                                                
>            -.0063243
        tau4 |  -.0413523   .0195513    -2.12   0.034    -
> .0796721                                                
>            -.0030324
        tau5 |  -.0449067   .0242321    -1.85   0.064    -
> .0924008                                                
>             .0025874
        pre1 |    .020914   .0168922     1.24   0.216    -
> .0121941                                                
>             .0540221
        pre2 |   .0231526    .012712     1.82   0.069    -
> .0017626                                                
>             .0480677
        pre3 |   .0223925   .0117858     1.90   0.057    -
> .0007072                                                
>             .0454921
        pre4 |   .0215923   .0107333     2.01   0.044     
> .0005554                                                
>             .0426291
        pre5 |   .0217051   .0103845     2.09   0.037     
> .0013519                                                
>             .0420584
----------------------------------------------------------
> --------------------

 ( 1)  pre1 = 0
 ( 2)  pre2 = 0
 ( 3)  pre3 = 0
 ( 4)  pre4 = 0
 ( 5)  pre5 = 0

           chi2(  5) =    5.62
         Prob > chi2 =    0.3449

 ( 1)  tau0 = 0
 ( 2)  tau1 = 0
 ( 3)  tau2 = 0
 ( 4)  tau3 = 0
 ( 5)  tau4 = 0
 ( 6)  tau5 = 0

           chi2(  6) =   12.74
         Prob > chi2 =    0.0474
ATT (tau0):    -0.007  SE:     0.006  p =         .
Average post-treatment effect:    -0.028
Pretrend joint p-value:     0.345
Treatment joint p-value:     0.047
number of observations will be reset to 11
Press any key to continue, or Break to abort
Number of observations (_N) was 0, now 11.
(0 observations deleted)
file
    /Users/hhadah/Documents/GiT/residency-medicaid-expan
    > sion/output/figures/08-did_matched_per_100k_event.
    > png saved as PNG format
file
    /Users/hhadah/Documents/GiT/residency-medicaid-expan
    > sion/my_paper/figures/08-did_matched_per_100k_even
    > t.png saved as PNG format

==========================================================
> ===============
DID ANALYSIS: Residency Quota Positions per 100k Populatio
> n
Outcome variable: quota_per_100k
==========================================================
> ===============


                                                         N
> umber of obs                                            
>              = 8,590
----------------------------------------------------------
> --------------------
quota_p~100k | Coefficient  Std. err.      z    P>|z|     
> [95% con                                                
>         f. interval]
-------------+--------------------------------------------
> --------------------
        tau0 |  -.0067386   .0062624    -1.08   0.282    -
> .0190126                                                
>             .0055354
        tau1 |  -.0177484   .0091474    -1.94   0.052     
> -.035677                                                
>             .0001801
        tau2 |  -.0249151   .0108443    -2.30   0.022    -
> .0461695                                                
>            -.0036607
        tau3 |  -.0353858   .0140456    -2.52   0.012    -
> .0629147                                                
>            -.0078569
        tau4 |  -.0441661    .020664    -2.14   0.033    -
> .0846667                                                
>            -.0036655
        tau5 |  -.0542766   .0284002    -1.91   0.056    -
> .1099399                                                
>             .0013867
        pre1 |   .0177813   .0175595     1.01   0.311    -
> .0166346                                                
>             .0521972
        pre2 |   .0203807   .0140607     1.45   0.147    -
> .0071777                                                
>              .047939
        pre3 |   .0200365   .0128896     1.55   0.120    -
> .0052267                                                
>             .0452997
        pre4 |   .0212955   .0120335     1.77   0.077    -
> .0022898                                                
>             .0448808
        pre5 |   .0199885    .011229     1.78   0.075    -
> .0020198                                                
>             .0419969
----------------------------------------------------------
> --------------------

 ( 1)  pre1 = 0
 ( 2)  pre2 = 0
 ( 3)  pre3 = 0
 ( 4)  pre4 = 0
 ( 5)  pre5 = 0

           chi2(  5) =    6.09
         Prob > chi2 =    0.2976

 ( 1)  tau0 = 0
 ( 2)  tau1 = 0
 ( 3)  tau2 = 0
 ( 4)  tau3 = 0
 ( 5)  tau4 = 0
 ( 6)  tau5 = 0

           chi2(  6) =   17.49
         Prob > chi2 =    0.0076
ATT (tau0):    -0.007  SE:     0.006  p =         .
Average post-treatment effect:    -0.031
Pretrend joint p-value:     0.298
Treatment joint p-value:     0.008
number of observations will be reset to 11
Press any key to continue, or Break to abort
Number of observations (_N) was 0, now 11.
(0 observations deleted)
file
    /Users/hhadah/Documents/GiT/residency-medicaid-expan
    > sion/output/figures/09-did_quota_per_100k_event.pn
    > g saved as PNG format
file
    /Users/hhadah/Documents/GiT/residency-medicaid-expan
    > sion/my_paper/figures/09-did_quota_per_100k_event.
    > png saved as PNG format

==========================================================
> ===============
DID ANALYSIS: Unmatched Residency Positions per 100k Popul
> ation
Outcome variable: unmatched_per_100k
==========================================================
> ===============


                                                         N
> umber of obs                                            
>              = 8,590
----------------------------------------------------------
> --------------------
unmatch~100k | Coefficient  Std. err.      z    P>|z|     
> [95% con                                                
>         f. interval]
-------------+--------------------------------------------
> --------------------
        tau0 |   .0000596   .0010996     0.05   0.957    -
> .0020955                                                
>             .0022147
        tau1 |   .0006841   .0013735     0.50   0.618    -
> .0020078                                                
>             .0033761
        tau2 |  -.0021468   .0013365    -1.61   0.108    -
> .0047663                                                
>             .0004727
        tau3 |  -.0023542   .0013025    -1.81   0.071     
> -.004907                                                
>             .0001986
        tau4 |  -.0028138   .0024258    -1.16   0.246    -
> .0075682                                                
>             .0019406
        tau5 |  -.0093699   .0049119    -1.91   0.056    -
> .0189971                                                
>             .0002574
        pre1 |  -.0031327   .0021061    -1.49   0.137    -
> .0072605                                                
>             .0009952
        pre2 |  -.0027719   .0023991    -1.16   0.248    -
> .0074741                                                
>             .0019302
        pre3 |   -.002356   .0022143    -1.06   0.287    -
> .0066959                                                
>             .0019839
        pre4 |  -.0002967   .0024426    -0.12   0.903    -
> .0050842                                                
>             .0044907
        pre5 |  -.0017166   .0033304    -0.52   0.606     
> -.008244                                                
>             .0048109
----------------------------------------------------------
> --------------------

 ( 1)  pre1 = 0
 ( 2)  pre2 = 0
 ( 3)  pre3 = 0
 ( 4)  pre4 = 0
 ( 5)  pre5 = 0

           chi2(  5) =    5.66
         Prob > chi2 =    0.3411

 ( 1)  tau0 = 0
 ( 2)  tau1 = 0
 ( 3)  tau2 = 0
 ( 4)  tau3 = 0
 ( 5)  tau4 = 0
 ( 6)  tau5 = 0

           chi2(  6) =   11.08
         Prob > chi2 =    0.0859
ATT (tau0):     0.000  SE:     0.001  p =         .
Average post-treatment effect:    -0.003
Pretrend joint p-value:     0.341
Treatment joint p-value:     0.086
number of observations will be reset to 11
Press any key to continue, or Break to abort
Number of observations (_N) was 0, now 11.
(0 observations deleted)
file
    /Users/hhadah/Documents/GiT/residency-medicaid-expan
    > sion/output/figures/10-did_unmatched_per_100k_even
    > t.png saved as PNG format
file
    /Users/hhadah/Documents/GiT/residency-medicaid-expan
    > sion/my_paper/figures/10-did_unmatched_per_100k_ev
    > ent.png saved as PNG format

. 
. postclose `did_results'

. 
. use "`did_results_file'", clear

. order outcome coef se tstat pvalue avg_treat pretrend_p 
> treat_p n_programs n_states

. save "${tabdir}/did_summary_residency.dta", replace
file
    /Users/hhadah/Documents/GiT/residency-medicaid-expan
    > sion/output/tables/did_summary_residency.dta saved

. export delimited using "${tabdir}/did_summary_residency.
> csv", replace
file /Users/hhadah/Documents/GiT/residency-medicaid-expans
> ion/output/tables/did_summary_residency.csv saved

. 
. di ""


. di "====================================================
> =============="
==========================================================
> ========

. di "Difference-in-differences estimates completed for qu
> ota/matched/unmatched."
Difference-in-differences estimates completed for quota/ma
> tched/unmatched.

. di "Summary table:"
Summary table:

. di "  - ${tabdir}/did_summary_residency.dta"
  - /Users/hhadah/Documents/GiT/residency-medicaid-expansi
> on/output/tables/did_summary_residency.dta

. di "  - ${tabdir}/did_summary_residency.csv"
  - /Users/hhadah/Documents/GiT/residency-medicaid-expansi
> on/output/tables/did_summary_residency.csv

. di "Figures:"
Figures:

. di "  - ${figdir}/did_*_event.png (and LaTeX copies)"
  - /Users/hhadah/Documents/GiT/residency-medicaid-expansi
> on/output/figures/did_*_event.png (and LaTeX copies)

. di "====================================================
> =============="
==========================================================
> ========

. 
end of do-file

. if (_rc != 0) {
.     di as error "ERROR: Script 05 failed with code " _rc
.     di as error "Check ${outputdir}/05-dd-analysis.log f
> or details"
. } else {
program error:  code follows on the same line as close bra
> ce
r(198);

end of do-file

r(198);

. do "/var/folders/yk/l30p1rcd2fsfx74wfvs62cmh0000gn/T//SD
> 81114.000000"

. * ======================================================
> =======================
. * Difference-in-Differences Analysis (no triple DDD)
. * Outcomes: quota, matched, unmatched (quota - matched)
. * Event-study plotting follows prior scheme (pre/post sh
> ading + bands)
. * ======================================================
> =======================
. 
. clear all

. set more off

. 
. * ------------------------------------------------------
> -------------------
. * Define paths
. * ------------------------------------------------------
> -------------------
. global topdir "/Users/hhadah/Documents/GiT/residency-med
> icaid-expansion"

. global datadir "${topdir}/data/datasets"

. global figdir "${topdir}/output/figures"

. global tabdir "${topdir}/output/tables"

. global latex_figdir "${topdir}/my_paper/figures"

. 
. cap mkdir "${figdir}"

. cap mkdir "${tabdir}"

. cap mkdir "${latex_figdir}"

. 
. * ------------------------------------------------------
> -------------------
. * Load cleaned data (produced by 02-data-cleaning.R)
. * ------------------------------------------------------
> -------------------
. use "${datadir}/cleaned_program_residency_medicaid.dta",
>  clear

. 
. * ------------------------------------------------------
> -------------------
. * Panel identifiers
. * ------------------------------------------------------
> -------------------
. egen program_numeric_id = group(state institution_code)

. encode state, gen(state_id)

. 
. xtset program_numeric_id year

Panel variable: program_numeric_id (strongly balanced)
 Time variable: year, 2010 to 2019
         Delta: 1 unit

. 
. * ------------------------------------------------------
> -------------------
. * Outcomes and labels
. * ------------------------------------------------------
> -------------------
. global outcomes "quota matched unmatched matched_per_100
> k quota_per_100k unmatched_per_100k"

. global label_quota     "Residency Quota Positions"

. global label_matched   "Matched Residency Positions"

. global label_unmatched "Unmatched Residency Positions"

. global label_quota_100k "Residency Quota Positions per 1
> 00k Population"

. global label_matched_100k "Matched Residency Positions p
> er 100k Population"

. global label_unmatched_100k "Unmatched Residency Positio
> ns per 100k Population"

. global label_quota_per_100k "Residency Quota Positions p
> er 100k Population"

. global label_matched_per_100k "Matched Residency Positio
> ns per 100k Population"

. global label_unmatched_per_100k "Unmatched Residency Pos
> itions per 100k Population"

. 
. global short_quota     "quota"

. global short_matched   "matched"

. global short_unmatched "unmatched"

. global short_quota_100k "quota_100k"

. global short_matched_100k "matched_100k"

. global short_unmatched_100k "unmatched_100k"

. global short_quota_per_100k "quota_per_100k"

. global short_matched_per_100k "matched_per_100k"

. global short_unmatched_per_100k "unmatched_per_100k"

. 
. * ------------------------------------------------------
> -------------------
. * Store DID estimates
. * ------------------------------------------------------
> -------------------
. tempname did_results

. tempfile did_results_file

. postfile `did_results' str12 outcome double coef se tsta
> t pvalue avg_treat ///
>     pretrend_p treat_p n_programs n_states using "`did_r
> esults_file'", replace
(file
    /var/folders/yk/l30p1rcd2fsfx74wfvs62cmh0000gn/T//S_
    > 81114.000001 not found)

. 
. 
. local plotnum = 5

. foreach outcome of global outcomes {
  2.     capture confirm variable `outcome'
  3.     if _rc != 0 {
  4.         di as error "Outcome `outcome' not found. Ski
> pping."
  5.         continue
  6.     }
  7.     quietly count if treated_state == 1 & !missing(`o
> utcome')
  8.     if (r(N) == 0) {
  9.         di as error "Outcome `outcome': no treated ob
> servations with data."
 10.         continue
 11.     }
 12.     quietly count if treated_state == 0 & !missing(`o
> utcome')
 13.     if (r(N) == 0) {
 14.         di as error "Outcome `outcome': no control ob
> servations with data."
 15.         continue
 16.     }
 17.     di ""
 18.     di "=============================================
> ============================"
 19.     di "DID ANALYSIS: ${label_`outcome'}"
 20.     di "Outcome variable: `outcome'"
 21.     di "=============================================
> ============================"
 22.     di ""
 23.     capture noisily did_imputation `outcome' program_
> numeric_id year year_expanded  [aw=total_population_10],
>  ///
>         horizons(0/5) pretrend(5) fe(program_numeric_id 
> year) ///
>         cluster(state_id) minn(0)
 24.     if (_rc != 0) {
 25.         di as error "did_imputation failed for outcom
> e `outcome'. Error code `_rc'."
 26.         continue
 27.     }
 28.     local coef = _b[tau0]
 29.     local se   = _se[tau0]
 30.     local tstat = `coef' / `se'
 31.     local pvalue = 2*ttail(e(df_r), abs(`tstat'))
 32.     local tau_sum = 0
 33.     local tau_n = 0
 34.     forval h = 0/5 {
 35.         capture scalar __tmp = _b[tau`h']
 36.         if (_rc == 0) {
 37.             local tau_sum = `tau_sum' + __tmp
 38.             local tau_n = `tau_n' + 1
 39.         }
 40.     }
 41.     if (`tau_n' > 0) local avg_treat = `tau_sum' / `t
> au_n'
 42.     else local avg_treat = .
 43.     local pretrend_p = .
 44.     local treat_p = .
 45.     capture noisily test pre1 pre2 pre3 pre4 pre5
 46.     if (_rc == 0) {
 47.         local pretrend_p = r(p)
 48.     }
 49.     capture noisily test tau0 tau1 tau2 tau3 tau4 tau
> 5
 50.     if (_rc == 0) {
 51.         local treat_p = r(p)
 52.     }
 53.     * Calculate baseline mean (pre-treatment observat
> ions in treated states)
.     quietly summarize `outcome' if treated_state == 1 & 
> year < year_expanded [aw=total_population_10]
 54.     local baseline_mean = r(mean)
 55.     if missing(`baseline_mean') | `baseline_mean' == 
> 0 {
 56.         local baseline_mean = 1
 57.     }
 58.     local pct_effect = (`avg_treat' / `baseline_mean'
> ) * 100
 59.     if `pct_effect' < -100 {
 60.         local pct_effect = -100
 61.     }
 62.     local n_programs = .
 63.     local n_states = .
 64.     capture levelsof program_numeric_id if !missing(`
> outcome'), local(active_programs)
 65.     if (_rc == 0) {
 66.         local n_programs : word count `active_program
> s'
 67.     }
 68.     capture levelsof state_id if !missing(`outcome'),
>  local(active_states)
 69.     if (_rc == 0) {
 70.         local n_states : word count `active_states'
 71.     }
 72.     post `did_results' ("`outcome'") ///
>         (`coef') (`se') (`tstat') (`pvalue') (`avg_treat
> ') ///
>         (`pretrend_p') (`treat_p') (`n_programs') (`n_st
> ates')
 73.     di "ATT (tau0): " %9.3f `coef' "  SE: " %9.3f `se
> ' "  p = " %9.3f `pvalue'
 74.     di "Average post-treatment effect: " %9.3f `avg_t
> reat'
 75.     if (`pretrend_p' < .) di "Pretrend joint p-value:
>  " %9.3f `pretrend_p'
 76.     if (`treat_p' < .)   di "Treatment joint p-value:
>  " %9.3f `treat_p'
 77.     matrix plot_coef = J(11, 3, .)
 78.     matrix colnames plot_coef = period coef se
 79.     local row = 1
 80.     forval h = 5(-1)1 {
 81.         matrix plot_coef[`row',1] = -`h'
 82.         capture matrix plot_coef[`row',2] = _b[pre`h'
> ]
 83.         capture matrix plot_coef[`row',3] = _se[pre`h
> ']
 84.         local ++row
 85.     }
 86.     forval h = 0/5 {
 87.         matrix plot_coef[`row',1] = `h'
 88.         capture matrix plot_coef[`row',2] = _b[tau`h'
> ]
 89.         capture matrix plot_coef[`row',3] = _se[tau`h
> ']
 90.         local ++row
 91.     }
 92.     preserve
 93.     clear
 94.     svmat plot_coef, names(col)
 95.     keep if !missing(period)
 96.     gen ci_upper = coef + 1.96*se
 97.     gen ci_lower = coef - 1.96*se
 98.     gen byte pre_period = (period < 0)
 99.     gen byte post_period = (period >= 0)
100.     local avg_text = cond(`avg_treat' < ., string(`av
> g_treat', "%9.2f"), "NA")
101.     local treat_text = cond(`treat_p' < ., string(`tr
> eat_p', "%9.2f"), "NA")
102.     local baseline_text = string(`baseline_mean', "%9
> .2f")
103.     local pct_text = string(`pct_effect', "%9.1f")
104.     local post_line ""
105.     if (`avg_treat' < .) {
106.         local post_line "(scatteri `avg_treat' 0 `avg
> _treat' 5, recast(line) lpattern(dash) lcolor(red) lwidt
> h(medium))"
107.     }
108.     local short = "${short_`outcome'}"
109.         local label = "${label_`outcome'}"
110.         if ("`label'" == "") {
111.                 local label = "`outcome'"
112.         }
113.     local prefix : display %02.0f `plotnum'
114.     local ytitle_str "Treatment Effect (difference-in
> -differences)"
115.     local plot_title "Event Study: `label'"
116.     * Calculate annotation position dynamically
.     quietly summarize ci_upper
117.     local y_annot = r(max) - 0.01
118.     local x_annot = -2
119.     * Adjust for per 100k outcomes
.     if (strpos("`short'", "_100k") > 0) {
120.         local ytitle_str "Treatment Effect (per 100,0
> 00 population)"
121.         local x_annot = -2
122.     }
123.     twoway ///
>         (rarea ci_upper ci_lower period if pre_period, f
> color(dkgreen%45) lcolor(dkgreen%45) lwidth(none)) ///
>         (rarea ci_upper ci_lower period if post_period, 
> fcolor(maroon%45) lcolor(maroon%45) lwidth(none)) ///
>         (line coef period if pre_period, lcolor(dkgreen)
>  lwidth(medium)) ///
>         (line coef period if post_period, lcolor(maroon)
>  lwidth(medium)) ///
>         (scatter coef period if pre_period, mcolor(dkgre
> en) msymbol(circle) msize(medlarge)) ///
>         (scatter coef period if post_period, mcolor(maro
> on) msymbol(circle) msize(medlarge)) ///
>         `post_line' ///
>         , ///
>         xline(-0.5, lcolor(black) lpattern(solid) lwidth
> (thin)) ///
>         yline(0, lcolor(black) lpattern(solid) lwidth(th
> in)) ///
>         xlabel(-5(1)5, labsize(small)) ///
>         ylabel(#8, labsize(small) format(%9.2f)) ///
>         xtitle("Years relative to Medicaid expansion", s
> ize(small)) ///
>         ytitle("`ytitle_str'", size(small)) ///
>         title("`plot_title'", size(medium)) ///
>         text(`y_annot' `x_annot' `"Baseline Mean: `basel
> ine_text'"' `"Post avg = `avg_text' (`pct_text'%)"' `"p-
> value = `treat_text'"', size(small)) ///
>         legend(off) ///
>         graphregion(color(white)) plotregion(color(white
> ))
124.     graph export "${figdir}/`prefix'-did_`short'_even
> t.png", as(png) replace width(1200) height(800)
125.     graph export "${latex_figdir}/`prefix'-did_`short
> '_event.png", as(png) replace width(1200) height(800)
126.     restore
127.     local ++plotnum
128. }

==========================================================
> ===============
DID ANALYSIS: Residency Quota Positions
Outcome variable: quota
==========================================================
> ===============


                                                         N
> umber of obs                                            
>              = 8,590
----------------------------------------------------------
> --------------------
       quota | Coefficient  Std. err.      z    P>|z|     
> [95% con                                                
>         f. interval]
-------------+--------------------------------------------
> --------------------
        tau0 |  -.9440107   .7420596    -1.27   0.203    -
> 2.398421                                                
>             .5103994
        tau1 |  -2.349278   .8740044    -2.69   0.007    -
> 4.062295                                                
>            -.6362606
        tau2 |  -3.522059    1.02854    -3.42   0.001     
> -5.53796                                                
>            -1.506158
        tau3 |  -5.080667    1.38655    -3.66   0.000    -
> 7.798254                                                
>            -2.363079
        tau4 |  -6.138849   2.489804    -2.47   0.014    -
> 11.01878                                                
>            -1.258923
        tau5 |  -7.658376   3.424779    -2.24   0.025    -
> 14.37082                                                
>            -.9459326
        pre1 |  -3.168152    .871645    -3.63   0.000    -
> 4.876544                                                
>            -1.459759
        pre2 |  -2.824267   .7336615    -3.85   0.000    -
> 4.262218                                                
>            -1.386317
        pre3 |  -2.758407   .8289303    -3.33   0.001    -
> 4.383081                                                
>            -1.133734
        pre4 |  -2.323023   .9321793    -2.49   0.013    -
> 4.150061                                                
>             -.495985
        pre5 |  -1.406353   .8118662    -1.73   0.083    -
> 2.997581                                                
>             .1848755
----------------------------------------------------------
> --------------------

 ( 1)  pre1 = 0
 ( 2)  pre2 = 0
 ( 3)  pre3 = 0
 ( 4)  pre4 = 0
 ( 5)  pre5 = 0

           chi2(  5) =   56.96
         Prob > chi2 =    0.0000

 ( 1)  tau0 = 0
 ( 2)  tau1 = 0
 ( 3)  tau2 = 0
 ( 4)  tau3 = 0
 ( 5)  tau4 = 0
 ( 6)  tau5 = 0

           chi2(  6) =   97.87
         Prob > chi2 =    0.0000
ATT (tau0):    -0.944  SE:     0.742  p =         .
Average post-treatment effect:    -4.282
Pretrend joint p-value:     0.000
Treatment joint p-value:     0.000
number of observations will be reset to 11
Press any key to continue, or Break to abort
Number of observations (_N) was 0, now 11.
(0 observations deleted)
file
    /Users/hhadah/Documents/GiT/residency-medicaid-expan
    > sion/output/figures/05-did_quota_event.png saved
    as PNG format
file
    /Users/hhadah/Documents/GiT/residency-medicaid-expan
    > sion/my_paper/figures/05-did_quota_event.png saved
    as PNG format

==========================================================
> ===============
DID ANALYSIS: Matched Residency Positions
Outcome variable: matched
==========================================================
> ===============


                                                         N
> umber of obs                                            
>              = 8,590
----------------------------------------------------------
> --------------------
     matched | Coefficient  Std. err.      z    P>|z|     
> [95% con                                                
>         f. interval]
-------------+--------------------------------------------
> --------------------
        tau0 |  -.9597854   .7520339    -1.28   0.202    -
> 2.433745                                                
>              .514174
        tau1 |   -2.41017   .7956418    -3.03   0.002    -
> 3.969599                                                
>            -.8507407
        tau2 |  -3.326795   .9865377    -3.37   0.001    -
> 5.260373                                                
>            -1.393217
        tau3 |  -4.705453   1.294121    -3.64   0.000    -
> 7.241883                                                
>            -2.169022
        tau4 |  -5.518586   2.099265    -2.63   0.009    -
> 9.633069                                                
>            -1.404103
        tau5 |  -6.193002   2.679063    -2.31   0.021    -
> 11.44387                                                
>             -.942134
        pre1 |  -2.589817   .8330115    -3.11   0.002    -
> 4.222489                                                
>            -.9571442
        pre2 |  -2.410253   .6866926    -3.51   0.000    -
> 3.756146                                                
>             -1.06436
        pre3 |  -2.342219   .8064601    -2.90   0.004    -
> 3.922852                                                
>             -.761586
        pre4 |  -2.141539   .8783435    -2.44   0.015     
> -3.86306                                                
>            -.4200173
        pre5 |  -1.043362   .7737992    -1.35   0.178    -
> 2.559981                                                
>             .4732564
----------------------------------------------------------
> --------------------

 ( 1)  pre1 = 0
 ( 2)  pre2 = 0
 ( 3)  pre3 = 0
 ( 4)  pre4 = 0
 ( 5)  pre5 = 0

           chi2(  5) =   54.83
         Prob > chi2 =    0.0000

 ( 1)  tau0 = 0
 ( 2)  tau1 = 0
 ( 3)  tau2 = 0
 ( 4)  tau3 = 0
 ( 5)  tau4 = 0
 ( 6)  tau5 = 0

           chi2(  6) =   80.45
         Prob > chi2 =    0.0000
ATT (tau0):    -0.960  SE:     0.752  p =         .
Average post-treatment effect:    -3.852
Pretrend joint p-value:     0.000
Treatment joint p-value:     0.000
number of observations will be reset to 11
Press any key to continue, or Break to abort
Number of observations (_N) was 0, now 11.
(0 observations deleted)
file
    /Users/hhadah/Documents/GiT/residency-medicaid-expan
    > sion/output/figures/06-did_matched_event.png saved
    as PNG format
file
    /Users/hhadah/Documents/GiT/residency-medicaid-expan
    > sion/my_paper/figures/06-did_matched_event.png
    saved as PNG format

==========================================================
> ===============
DID ANALYSIS: Unmatched Residency Positions
Outcome variable: unmatched
==========================================================
> ===============


                                                         N
> umber of obs                                            
>              = 8,590
----------------------------------------------------------
> --------------------
   unmatched | Coefficient  Std. err.      z    P>|z|     
> [95% con                                                
>         f. interval]
-------------+--------------------------------------------
> --------------------
        tau0 |   .0157743   .1288066     0.12   0.903     
> -.236682                                                
>             .2682307
        tau1 |   .0608927    .147158     0.41   0.679    -
> .2275316                                                
>              .349317
        tau2 |  -.1952642   .1545249    -1.26   0.206    -
> .4981275                                                
>             .1075991
        tau3 |  -.3752133   .2000506    -1.88   0.061    -
> .7673053                                                
>             .0168786
        tau4 |  -.6202632   .4022959    -1.54   0.123    -
> 1.408749                                                
>             .1682222
        tau5 |  -1.465373   .7797044    -1.88   0.060    -
> 2.993566                                                
>             .0628192
        pre1 |  -.5783347   .1101202    -5.25   0.000    -
> .7941663                                                
>            -.3625032
        pre2 |  -.4140144   .1166737    -3.55   0.000    -
> .6426906                                                
>            -.1853382
        pre3 |  -.4161887   .0875882    -4.75   0.000    -
> .5878583                                                
>             -.244519
        pre4 |  -.1814841    .163919    -1.11   0.268    -
> .5027595                                                
>             .1397913
        pre5 |  -.3629909   .1309687    -2.77   0.006    -
> .6196848                                                
>             -.106297
----------------------------------------------------------
> --------------------

 ( 1)  pre1 = 0
 ( 2)  pre2 = 0
 ( 3)  pre3 = 0
 ( 4)  pre4 = 0
 ( 5)  pre5 = 0

           chi2(  5) =   43.27
         Prob > chi2 =    0.0000

 ( 1)  tau0 = 0
 ( 2)  tau1 = 0
 ( 3)  tau2 = 0
 ( 4)  tau3 = 0
 ( 5)  tau4 = 0
 ( 6)  tau5 = 0

           chi2(  6) =   58.48
         Prob > chi2 =    0.0000
ATT (tau0):     0.016  SE:     0.129  p =         .
Average post-treatment effect:    -0.430
Pretrend joint p-value:     0.000
Treatment joint p-value:     0.000
number of observations will be reset to 11
Press any key to continue, or Break to abort
Number of observations (_N) was 0, now 11.
(0 observations deleted)
file
    /Users/hhadah/Documents/GiT/residency-medicaid-expan
    > sion/output/figures/07-did_unmatched_event.png
    saved as PNG format
file
    /Users/hhadah/Documents/GiT/residency-medicaid-expan
    > sion/my_paper/figures/07-did_unmatched_event.png
    saved as PNG format

==========================================================
> ===============
DID ANALYSIS: Matched Residency Positions per 100k Populat
> ion
Outcome variable: matched_per_100k
==========================================================
> ===============


                                                         N
> umber of obs                                            
>              = 8,590
----------------------------------------------------------
> --------------------
matched~100k | Coefficient  Std. err.      z    P>|z|     
> [95% con                                                
>         f. interval]
-------------+--------------------------------------------
> --------------------
        tau0 |  -.0067982   .0060637    -1.12   0.262    -
> .0186828                                                
>             .0050864
        tau1 |  -.0184325   .0086168    -2.14   0.032    -
> .0353211                                                
>             -.001544
        tau2 |  -.0227682   .0101504    -2.24   0.025    -
> .0426627                                                
>            -.0028738
        tau3 |  -.0330315   .0136264    -2.42   0.015    -
> .0597388                                                
>            -.0063243
        tau4 |  -.0413523   .0195513    -2.12   0.034    -
> .0796721                                                
>            -.0030324
        tau5 |  -.0449067   .0242321    -1.85   0.064    -
> .0924008                                                
>             .0025874
        pre1 |    .020914   .0168922     1.24   0.216    -
> .0121941                                                
>             .0540221
        pre2 |   .0231526    .012712     1.82   0.069    -
> .0017626                                                
>             .0480677
        pre3 |   .0223925   .0117858     1.90   0.057    -
> .0007072                                                
>             .0454921
        pre4 |   .0215923   .0107333     2.01   0.044     
> .0005554                                                
>             .0426291
        pre5 |   .0217051   .0103845     2.09   0.037     
> .0013519                                                
>             .0420584
----------------------------------------------------------
> --------------------

 ( 1)  pre1 = 0
 ( 2)  pre2 = 0
 ( 3)  pre3 = 0
 ( 4)  pre4 = 0
 ( 5)  pre5 = 0

           chi2(  5) =    5.62
         Prob > chi2 =    0.3449

 ( 1)  tau0 = 0
 ( 2)  tau1 = 0
 ( 3)  tau2 = 0
 ( 4)  tau3 = 0
 ( 5)  tau4 = 0
 ( 6)  tau5 = 0

           chi2(  6) =   12.74
         Prob > chi2 =    0.0474
ATT (tau0):    -0.007  SE:     0.006  p =         .
Average post-treatment effect:    -0.028
Pretrend joint p-value:     0.345
Treatment joint p-value:     0.047
number of observations will be reset to 11
Press any key to continue, or Break to abort
Number of observations (_N) was 0, now 11.
(0 observations deleted)
file
    /Users/hhadah/Documents/GiT/residency-medicaid-expan
    > sion/output/figures/08-did_matched_per_100k_event.
    > png saved as PNG format
file
    /Users/hhadah/Documents/GiT/residency-medicaid-expan
    > sion/my_paper/figures/08-did_matched_per_100k_even
    > t.png saved as PNG format

==========================================================
> ===============
DID ANALYSIS: Residency Quota Positions per 100k Populatio
> n
Outcome variable: quota_per_100k
==========================================================
> ===============


                                                         N
> umber of obs                                            
>              = 8,590
----------------------------------------------------------
> --------------------
quota_p~100k | Coefficient  Std. err.      z    P>|z|     
> [95% con                                                
>         f. interval]
-------------+--------------------------------------------
> --------------------
        tau0 |  -.0067386   .0062624    -1.08   0.282    -
> .0190126                                                
>             .0055354
        tau1 |  -.0177484   .0091474    -1.94   0.052     
> -.035677                                                
>             .0001801
        tau2 |  -.0249151   .0108443    -2.30   0.022    -
> .0461695                                                
>            -.0036607
        tau3 |  -.0353858   .0140456    -2.52   0.012    -
> .0629147                                                
>            -.0078569
        tau4 |  -.0441661   .0206639    -2.14   0.033    -
> .0846667                                                
>            -.0036655
        tau5 |  -.0542766   .0284002    -1.91   0.056    -
> .1099399                                                
>             .0013867
        pre1 |   .0177813   .0175595     1.01   0.311    -
> .0166346                                                
>             .0521972
        pre2 |   .0203807   .0140607     1.45   0.147    -
> .0071777                                                
>              .047939
        pre3 |   .0200365   .0128896     1.55   0.120    -
> .0052267                                                
>             .0452997
        pre4 |   .0212955   .0120335     1.77   0.077    -
> .0022898                                                
>             .0448808
        pre5 |   .0199885    .011229     1.78   0.075    -
> .0020198                                                
>             .0419969
----------------------------------------------------------
> --------------------

 ( 1)  pre1 = 0
 ( 2)  pre2 = 0
 ( 3)  pre3 = 0
 ( 4)  pre4 = 0
 ( 5)  pre5 = 0

           chi2(  5) =    6.09
         Prob > chi2 =    0.2976

 ( 1)  tau0 = 0
 ( 2)  tau1 = 0
 ( 3)  tau2 = 0
 ( 4)  tau3 = 0
 ( 5)  tau4 = 0
 ( 6)  tau5 = 0

           chi2(  6) =   17.49
         Prob > chi2 =    0.0076
ATT (tau0):    -0.007  SE:     0.006  p =         .
Average post-treatment effect:    -0.031
Pretrend joint p-value:     0.298
Treatment joint p-value:     0.008
number of observations will be reset to 11
Press any key to continue, or Break to abort
Number of observations (_N) was 0, now 11.
(0 observations deleted)
file
    /Users/hhadah/Documents/GiT/residency-medicaid-expan
    > sion/output/figures/09-did_quota_per_100k_event.pn
    > g saved as PNG format
file
    /Users/hhadah/Documents/GiT/residency-medicaid-expan
    > sion/my_paper/figures/09-did_quota_per_100k_event.
    > png saved as PNG format

==========================================================
> ===============
DID ANALYSIS: Unmatched Residency Positions per 100k Popul
> ation
Outcome variable: unmatched_per_100k
==========================================================
> ===============


                                                         N
> umber of obs                                            
>              = 8,590
----------------------------------------------------------
> --------------------
unmatch~100k | Coefficient  Std. err.      z    P>|z|     
> [95% con                                                
>         f. interval]
-------------+--------------------------------------------
> --------------------
        tau0 |   .0000595   .0010996     0.05   0.957    -
> .0020956                                                
>             .0022146
        tau1 |   .0006841   .0013735     0.50   0.618    -
> .0020079                                                
>              .003376
        tau2 |  -.0021469   .0013365    -1.61   0.108    -
> .0047664                                                
>             .0004726
        tau3 |  -.0023543   .0013025    -1.81   0.071    -
> .0049071                                                
>             .0001985
        tau4 |  -.0028138   .0024258    -1.16   0.246    -
> .0075682                                                
>             .0019406
        tau5 |  -.0093699   .0049119    -1.91   0.056    -
> .0189971                                                
>             .0002573
        pre1 |  -.0031327   .0021061    -1.49   0.137    -
> .0072605                                                
>             .0009952
        pre2 |  -.0027719   .0023991    -1.16   0.248    -
> .0074741                                                
>             .0019302
        pre3 |   -.002356   .0022143    -1.06   0.287    -
> .0066959                                                
>             .0019839
        pre4 |  -.0002967   .0024426    -0.12   0.903    -
> .0050842                                                
>             .0044907
        pre5 |  -.0017166   .0033304    -0.52   0.606     
> -.008244                                                
>             .0048109
----------------------------------------------------------
> --------------------

 ( 1)  pre1 = 0
 ( 2)  pre2 = 0
 ( 3)  pre3 = 0
 ( 4)  pre4 = 0
 ( 5)  pre5 = 0

           chi2(  5) =    5.66
         Prob > chi2 =    0.3411

 ( 1)  tau0 = 0
 ( 2)  tau1 = 0
 ( 3)  tau2 = 0
 ( 4)  tau3 = 0
 ( 5)  tau4 = 0
 ( 6)  tau5 = 0

           chi2(  6) =   11.08
         Prob > chi2 =    0.0859
ATT (tau0):     0.000  SE:     0.001  p =         .
Average post-treatment effect:    -0.003
Pretrend joint p-value:     0.341
Treatment joint p-value:     0.086
number of observations will be reset to 11
Press any key to continue, or Break to abort
Number of observations (_N) was 0, now 11.
(0 observations deleted)
file
    /Users/hhadah/Documents/GiT/residency-medicaid-expan
    > sion/output/figures/10-did_unmatched_per_100k_even
    > t.png saved as PNG format
file
    /Users/hhadah/Documents/GiT/residency-medicaid-expan
    > sion/my_paper/figures/10-did_unmatched_per_100k_ev
    > ent.png saved as PNG format

. 
. postclose `did_results'

. 
. use "`did_results_file'", clear

. order outcome coef se tstat pvalue avg_treat pretrend_p 
> treat_p n_programs n_states

. save "${tabdir}/did_summary_residency.dta", replace
file
    /Users/hhadah/Documents/GiT/residency-medicaid-expan
    > sion/output/tables/did_summary_residency.dta saved

. export delimited using "${tabdir}/did_summary_residency.
> csv", replace
file /Users/hhadah/Documents/GiT/residency-medicaid-expans
> ion/output/tables/did_summary_residency.csv saved

. 
. di ""


. di "====================================================
> =============="
==========================================================
> ========

. di "Difference-in-differences estimates completed for qu
> ota/matched/unmatched."
Difference-in-differences estimates completed for quota/ma
> tched/unmatched.

. di "Summary table:"
Summary table:

. di "  - ${tabdir}/did_summary_residency.dta"
  - /Users/hhadah/Documents/GiT/residency-medicaid-expansi
> on/output/tables/did_summary_residency.dta

. di "  - ${tabdir}/did_summary_residency.csv"
  - /Users/hhadah/Documents/GiT/residency-medicaid-expansi
> on/output/tables/did_summary_residency.csv

. di "Figures:"
Figures:

. di "  - ${figdir}/did_*_event.png (and LaTeX copies)"
  - /Users/hhadah/Documents/GiT/residency-medicaid-expansi
> on/output/figures/did_*_event.png (and LaTeX copies)

. di "====================================================
> =============="
==========================================================
> ========

. 
end of do-file

. do "/var/folders/yk/l30p1rcd2fsfx74wfvs62cmh0000gn/T//SD
> 81114.000000"

. * ======================================================
> =======================
. * Difference-in-Differences Analysis by Specialty Group
. * Outcomes: quota, matched, unmatched (quota - matched)
. * Event-study plotting follows prior scheme (pre/post sh
> ading + bands)
. * ======================================================
> =======================
. 
. cls

. clear all

. set more off

. 
. * ------------------------------------------------------
> -------------------
. * Define paths
. * ------------------------------------------------------
> -------------------
. global topdir "/Users/hhadah/Documents/GiT/residency-med
> icaid-expansion"

. global datadir "${topdir}/data/datasets"

. global raw "${topdir}/data/raw"

. global figdir "${topdir}/output/figures"

. global tabdir "${topdir}/output/tables"

. global latex_figdir "${topdir}/my_paper/figures"

. 
. * Open log file
. log using "${topdir}/output/06-did-analysis-byspeciality
> .log", replace
log file already open
r(604);

end of do-file

r(604);

. log close
      name:  <unnamed>
       log:  /Users/hhadah/Documents/GiT/residency-medicai
> d-expansion/output/00-master-analysis.log
  log type:  text
 closed on:  27 Jan 2026, 19:12:25
----------------------------------------------------------
