----------------------------------------------------------
      name:  <unnamed>
       log:  /Users/hhadah/Documents/GiT/residency-medicai
> d-expansion/output/10-dd-analysis-hetero-unweighted.log
  log type:  text
 opened on:  27 Jan 2026, 19:44:20

. 
. cap mkdir "${figdir}"

. cap mkdir "${tabdir}"

. cap mkdir "${latex_figdir}"

. 
. * ------------------------------------------------------
> -------------------
. * Load cleaned data (produced by 02-data-cleaning.R)
. * ------------------------------------------------------
> -------------------
. use "${datadir}/cleaned_program_residency_medicaid.dta",
>  clear

. 
. *=======================================================
> ========================
. * Data Setup
. *=======================================================
> ========================
. 
. * Panel identifiers
. egen program_numeric_id = group(state institution_code)

. encode state, gen(state_id)

. 
. xtset program_numeric_id year

Panel variable: program_numeric_id (strongly balanced)
 Time variable: year, 2010 to 2019
         Delta: 1 unit

. 
. * Create urban/rural group based on rural_urban_2010
. * 0 = Urban (RUCA codes 1, 2, 3), 1 = Rural (RUCA codes 
> > 3)
. gen urban_rural = (rural_urban_2010 > 3) if !missing(rur
> al_urban_2010)
(220 missing values generated)

. label define urban_rural_lab 0 "Urban" 1 "Rural"

. label values urban_rural urban_rural_lab

. 
. * Keep only observations with non-missing group
. keep if !missing(urban_rural)
(220 observations deleted)

. 
. * Display basic information
. describe rural_urban_2010 urban_rural

Variable      Storage   Display    Value
    name         type    format    label      Variable lab
> el
----------------------------------------------------------
rural_urba~2010 double  %10.0g                
urban_rural     float   %9.0g      urban_rural_lab
                                              

. tab urban_rural, missing

urban_rural |      Freq.     Percent        Cum.
------------+-----------------------------------
      Urban |      7,810       93.31       93.31
      Rural |        560        6.69      100.00
------------+-----------------------------------
      Total |      8,370      100.00

. di "Urban/Rural coding: 0 = Urban (RUCA 1-3), 1 = Rural 
> (RUCA > 3)"
Urban/Rural coding: 0 = Urban (RUCA 1-3), 1 = Rural (RUCA 
> > 3)

. 
. * ------------------------------------------------------
> -------------------
. * Outcomes and labels
. * ------------------------------------------------------
> -------------------
. global outcomes "quota matched unmatched matched_per_100
> k quota_per_100k unmatched_per_100k"

. global label_quota     "Residency Quota Positions"

. global label_matched   "Matched Residency Positions"

. global label_unmatched "Unmatched Residency Positions"

. global label_quota_per_100k "Residency Quota Positions p
> er 100k Population"

. global label_matched_per_100k "Matched Residency Positio
> ns per 100k Population"

. global label_unmatched_per_100k "Unmatched Residency Pos
> itions per 100k Population"

. 
. global short_quota     "quota"

. global short_matched   "matched"

. global short_unmatched "unmatched"

. global short_quota_per_100k "quota_per_100k"

. global short_matched_per_100k "matched_per_100k"

. global short_unmatched_per_100k "unmatched_per_100k"

. 
. *=======================================================
> ========================
. * Heterogeneity Analysis - Urban vs Rural (UNWEIGHTED)
. *=======================================================
> ========================
. 
. di ""


. di "====================================================
> ====================="
==========================================================
> ===============

. di "HETEROGENEITY ANALYSIS (UNWEIGHTED): By Urban/Rural 
> Classification"
HETEROGENEITY ANALYSIS (UNWEIGHTED): By Urban/Rural Classi
> fication

. di "Urban (RUCA 1-3) vs Rural (RUCA > 3)"
Urban (RUCA 1-3) vs Rural (RUCA > 3)

. di "====================================================
> ====================="
==========================================================
> ===============

. di ""


. 
. local plotnum = 227

. 
. foreach outcome of global outcomes {
  2.     
.     capture confirm variable `outcome'
  3.     if _rc != 0 {
  4.         di as error "Outcome `outcome' not found. Ski
> pping."
  5.         continue
  6.     }
  7.     
.     quietly count if urban_rural == 0 & treated_state ==
>  1 & !missing(`outcome')
  8.     if (r(N) == 0) {
  9.         di as error "Outcome `outcome': no treated ur
> ban observations."
 10.         continue
 11.     }
 12.     
.     quietly count if urban_rural == 1 & treated_state ==
>  1 & !missing(`outcome')
 13.     if (r(N) == 0) {
 14.         di as error "Outcome `outcome': no treated ru
> ral observations."
 15.         continue
 16.     }
 17.     
.     di ""
 18.     di "=============================================
> ============================"
 19.     di "HETEROGENEITY ANALYSIS (UNWEIGHTED): ${label_
> `outcome'}"
 20.     di "Outcome variable: `outcome'"
 21.     di "=============================================
> ============================"
 22.     di ""
 23.     
.     * Run did_imputation with heterogeneous effects by u
> rban/rural (0 = urban, 1 = rural), UNWEIGHTED
.     capture noisily did_imputation `outcome' program_num
> eric_id year year_expanded, ///
>         horizons(0/5) pretrend(5) ///
>         cluster(state_id) ///
>         hetby(urban_rural) ///
>         fe(program_numeric_id year) ///
>         minn(0) autosample
 24.     
.     if (_rc != 0) {
 25.         di as error "did_imputation failed for outcom
> e `outcome'. Error code `_rc'."
 26.         continue
 27.     }
 28.     
.     * =====================
.     * Post-treatment averages and p-value tests
.     * =====================
.     * Test pretrend assumption
.     test pre1 pre2 pre3 pre4 pre5
 29.     local pretrend_p = r(p)
 30. 
.     * Calculate average effects for both groups
.     local avg_urban = (_b[tau0_0] + _b[tau1_0] + _b[tau2
> _0] + _b[tau3_0] + _b[tau4_0] + _b[tau5_0])/6
 31.     local avg_rural = (_b[tau0_1] + _b[tau1_1] + _b[t
> au2_1] + _b[tau3_1] + _b[tau4_1] + _b[tau5_1])/6
 32.     local avg_diff = `avg_rural' - `avg_urban'
 33. 
.     * Test difference in post averages and get p-value
.     testnl ((_b[tau0_1] + _b[tau1_1] + _b[tau2_1] + _b[t
> au3_1] + _b[tau4_1] + _b[tau5_1])/6) - ((_b[tau0_0] + _b
> [tau1_0] + _b[tau2_0] + _b[tau3_0] + _b[tau4_0] + _b[tau
> 5_0])/6) = 0
 34.     local avg_diff_p = r(p)
 35. 
.     * Joint test of heterogeneity across all periods
.     test (tau0_0 = tau0_1) (tau1_0 = tau1_1) (tau2_0 = t
> au2_1) (tau3_0 = tau3_1) (tau4_0 = tau4_1) (tau5_0 = tau
> 5_1)
 36.     local joint_het_p = r(p)
 37. 
.     * Test individual group significance (joint test for
>  post-treatment effects)
.     test tau0_0 tau1_0 tau2_0 tau3_0 tau4_0 tau5_0
 38.     local urban_p = r(p)
 39.     test tau0_1 tau1_1 tau2_1 tau3_1 tau4_1 tau5_1
 40.     local rural_p = r(p)
 41. 
.     * Calculate baseline means (pre-treatment observatio
> ns in treated states, UNWEIGHTED)
.     quietly summarize `outcome' if urban_rural == 0 & tr
> eated_state == 1 & year < year_expanded
 42.     local baseline_urban = r(mean)
 43.     if missing(`baseline_urban') | `baseline_urban' =
> = 0 {
 44.         local baseline_urban = 1
 45.     }
 46.     
.     quietly summarize `outcome' if urban_rural == 1 & tr
> eated_state == 1 & year < year_expanded
 47.     local baseline_rural = r(mean)
 48.     if missing(`baseline_rural') | `baseline_rural' =
> = 0 {
 49.         local baseline_rural = 1
 50.     }
 51.     
.     local pct_urban = (`avg_urban' / `baseline_urban') *
>  100
 52.     local pct_rural = (`avg_rural' / `baseline_rural'
> ) * 100
 53.     if `pct_urban' < -100 local pct_urban = -100
 54.     if `pct_rural' < -100 local pct_rural = -100
 55. 
.     * Store values in locals for annotation
.     local text_urban = string(`avg_urban', "%9.2f")
 56.     local text_rural = string(`avg_rural', "%9.2f")
 57.     local text_urban_p = string(`urban_p', "%9.2f")
 58.     local text_rural_p = string(`rural_p', "%9.2f")
 59.     local text_het = string(`joint_het_p', "%9.2f")
 60.     local text_avg_diff = string(`avg_diff', "%9.2f")
 61.     local text_avg_diff_p = string(`avg_diff_p', "%9.
> 2f")
 62.     local text_baseline_urban = string(`baseline_urba
> n', "%9.2f")
 63.     local text_baseline_rural = string(`baseline_rura
> l', "%9.2f")
 64.     local text_pct_urban = string(`pct_urban', "%9.1f
> ")
 65.     local text_pct_rural = string(`pct_rural', "%9.1f
> ")
 66.     
.     di "Average urban effect: " %9.3f `avg_urban' " (p =
>  " %9.3f `urban_p' ")"
 67.     di "Average rural effect: " %9.3f `avg_rural' " (
> p = " %9.3f `rural_p' ")"
 68.     di "Difference (rural - urban): " %9.3f `avg_diff
> ' " (p = " %9.3f `avg_diff_p' ")"
 69.     di "Joint heterogeneity test p-value: " %9.3f `jo
> int_het_p'
 70.     di "Pretrend joint p-value: " %9.3f `pretrend_p'
 71. 
.     * =====================
.     * Plotting with annotation
.     * =====================
.     * Create matrices for both groups (0 = urban, 1 = ru
> ral)
.     matrix urban = J(11, 5, .)  // 5 pretrends + 6 treat
> ment periods
 72.     matrix rural = J(11, 5, .)
 73.     matrix colnames urban = period coef se ci_upper c
> i_lower
 74.     matrix colnames rural = period coef se ci_upper c
> i_lower
 75.     
.     local row = 1
 76.     
.     * Pretrend coefficients (same for both groups)
.     forval h = 5(-1)1 {
 77.         * Urban counties
.         matrix urban[`row',1] = -`h'
 78.         matrix urban[`row',2] = _b[pre`h']
 79.         matrix urban[`row',3] = _se[pre`h']
 80.         matrix urban[`row',4] = _b[pre`h'] + 1.96*_se
> [pre`h']
 81.         matrix urban[`row',5] = _b[pre`h'] - 1.96*_se
> [pre`h']
 82.         
.         * Rural counties (same pretrends)
.         matrix rural[`row',1] = -`h'
 83.         matrix rural[`row',2] = _b[pre`h']
 84.         matrix rural[`row',3] = _se[pre`h']  
 85.         matrix rural[`row',4] = _b[pre`h'] + 1.96*_se
> [pre`h']
 86.         matrix rural[`row',5] = _b[pre`h'] - 1.96*_se
> [pre`h']
 87.         
.         local ++row
 88.     }
 89.     
.     * Treatment coefficients - separate by group
.     forval h = 0/5 {
 90.         * Urban (tau_0)
.         matrix urban[`row',1] = `h'
 91.         matrix urban[`row',2] = _b[tau`h'_0]
 92.         matrix urban[`row',3] = _se[tau`h'_0]
 93.         matrix urban[`row',4] = _b[tau`h'_0] + 1.96*_
> se[tau`h'_0]
 94.         matrix urban[`row',5] = _b[tau`h'_0] - 1.96*_
> se[tau`h'_0]
 95.         
.         * Rural (tau_1)
.         matrix rural[`row',1] = `h'
 96.         matrix rural[`row',2] = _b[tau`h'_1]
 97.         matrix rural[`row',3] = _se[tau`h'_1]
 98.         matrix rural[`row',4] = _b[tau`h'_1] + 1.96*_
> se[tau`h'_1]
 99.         matrix rural[`row',5] = _b[tau`h'_1] - 1.96*_
> se[tau`h'_1]
100.         
.         local ++row
101.     }
102.     
.     * Convert matrices to variables for plotting
.     preserve
103.     clear
104.     svmat urban, names(urb)
105.     svmat rural, names(rur)
106.     
.     * Rename variables
.     rename urb1 urb_period
107.     rename urb2 urb_coef  
108.     rename urb3 urb_se
109.     rename urb4 urb_ci_upper
110.     rename urb5 urb_ci_lower
111.     
.     rename rur1 rur_period
112.     rename rur2 rur_coef
113.     rename rur3 rur_se  
114.     rename rur4 rur_ci_upper
115.     rename rur5 rur_ci_lower
116.     
.     * Create pre/post indicators for plotting
.     gen urb_pre = (urb_period < 0)
117.     gen urb_post = (urb_period >= 0)
118.     gen rur_pre = (rur_period < 0)  
119.     gen rur_post = (rur_period >= 0)
120. 
.     * Calculate dynamic annotation coordinates using max
> imum upper confidence intervals from both groups
.     quietly summarize urb_ci_upper
121.     local max1 = r(max)
122.     quietly summarize rur_ci_upper
123.     local max2 = r(max) 
124.     local y_annot = max(`max1', `max2')
125.     local x_annot = -4
126.     
.     local short = "${short_`outcome'}"
127.     local label = "${label_`outcome'}"
128.     if ("`label'" == "") {
129.         local label = "`outcome'"
130.     }
131.     local prefix : display %02.0f `plotnum'
132.     local ytitle_str "Treatment Effect (difference-in
> -differences)"
133.     local plot_title "Heterogeneity (Unweighted): Urb
> an vs Rural - `label'"
134.     
.     * Adjust for per 100k outcomes
.     if (strpos("`short'", "_100k") > 0) {
135.         local ytitle_str "Treatment Effect (per 100,0
> 00 population)"
136.         local x_annot = -4
137.     }
138.     
.     * Create combined plot using twoway, with annotation
.     twoway (rarea urb_ci_upper urb_ci_lower urb_period i
> f urb_pre, fcolor("31 119 180%20") lcolor("31 119 180%20
> ") lwidth(none)) ///
>            (rarea urb_ci_upper urb_ci_lower urb_period i
> f urb_post, fcolor("31 119 180%20") lcolor("31 119 180%2
> 0") lwidth(none)) ///
>            (rarea rur_ci_upper rur_ci_lower rur_period i
> f rur_pre, fcolor("255 127 14%25") lcolor("255 127 14%25
> ") lwidth(none)) ///
>            (rarea rur_ci_upper rur_ci_lower rur_period i
> f rur_post, fcolor("255 127 14%25") lcolor("255 127 14%2
> 5") lwidth(none)) ///
>            (line urb_coef urb_period if urb_pre, lcolor(
> "31 119 180") lwidth(medium) lpattern(solid)) ///
>            (line urb_coef urb_period if urb_post, lcolor
> ("31 119 180") lwidth(medium) lpattern(solid)) ///
>            (line rur_coef rur_period if rur_pre, lcolor(
> "255 127 14") lwidth(medium) lpattern(dash)) ///
>            (line rur_coef rur_period if rur_post, lcolor
> ("255 127 14") lwidth(medium) lpattern(dash)) ///
>            (scatter urb_coef urb_period if urb_pre, mcol
> or("31 119 180") msize(medium) msymbol(circle)) ///
>            (scatter urb_coef urb_period if urb_post, mco
> lor("31 119 180") msize(medium) msymbol(circle)) ///
>            (scatter rur_coef rur_period if rur_pre, mcol
> or("255 127 14") msize(medium) msymbol(triangle)) ///
>            (scatter rur_coef rur_period if rur_post, mco
> lor("255 127 14") msize(medium) msymbol(triangle)) ///
>            , ///
>            xline(-0.5, lcolor(black) lpattern(solid) lwi
> dth(thin)) ///
>            yline(0, lcolor(black) lpattern(solid) lwidth
> (thin)) ///
>            xlabel(-5(1)5, labsize(small)) ///
>            ylabel(#10, labsize(small) format(%9.2f)) ///
>            xtitle("Years relative to Medicaid expansion"
> , size(small)) ///
>            ytitle("`ytitle_str'", size(small)) ///
>            title("`plot_title'", size(medium)) ///
>            legend(order(9 11) label(9 "Urban (RUCA 1-3)"
> ) label(11 "Rural (RUCA > 3)") ///
>                position(6) rows(1) size(small)) ///
>            text(`y_annot' `x_annot' `"Urban Baseline: `t
> ext_baseline_urban' | Effect: `text_urban' (`text_pct_ur
> ban'%, p=`text_urban_p')"' `"Rural Baseline: `text_basel
> ine_rural' | Effect: `text_rural' (`text_pct_rural'%, p=
> `text_rural_p')"' `"Difference: `text_avg_diff' (p=`text
> _avg_diff_p')"', size(small)) ///
>            graphregion(color(white)) plotregion(color(wh
> ite)) ///
>            note("Vertical line at period 0 indicates Med
> icaid expansion" ///
>                 "Blue (solid): Urban counties (RUCA 1-3)
> , Orange (dashed): Rural counties (RUCA > 3)", size(vsma
> ll))
139.     
.     graph export "${figdir}/`prefix'-hetero_urbanrural_`
> short'_event_unweighted.png", as(png) replace width(1200
> ) height(800)
140.     graph export "${latex_figdir}/`prefix'-hetero_urb
> anrural_`short'_event_unweighted.png", as(png) replace w
> idth(1200) height(800)
141.     
.     restore
142.     local ++plotnum
143. }

==========================================================
> ===============
HETEROGENEITY ANALYSIS (UNWEIGHTED): Residency Quota Posit
> ions
Outcome variable: quota
==========================================================
> ===============


                                                         N
> umber of obs                                            
>              = 8,370
----------------------------------------------------------
> --------------------
       quota | Coefficient  Std. err.      z    P>|z|     
> [95% con                                                
>         f. interval]
-------------+--------------------------------------------
> --------------------
      tau0_0 |  -.1644938   .5635876    -0.29   0.770    -
> 1.269105                                                
>             .9401176
      tau0_1 |  -3.111771   .5295455    -5.88   0.000    -
> 4.149661                                                
>            -2.073881
      tau1_0 |  -1.215848   .7791168    -1.56   0.119    -
> 2.742889                                                
>             .3111927
      tau1_1 |   -4.09496   .7523583    -5.44   0.000    -
> 5.569555                                                
>            -2.620364
      tau2_0 |  -2.149222   1.015721    -2.12   0.034    -
> 4.139998                                                
>            -.1584461
      tau2_1 |  -5.394845   .9962006    -5.42   0.000    -
> 7.347363                                                
>            -3.442328
      tau3_0 |   -3.24883   1.361954    -2.39   0.017    -
> 5.918211                                                
>             -.579449
      tau3_1 |  -6.693696   1.383074    -4.84   0.000     
> -9.40447                                                
>            -3.982921
      tau4_0 |  -3.951108   2.013787    -1.96   0.050    -
> 7.898058                                                
>            -.0041578
      tau4_1 |  -6.386371   2.238815    -2.85   0.004    -
> 10.77437                                                
>            -1.998374
      tau5_0 |  -4.879022   2.747143    -1.78   0.076    -
> 10.26332                                                
>             .5052794
      tau5_1 |  -6.592458   3.058458    -2.16   0.031    -
> 12.58692                                                
>            -.5979907
        pre1 |  -1.951127    1.20505    -1.62   0.105    -
> 4.312981                                                
>             .4107282
        pre2 |  -2.001905   1.080406    -1.85   0.064    -
> 4.119461                                                
>             .1156518
        pre3 |  -2.039429   1.069666    -1.91   0.057    -
> 4.135935                                                
>             .0570768
        pre4 |  -1.663722   1.035086    -1.61   0.108    -
> 3.692453                                                
>             .3650092
        pre5 |  -.9376992   .8016543    -1.17   0.242    -
> 2.508913                                                
>             .6335143
----------------------------------------------------------
> --------------------

 ( 1)  pre1 = 0
 ( 2)  pre2 = 0
 ( 3)  pre3 = 0
 ( 4)  pre4 = 0
 ( 5)  pre5 = 0

           chi2(  5) =   12.33
         Prob > chi2 =    0.0305

  (1)  ((_b[tau0_1] + _b[tau1_1] + _b[tau2_1] + _b[tau3_1]
>  + _b[tau4_1] + _b[tau5_1])/6) - ((_b[tau0_0] + _b[tau1_
> 0] + _b[tau2_0] + _b[tau3_0] + _b[tau4_0] + _b[tau5_0])/
> 6) = 0

               chi2(1) =       15.85
           Prob > chi2 =        0.0001

 ( 1)  tau0_0 - tau0_1 = 0
 ( 2)  tau1_0 - tau1_1 = 0
 ( 3)  tau2_0 - tau2_1 = 0
 ( 4)  tau3_0 - tau3_1 = 0
 ( 5)  tau4_0 - tau4_1 = 0
 ( 6)  tau5_0 - tau5_1 = 0

           chi2(  6) =   64.59
         Prob > chi2 =    0.0000

 ( 1)  tau0_0 = 0
 ( 2)  tau1_0 = 0
 ( 3)  tau2_0 = 0
 ( 4)  tau3_0 = 0
 ( 5)  tau4_0 = 0
 ( 6)  tau5_0 = 0

           chi2(  6) =   19.93
         Prob > chi2 =    0.0029

 ( 1)  tau0_1 = 0
 ( 2)  tau1_1 = 0
 ( 3)  tau2_1 = 0
 ( 4)  tau3_1 = 0
 ( 5)  tau4_1 = 0
 ( 6)  tau5_1 = 0

           chi2(  6) =   48.50
         Prob > chi2 =    0.0000
Average urban effect:    -2.601 (p =     0.003)
Average rural effect:    -5.379 (p =     0.000)
Difference (rural - urban):    -2.778 (p =     0.000)
Joint heterogeneity test p-value:     0.000
Pretrend joint p-value:     0.030
number of observations will be reset to 11
Press any key to continue, or Break to abort
Number of observations (_N) was 0, now 11.
file
    /Users/hhadah/Documents/GiT/residency-medicaid-expan
    > sion/output/figures/227-hetero_urbanrural_quota_ev
    > ent_unweighted.png saved as PNG format
file
    /Users/hhadah/Documents/GiT/residency-medicaid-expan
    > sion/my_paper/figures/227-hetero_urbanrural_quota_
    > event_unweighted.png saved as PNG format

==========================================================
> ===============
HETEROGENEITY ANALYSIS (UNWEIGHTED): Matched Residency Pos
> itions
Outcome variable: matched
==========================================================
> ===============


                                                         N
> umber of obs                                            
>              = 8,370
----------------------------------------------------------
> --------------------
     matched | Coefficient  Std. err.      z    P>|z|     
> [95% con                                                
>         f. interval]
-------------+--------------------------------------------
> --------------------
      tau0_0 |  -.1540944   .5677541    -0.27   0.786    -
> 1.266872                                                
>             .9586832
      tau0_1 |  -3.247623   .4899829    -6.63   0.000    -
> 4.207972                                                
>            -2.287275
      tau1_0 |  -1.322178    .733915    -1.80   0.072    -
> 2.760625                                                
>             .1162688
      tau1_1 |  -4.113742   .7553672    -5.45   0.000    -
> 5.594234                                                
>            -2.633249
      tau2_0 |  -1.854461   1.007741    -1.84   0.066    -
> 3.829597                                                
>              .120676
      tau2_1 |  -5.401519   .9850386    -5.48   0.000    -
> 7.332159                                                
>            -3.470879
      tau3_0 |  -2.937557   1.273781    -2.31   0.021    -
> 5.434122                                                
>            -.4409918
      tau3_1 |   -6.55286   1.352551    -4.84   0.000    -
> 9.203811                                                
>             -3.90191
      tau4_0 |  -3.596519   1.721871    -2.09   0.037    -
> 6.971325                                                
>            -.2217138
      tau4_1 |  -6.511376   1.955848    -3.33   0.001    -
> 10.34477                                                
>            -2.677984
      tau5_0 |  -3.763909   2.221725    -1.69   0.090    -
> 8.118411                                                
>             .5905918
      tau5_1 |  -6.602685   2.519225    -2.62   0.009    -
> 11.54028                                                
>            -1.665095
        pre1 |  -1.576471   1.198556    -1.32   0.188    -
> 3.925598                                                
>             .7726551
        pre2 |  -1.693384   1.108413    -1.53   0.127    -
> 3.865833                                                
>             .4790647
        pre3 |  -1.774764   1.106619    -1.60   0.109    -
> 3.943698                                                
>             .3941697
        pre4 |  -1.630934   1.054429    -1.55   0.122    -
> 3.697577                                                
>             .4357102
        pre5 |  -.7377721   .9753403    -0.76   0.449    -
> 2.649404                                                
>              1.17386
----------------------------------------------------------
> --------------------

 ( 1)  pre1 = 0
 ( 2)  pre2 = 0
 ( 3)  pre3 = 0
 ( 4)  pre4 = 0
 ( 5)  pre5 = 0

           chi2(  5) =   11.42
         Prob > chi2 =    0.0436

  (1)  ((_b[tau0_1] + _b[tau1_1] + _b[tau2_1] + _b[tau3_1]
>  + _b[tau4_1] + _b[tau5_1])/6) - ((_b[tau0_0] + _b[tau1_
> 0] + _b[tau2_0] + _b[tau3_0] + _b[tau4_0] + _b[tau5_0])/
> 6) = 0

               chi2(1) =       22.27
           Prob > chi2 =        0.0000

 ( 1)  tau0_0 - tau0_1 = 0
 ( 2)  tau1_0 - tau1_1 = 0
 ( 3)  tau2_0 - tau2_1 = 0
 ( 4)  tau3_0 - tau3_1 = 0
 ( 5)  tau4_0 - tau4_1 = 0
 ( 6)  tau5_0 - tau5_1 = 0

           chi2(  6) =  106.89
         Prob > chi2 =    0.0000

 ( 1)  tau0_0 = 0
 ( 2)  tau1_0 = 0
 ( 3)  tau2_0 = 0
 ( 4)  tau3_0 = 0
 ( 5)  tau4_0 = 0
 ( 6)  tau5_0 = 0

           chi2(  6) =   21.85
         Prob > chi2 =    0.0013

 ( 1)  tau0_1 = 0
 ( 2)  tau1_1 = 0
 ( 3)  tau2_1 = 0
 ( 4)  tau3_1 = 0
 ( 5)  tau4_1 = 0
 ( 6)  tau5_1 = 0

           chi2(  6) =   58.78
         Prob > chi2 =    0.0000
Average urban effect:    -2.271 (p =     0.001)
Average rural effect:    -5.405 (p =     0.000)
Difference (rural - urban):    -3.134 (p =     0.000)
Joint heterogeneity test p-value:     0.000
Pretrend joint p-value:     0.044
number of observations will be reset to 11
Press any key to continue, or Break to abort
Number of observations (_N) was 0, now 11.
file
    /Users/hhadah/Documents/GiT/residency-medicaid-expan
    > sion/output/figures/228-hetero_urbanrural_matched_
    > event_unweighted.png saved as PNG format
file
    /Users/hhadah/Documents/GiT/residency-medicaid-expan
    > sion/my_paper/figures/228-hetero_urbanrural_matche
    > d_event_unweighted.png saved as PNG format

==========================================================
> ===============
HETEROGENEITY ANALYSIS (UNWEIGHTED): Unmatched Residency P
> ositions
Outcome variable: unmatched
==========================================================
> ===============


                                                         N
> umber of obs                                            
>              = 8,370
----------------------------------------------------------
> --------------------
   unmatched | Coefficient  Std. err.      z    P>|z|     
> [95% con                                                
>         f. interval]
-------------+--------------------------------------------
> --------------------
      tau0_0 |     -.0104   .1317371    -0.08   0.937     
>   -.2686                                                
>             .2477999
      tau0_1 |   .1358521   .1983875     0.68   0.493    -
> .2529802                                                
>             .5246845
      tau1_0 |     .10633   .1647526     0.65   0.519    -
> .2165792                                                
>             .4292393
      tau1_1 |   .0187823   .1419859     0.13   0.895     
> -.259505                                                
>             .2970697
      tau2_0 |  -.2947627   .1498034    -1.97   0.049    -
> .5883719                                                
>            -.0011535
      tau2_1 |    .006674   .1931227     0.03   0.972    -
> .3718396                                                
>             .3851875
      tau3_0 |  -.3112733   .1856548    -1.68   0.094     
>  -.67515                                                
>             .0526033
      tau3_1 |  -.1408356   .1604326    -0.88   0.380    -
> .4552777                                                
>             .1736065
      tau4_0 |  -.3545908     .33531    -1.06   0.290    -
> 1.011786                                                
>             .3026048
      tau4_1 |   .1250046   .3817703     0.33   0.743    -
> .6232515                                                
>             .8732607
      tau5_0 |  -1.115113   .5785006    -1.93   0.054    -
> 2.248953                                                
>             .0187272
      tau5_1 |    .010227   .7674995     0.01   0.989    -
> 1.494044                                                
>             1.514498
        pre1 |   -.374655   .1811984    -2.07   0.039    -
> .7297973                                                
>            -.0195127
        pre2 |  -.3085204    .181777    -1.70   0.090    -
> .6647967                                                
>              .047756
        pre3 |  -.2646649   .1590142    -1.66   0.096     
> -.576327                                                
>             .0469971
        pre4 |  -.0327883   .1854051    -0.18   0.860    -
> .3961757                                                
>             .3305991
        pre5 |  -.1999271   .2511016    -0.80   0.426    -
> .6920772                                                
>              .292223
----------------------------------------------------------
> --------------------

 ( 1)  pre1 = 0
 ( 2)  pre2 = 0
 ( 3)  pre3 = 0
 ( 4)  pre4 = 0
 ( 5)  pre5 = 0

           chi2(  5) =    6.30
         Prob > chi2 =    0.2784

  (1)  ((_b[tau0_1] + _b[tau1_1] + _b[tau2_1] + _b[tau3_1]
>  + _b[tau4_1] + _b[tau5_1])/6) - ((_b[tau0_0] + _b[tau1_
> 0] + _b[tau2_0] + _b[tau3_0] + _b[tau4_0] + _b[tau5_0])/
> 6) = 0

               chi2(1) =        4.78
           Prob > chi2 =        0.0288

 ( 1)  tau0_0 - tau0_1 = 0
 ( 2)  tau1_0 - tau1_1 = 0
 ( 3)  tau2_0 - tau2_1 = 0
 ( 4)  tau3_0 - tau3_1 = 0
 ( 5)  tau4_0 - tau4_1 = 0
 ( 6)  tau5_0 - tau5_1 = 0

           chi2(  6) =   23.30
         Prob > chi2 =    0.0007

 ( 1)  tau0_0 = 0
 ( 2)  tau1_0 = 0
 ( 3)  tau2_0 = 0
 ( 4)  tau3_0 = 0
 ( 5)  tau4_0 = 0
 ( 6)  tau5_0 = 0

           chi2(  6) =   28.53
         Prob > chi2 =    0.0001

 ( 1)  tau0_1 = 0
 ( 2)  tau1_1 = 0
 ( 3)  tau2_1 = 0
 ( 4)  tau3_1 = 0
 ( 5)  tau4_1 = 0
 ( 6)  tau5_1 = 0

           chi2(  6) =    2.91
         Prob > chi2 =    0.8198
Average urban effect:    -0.330 (p =     0.000)
Average rural effect:     0.026 (p =     0.820)
Difference (rural - urban):     0.356 (p =     0.029)
Joint heterogeneity test p-value:     0.001
Pretrend joint p-value:     0.278
number of observations will be reset to 11
Press any key to continue, or Break to abort
Number of observations (_N) was 0, now 11.
file
    /Users/hhadah/Documents/GiT/residency-medicaid-expan
    > sion/output/figures/229-hetero_urbanrural_unmatche
    > d_event_unweighted.png saved as PNG format
file
    /Users/hhadah/Documents/GiT/residency-medicaid-expan
    > sion/my_paper/figures/229-hetero_urbanrural_unmatc
    > hed_event_unweighted.png saved as PNG format

==========================================================
> ===============
HETEROGENEITY ANALYSIS (UNWEIGHTED): Matched Residency Pos
> itions per 100k Population
Outcome variable: matched_per_100k
==========================================================
> ===============


                                                         N
> umber of obs                                            
>              = 8,370
----------------------------------------------------------
> --------------------
matched~100k | Coefficient  Std. err.      z    P>|z|     
> [95% con                                                
>         f. interval]
-------------+--------------------------------------------
> --------------------
      tau0_0 |    .005042   .0176829     0.29   0.776     
> -.029616                                                
>             .0396999
      tau0_1 |  -.0408701    .014833    -2.76   0.006    -
> .0699422                                                
>            -.0117981
      tau1_0 |  -.0131223   .0201347    -0.65   0.515    -
> .0525857                                                
>             .0263411
      tau1_1 |  -.0321538   .0367898    -0.87   0.382    -
> .1042605                                                
>             .0399529
      tau2_0 |  -.0170492   .0168618    -1.01   0.312    -
> .0500978                                                
>             .0159994
      tau2_1 |  -.0487186   .0293448    -1.66   0.097    -
> .1062334                                                
>             .0087962
      tau3_0 |  -.0240624   .0203869    -1.18   0.238     
>  -.06402                                                
>             .0158951
      tau3_1 |  -.0414018   .0406712    -1.02   0.309     
> -.121116                                                
>             .0383124
      tau4_0 |  -.0341587   .0266964    -1.28   0.201    -
> .0864827                                                
>             .0181653
      tau4_1 |  -.0270404   .0537657    -0.50   0.615    -
> .1324193                                                
>             .0783385
      tau5_0 |  -.0267137   .0310326    -0.86   0.389    -
> .0875366                                                
>             .0341091
      tau5_1 |   .0094168   .0693192     0.14   0.892    -
> .1264463                                                
>             .1452798
        pre1 |   .0127295   .0367287     0.35   0.729    -
> .0592573                                                
>             .0847164
        pre2 |   .0060903    .032225     0.19   0.850    -
> .0570696                                                
>             .0692501
        pre3 |   .0034404   .0279869     0.12   0.902     
> -.051413                                                
>             .0582937
        pre4 |   .0012041   .0228835     0.05   0.958    -
> .0436466                                                
>             .0460549
        pre5 |    .005895   .0245149     0.24   0.810    -
> .0421534                                                
>             .0539434
----------------------------------------------------------
> --------------------

 ( 1)  pre1 = 0
 ( 2)  pre2 = 0
 ( 3)  pre3 = 0
 ( 4)  pre4 = 0
 ( 5)  pre5 = 0

           chi2(  5) =    0.51
         Prob > chi2 =    0.9916

  (1)  ((_b[tau0_1] + _b[tau1_1] + _b[tau2_1] + _b[tau3_1]
>  + _b[tau4_1] + _b[tau5_1])/6) - ((_b[tau0_0] + _b[tau1_
> 0] + _b[tau2_0] + _b[tau3_0] + _b[tau4_0] + _b[tau5_0])/
> 6) = 0

               chi2(1) =        0.11
           Prob > chi2 =        0.7416

 ( 1)  tau0_0 - tau0_1 = 0
 ( 2)  tau1_0 - tau1_1 = 0
 ( 3)  tau2_0 - tau2_1 = 0
 ( 4)  tau3_0 - tau3_1 = 0
 ( 5)  tau4_0 - tau4_1 = 0
 ( 6)  tau5_0 - tau5_1 = 0

           chi2(  6) =   43.58
         Prob > chi2 =    0.0000

 ( 1)  tau0_0 = 0
 ( 2)  tau1_0 = 0
 ( 3)  tau2_0 = 0
 ( 4)  tau3_0 = 0
 ( 5)  tau4_0 = 0
 ( 6)  tau5_0 = 0

           chi2(  6) =    7.44
         Prob > chi2 =    0.2818

 ( 1)  tau0_1 = 0
 ( 2)  tau1_1 = 0
 ( 3)  tau2_1 = 0
 ( 4)  tau3_1 = 0
 ( 5)  tau4_1 = 0
 ( 6)  tau5_1 = 0

           chi2(  6) =   34.12
         Prob > chi2 =    0.0000
Average urban effect:    -0.018 (p =     0.282)
Average rural effect:    -0.030 (p =     0.000)
Difference (rural - urban):    -0.012 (p =     0.742)
Joint heterogeneity test p-value:     0.000
Pretrend joint p-value:     0.992
number of observations will be reset to 11
Press any key to continue, or Break to abort
Number of observations (_N) was 0, now 11.
file
    /Users/hhadah/Documents/GiT/residency-medicaid-expan
    > sion/output/figures/230-hetero_urbanrural_matched_
    > per_100k_event_unweighted.png saved as PNG format
file
    /Users/hhadah/Documents/GiT/residency-medicaid-expan
    > sion/my_paper/figures/230-hetero_urbanrural_matche
    > d_per_100k_event_unweighted.png saved as PNG
    format

==========================================================
> ===============
HETEROGENEITY ANALYSIS (UNWEIGHTED): Residency Quota Posit
> ions per 100k Population
Outcome variable: quota_per_100k
==========================================================
> ===============


                                                         N
> umber of obs                                            
>              = 8,370
----------------------------------------------------------
> --------------------
quota_p~100k | Coefficient  Std. err.      z    P>|z|     
> [95% con                                                
>         f. interval]
-------------+--------------------------------------------
> --------------------
      tau0_0 |   .0072322   .0185061     0.39   0.696     
> -.029039                                                
>             .0435035
      tau0_1 |  -.0422901   .0123128    -3.43   0.001    -
> .0664227                                                
>            -.0181574
      tau1_0 |  -.0102452   .0185473    -0.55   0.581    -
> .0465972                                                
>             .0261068
      tau1_1 |    -.03038   .0357578    -0.85   0.396    -
> .1004639                                                
>              .039704
      tau2_0 |   -.019994   .0167216    -1.20   0.232    -
> .0527679                                                
>             .0127798
      tau2_1 |  -.0381217   .0358754    -1.06   0.288    -
> .1084361                                                
>             .0321928
      tau3_0 |  -.0232536   .0199895    -1.16   0.245    -
> .0624324                                                
>             .0159252
      tau3_1 |  -.0415945   .0394385    -1.05   0.292    -
> .1188925                                                
>             .0357034
      tau4_0 |  -.0319776   .0255788    -1.25   0.211    -
> .0821111                                                
>             .0181559
      tau4_1 |     -.0159   .0547303    -0.29   0.771    -
> .1231695                                                
>             .0913694
      tau5_0 |  -.0346021    .032559    -1.06   0.288    -
> .0984167                                                
>             .0292124
      tau5_1 |   .0288348   .0769746     0.37   0.708    -
> .1220327                                                
>             .1797023
        pre1 |   .0132011   .0347276     0.38   0.704    -
> .0548637                                                
>             .0812659
        pre2 |   .0076459   .0307763     0.25   0.804    -
> .0526745                                                
>             .0679664
        pre3 |   .0062471     .02686     0.23   0.816    -
> .0463975                                                
>             .0588917
        pre4 |   .0060039   .0224042     0.27   0.789    -
> .0379075                                                
>             .0499153
        pre5 |   .0144353   .0215772     0.67   0.503    -
> .0278553                                                
>             .0567258
----------------------------------------------------------
> --------------------

 ( 1)  pre1 = 0
 ( 2)  pre2 = 0
 ( 3)  pre3 = 0
 ( 4)  pre4 = 0
 ( 5)  pre5 = 0

           chi2(  5) =    0.84
         Prob > chi2 =    0.9745

  (1)  ((_b[tau0_1] + _b[tau1_1] + _b[tau2_1] + _b[tau3_1]
>  + _b[tau4_1] + _b[tau5_1])/6) - ((_b[tau0_0] + _b[tau1_
> 0] + _b[tau2_0] + _b[tau3_0] + _b[tau4_0] + _b[tau5_0])/
> 6) = 0

               chi2(1) =        0.01
           Prob > chi2 =        0.9029

 ( 1)  tau0_0 - tau0_1 = 0
 ( 2)  tau1_0 - tau1_1 = 0
 ( 3)  tau2_0 - tau2_1 = 0
 ( 4)  tau3_0 - tau3_1 = 0
 ( 5)  tau4_0 - tau4_1 = 0
 ( 6)  tau5_0 - tau5_1 = 0

           chi2(  6) =   32.11
         Prob > chi2 =    0.0000

 ( 1)  tau0_0 = 0
 ( 2)  tau1_0 = 0
 ( 3)  tau2_0 = 0
 ( 4)  tau3_0 = 0
 ( 5)  tau4_0 = 0
 ( 6)  tau5_0 = 0

           chi2(  6) =    6.29
         Prob > chi2 =    0.3917

 ( 1)  tau0_1 = 0
 ( 2)  tau1_1 = 0
 ( 3)  tau2_1 = 0
 ( 4)  tau3_1 = 0
 ( 5)  tau4_1 = 0
 ( 6)  tau5_1 = 0

           chi2(  6) =   30.59
         Prob > chi2 =    0.0000
Average urban effect:    -0.019 (p =     0.392)
Average rural effect:    -0.023 (p =     0.000)
Difference (rural - urban):    -0.004 (p =     0.903)
Joint heterogeneity test p-value:     0.000
Pretrend joint p-value:     0.974
number of observations will be reset to 11
Press any key to continue, or Break to abort
Number of observations (_N) was 0, now 11.
file
    /Users/hhadah/Documents/GiT/residency-medicaid-expan
    > sion/output/figures/231-hetero_urbanrural_quota_pe
    > r_100k_event_unweighted.png saved as PNG format
file
    /Users/hhadah/Documents/GiT/residency-medicaid-expan
    > sion/my_paper/figures/231-hetero_urbanrural_quota_
    > per_100k_event_unweighted.png saved as PNG format

==========================================================
> ===============
HETEROGENEITY ANALYSIS (UNWEIGHTED): Unmatched Residency P
> ositions per 100k Population
Outcome variable: unmatched_per_100k
==========================================================
> ===============


                                                         N
> umber of obs                                            
>              = 8,370
----------------------------------------------------------
> --------------------
unmatch~100k | Coefficient  Std. err.      z    P>|z|     
> [95% con                                                
>         f. interval]
-------------+--------------------------------------------
> --------------------
      tau0_0 |   .0021903   .0044146     0.50   0.620    -
> .0064622                                                
>             .0108428
      tau0_1 |  -.0014199   .0062343    -0.23   0.820    -
> .0136389                                                
>              .010799
      tau1_0 |   .0028771    .003766     0.76   0.445    -
> .0045041                                                
>             .0102584
      tau1_1 |   .0017739   .0036271     0.49   0.625    -
> .0053352                                                
>             .0088829
      tau2_0 |  -.0029449   .0029261    -1.01   0.314     
>  -.00868                                                
>             .0027903
      tau2_1 |    .010597   .0089124     1.19   0.234     
> -.006871                                                
>              .028065
      tau3_0 |   .0008088    .004234     0.19   0.849    -
> .0074897                                                
>             .0091073
      tau3_1 |  -.0001927   .0035192    -0.05   0.956    -
> .0070902                                                
>             .0067048
      tau4_0 |   .0021811   .0045435     0.48   0.631     
> -.006724                                                
>             .0110863
      tau4_1 |   .0111404   .0080502     1.38   0.166    -
> .0046377                                                
>             .0269186
      tau5_0 |  -.0078884   .0064949    -1.21   0.225    -
> .0206181                                                
>             .0048413
      tau5_1 |    .019418    .017393     1.12   0.264    -
> .0146716                                                
>             .0535076
        pre1 |   .0004716   .0061956     0.08   0.939    -
> .0116715                                                
>             .0126148
        pre2 |   .0015557   .0066061     0.24   0.814     
> -.011392                                                
>             .0145034
        pre3 |   .0028067   .0068375     0.41   0.681    -
> .0105945                                                
>              .016208
        pre4 |   .0047998   .0068225     0.70   0.482    -
> .0085721                                                
>             .0181717
        pre5 |   .0085402   .0156972     0.54   0.586    -
> .0222257                                                
>             .0393062
----------------------------------------------------------
> --------------------

 ( 1)  pre1 = 0
 ( 2)  pre2 = 0
 ( 3)  pre3 = 0
 ( 4)  pre4 = 0
 ( 5)  pre5 = 0

           chi2(  5) =    1.51
         Prob > chi2 =    0.9113

  (1)  ((_b[tau0_1] + _b[tau1_1] + _b[tau2_1] + _b[tau3_1]
>  + _b[tau4_1] + _b[tau5_1])/6) - ((_b[tau0_0] + _b[tau1_
> 0] + _b[tau2_0] + _b[tau3_0] + _b[tau4_0] + _b[tau5_0])/
> 6) = 0

               chi2(1) =        2.81
           Prob > chi2 =        0.0935

 ( 1)  tau0_0 - tau0_1 = 0
 ( 2)  tau1_0 - tau1_1 = 0
 ( 3)  tau2_0 - tau2_1 = 0
 ( 4)  tau3_0 - tau3_1 = 0
 ( 5)  tau4_0 - tau4_1 = 0
 ( 6)  tau5_0 - tau5_1 = 0

           chi2(  6) =    9.10
         Prob > chi2 =    0.1678

 ( 1)  tau0_0 = 0
 ( 2)  tau1_0 = 0
 ( 3)  tau2_0 = 0
 ( 4)  tau3_0 = 0
 ( 5)  tau4_0 = 0
 ( 6)  tau5_0 = 0

           chi2(  6) =   10.84
         Prob > chi2 =    0.0935

 ( 1)  tau0_1 = 0
 ( 2)  tau1_1 = 0
 ( 3)  tau2_1 = 0
 ( 4)  tau3_1 = 0
 ( 5)  tau4_1 = 0
 ( 6)  tau5_1 = 0

           chi2(  6) =    4.33
         Prob > chi2 =    0.6328
Average urban effect:    -0.000 (p =     0.093)
Average rural effect:     0.007 (p =     0.633)
Difference (rural - urban):     0.007 (p =     0.094)
Joint heterogeneity test p-value:     0.168
Pretrend joint p-value:     0.911
number of observations will be reset to 11
Press any key to continue, or Break to abort
Number of observations (_N) was 0, now 11.
file
    /Users/hhadah/Documents/GiT/residency-medicaid-expan
    > sion/output/figures/232-hetero_urbanrural_unmatche
    > d_per_100k_event_unweighted.png saved as PNG
    format
file
    /Users/hhadah/Documents/GiT/residency-medicaid-expan
    > sion/my_paper/figures/232-hetero_urbanrural_unmatc
    > hed_per_100k_event_unweighted.png saved as PNG
    format

. 
. di ""


. di "====================================================
> ====================="
==========================================================
> ===============

. di "HETEROGENEITY ANALYSIS BY URBAN/RURAL CLASSIFICATION
>  (UNWEIGHTED) COMPLETED"
HETEROGENEITY ANALYSIS BY URBAN/RURAL CLASSIFICATION (UNWE
> IGHTED) COMPLETED

. di "Event study plots saved to:"
Event study plots saved to:

. di "  - ${figdir}/221-hetero_urbanrural_*_event_unweight
> ed.png"
  - /Users/hhadah/Documents/GiT/residency-medicaid-expansi
> on/output/figures/221-hetero_urbanrural_*_event_unweight
> ed.png

. di "  - ${latex_figdir}/221-hetero_urbanrural_*_event_un
> weighted.png"
  - /Users/hhadah/Documents/GiT/residency-medicaid-expansi
> on/my_paper/figures/221-hetero_urbanrural_*_event_unweig
> hted.png

. di "====================================================
> ====================="
==========================================================
> ===============

. 
. log close
      name:  <unnamed>
       log:  /Users/hhadah/Documents/GiT/residency-medicai
> d-expansion/output/10-dd-analysis-hetero-unweighted.log
  log type:  text
 closed on:  27 Jan 2026, 19:44:34
----------------------------------------------------------
