---------------------------------------------------------------------------
      name:  <unnamed>
       log:  /Users/hhadah/Projects/GiT/residency-medicaid-expansion/output
> /11-dd-methods-comparison.log
  log type:  text
 opened on:  24 Jul 2026, 08:20:43

. 
. * -----------------------------------------------------------------------
> --
. * Load cleaned data + year-varying ACS population (headline denominator)
. * -----------------------------------------------------------------------
> --
. use "${datadir}/cleaned_program_residency_medicaid.dta", clear

. replace state = strtrim(upper(state))
(0 real changes made)

. merge m:1 state year using "${datadir}/state_year_population.dta", keep(m
> aster match) nogen

    Result                      Number of obs
    -----------------------------------------
    Not matched                             0
    Matched                             8,590  
    -----------------------------------------

. gen double matched_per_100k_yr = matched / pop_yr * 100000

. 
. * -----------------------------------------------------------------------
> --
. * Panel identifiers
. * -----------------------------------------------------------------------
> --
. egen program_numeric_id = group(state institution_code)

. encode state, gen(state_id)

. xtset program_numeric_id year

Panel variable: program_numeric_id (strongly balanced)
 Time variable: year, 2010 to 2019
         Delta: 1 unit

. 
. * -----------------------------------------------------------------------
> --
. * Treatment setup shared across estimators
. * -----------------------------------------------------------------------
> --
. gen byte never_treat = missing(year_expanded)

. 
. capture confirm variable post_expansion

. if _rc != 0 {
.     gen byte post_expansion = (treated_state == 1 & year_expanded < . & y
> ear >= year_expanded)
. }

. gen byte D = post_expansion

. 
. gen rel_time = year - year_expanded
(2,120 missing values generated)

. 
. local maxlag  = 5

. local maxlead = 5

. 
. * Lags 0..(maxlag-1) exact, last lag binned (>= maxlag)
. forval h = 0/`=`maxlag' - 1' {
  2.     gen byte L_`h' = (rel_time == `h')
  3. }

. gen byte L_`maxlag' = (rel_time >= `maxlag' & !missing(rel_time))

. 
. * Leads 1..(maxlead-1) exact, last lead binned (<= -maxlead)
. forval h = 1/`=`maxlead' - 1' {
  2.     gen byte F_`h' = (rel_time == -`h')
  3. }

. gen byte F_`maxlead' = (rel_time <= -`maxlead' & !missing(rel_time))

. 
. gen byte ref = (rel_time == -1)

. 
. * -----------------------------------------------------------------------
> --
. * Outcomes, labels, and output basenames
. * -----------------------------------------------------------------------
> --
. global outcomes "matched_per_100k_yr matched quota_per_100k"

. global label_matched_per_100k_yr "Matched Residency Positions per 100,000
>  Population"

. global label_matched             "Total Matched Residency Positions"

. global label_quota_per_100k      "Residency Quota Positions per 100,000 P
> opulation"

. global fname_matched_per_100k_yr "main-estimators"

. global fname_matched             "appx-estimators-levels"

. global fname_quota_per_100k      "appx-estimators-quota"

. 
. foreach Y of global outcomes {
  2. 
.     capture confirm variable `Y'
  3.     if _rc != 0 {
  4.         di as error "Outcome `Y' not found. Skipping."
  5.         continue
  6.     }
  7. 
.     di ""
  8.     di "==============================================================
> ==========="
  9.     di "DiD METHODS COMPARISON: ${label_`Y'}"
 10.     di "Outcome: `Y'"
 11.     di "==============================================================
> ==========="
 12. 
.     ************
.     *** TWFE ***
.     ************
.     * F_1 omitted as reference period.
.     di "--- Two-way fixed effects (OLS) ---"
 13.     capture noisily reghdfe `Y' L_0 L_1 L_2 L_3 L_4 L_5 F_2 F_3 F_4 F_
> 5 ///
>         [aw=total_population_10], absorb(program_numeric_id year) cluster
> (state_id)
 14.     if (_rc == 0) estimates store twfe
 15. 
.     ***********************
.     *** did_imputation  ***
.     ***********************
.     di "--- Borusyak, Jaravel and Spiess (2024) ---"
 16.     capture noisily did_imputation `Y' program_numeric_id year year_ex
> panded ///
>         [aw=total_population_10], horizons(0/`maxlag') pretrend(`maxlead'
> ) ///
>         fe(program_numeric_id year) cluster(state_id) minn(0)
 17.     if (_rc == 0) estimates store didimp
 18.     * BJS pre-trend joint test, captured before other estimators overw
> rite e().
.     local pretrend_p = .
 19.     capture test pre1 pre2 pre3 pre4 pre5
 20.     if (_rc == 0) local pretrend_p = r(p)
 21. 
.     ***********************
.     *** did_multiplegt  ***
.     ***********************
.     di "--- de Chaisemartin and D'Haultfoeuille (2020) ---"
 22.     capture noisily did_multiplegt_dyn `Y' program_numeric_id year D, 
> ///
>         effects(`maxlag') placebo(`maxlead') cluster(state_id)
 23.     capture matrix didmgt_b = e(estimates)
 24.     capture matrix didmgt_v = e(variances)
 25. 
.     *****************************
.     ***  eventstudyinteract   ***
.     *****************************
.     di "--- Sun and Abraham (2021) ---"
 26.     capture noisily eventstudyinteract `Y' L_0 L_1 L_2 L_3 L_4 L_5 F_2
>  F_3 F_4 F_5 ///
>         [aw=total_population_10], vce(cluster state_id) ///
>         absorb(program_numeric_id year) cohort(year_expanded) control_coh
> ort(never_treat)
 27.     capture matrix evtstint_b = e(b_iw)
 28.     capture matrix evtstint_v = e(V_iw)
 29. 
.     ***************
.     *** did2s   ***
.     ***************
.     di "--- Gardner (2022) ---"
 30.     capture noisily did2s `Y' [aw=total_population_10], ///
>         first_stage(program_numeric_id year) ///
>         second_stage(F_2 F_3 F_4 F_5 L_0 L_1 L_2 L_3 L_4 L_5) ///
>         treatment(D) cluster(state_id)
 31.     capture matrix did2s_b = e(b)
 32.     capture matrix did2s_v = e(V)
 33. 
.     ******************
.     *** stackedev  ***
.     ******************
.     di "--- Cengiz, Dube, Lindner and Zipperer (2019) ---"
 34.     capture noisily stackedev `Y' F_2 F_3 F_4 F_5 L_0 L_1 L_2 L_3 L_4 
> L_5 ref, ///
>         cohort(year_expanded) time(year) never_treat(never_treat) ///
>         unit_fe(program_numeric_id) clust_unit(state_id)
 35.     capture matrix stackedev_b = e(b)
 36.     capture matrix stackedev_v = e(V)
 37. 
.     * Color palette
.     colorpalette tableau, nograph
 38. 
.     local label  = "${label_`Y'}"
 39.     local fname  = "${fname_`Y'}"
 40.     local pt_text = cond(`pretrend_p' < ., string(`pretrend_p', "%4.2f
> "), "NA")
 41. 
.     * -------------------------------------------------------------------
> --
.     * Combined event-plot overlaying all estimators (no csdid).
.     * Legend names the PAPER; BJS pre-trend p annotated top-left.
.     * -------------------------------------------------------------------
> --
.     event_plot twfe didimp didmgt_b#didmgt_v evtstint_b#evtstint_v stacke
> dev_b#stackedev_v did2s_b#did2s_v, ///
>         stub_lag(L_# tau# Effect_# L_# L_# L_#) ///
>         stub_lead(F_# pre# Placebo_# F_# F_# F_#) ///
>         together perturb(-0.25(0.10)0.25) trimlead(`maxlead') trimlag(`ma
> xlag') noautolegend ///
>         plottype(scatter) ciplottype(rspike) ///
>         lag_opt1(msymbol(+)   msize(2.0) mlwidth(0.3) color(black))      
>      lag_ci_opt1(color(black)        lw(0.15)) ///
>         lag_opt2(msymbol(Dh)  msize(2.0) mlwidth(0.3) color("`r(p2)'"))  
>      lag_ci_opt2(color("`r(p2)'")    lw(0.15)) ///
>         lag_opt3(msymbol(Th)  msize(2.0) mlwidth(0.3) color("`r(p3)'"))  
>      lag_ci_opt3(color("`r(p3)'")    lw(0.15)) ///
>         lag_opt4(msymbol(Sh)  msize(2.0) mlwidth(0.3) color("`r(p4)'"))  
>      lag_ci_opt4(color("`r(p4)'")    lw(0.15)) ///
>         lag_opt5(msymbol(Oh)  msize(2.0) mlwidth(0.3) color("`r(p5)'"))  
>      lag_ci_opt5(color("`r(p5)'")    lw(0.15)) ///
>         lag_opt6(msymbol(V)   msize(2.0) mlwidth(0.3) color("`r(p6)'"))  
>      lag_ci_opt6(color("`r(p6)'")    lw(0.15)) ///
>         graph_opt( ///
>             xtitle("Years relative to Medicaid expansion") ///
>             ytitle("Average effect") xlabel(-`maxlead'(1)`maxlag') ///
>             text(0 -4 "Pre-trend p = `pt_text'", size(medsmall) placement
> (e)) ///
>             legend(order(1 "Two-way fixed effects" 3 "Borusyak, Jaravel a
> nd Spiess (2024)" ///
>                          5 "de Chaisemartin and D'Haultfoeuille (2020)" 7
>  "Sun and Abraham (2021)" ///
>                          9 "Cengiz, Dube, Lindner and Zipperer (2019)" 11
>  "Gardner (2022)") ///
>                    pos(6) rows(3) region(style(none)) size(small)) ///
>             xline(-0.5, lc(gs8) lp(dash)) ///
>             yline(0,    lc(gs8) lp(dash)) ///
>             graphregion(color(white)) plotregion(color(white)) ///
>         )
 42. 
.     graph export "${figdir}/`fname'.png", as(png) replace width(1200) hei
> ght(800)
 43. 
.     graph export "${figdir}/`fname'.pdf", replace
 44.     graph export "${latex_figdir}/`fname'.png", as(png) replace width(
> 1200) height(800)
 45.     graph export "${latex_figdir}/`fname'.pdf", replace
 46.     di as result "Exported `fname'.png  (BJS pre-trend p = `pt_text')"
 47. }

=========================================================================
DiD METHODS COMPARISON: Matched Residency Positions per 100,000 Population
Outcome: matched_per_100k_yr
=========================================================================
--- Two-way fixed effects (OLS) ---
(MWFE estimator converged in 2 iterations)

HDFE Linear regression                            Number of obs   =      8,
> 590
Absorbing 2 HDFE groups                           F(  10,     50) =       7
> .35
Statistics robust to heteroskedasticity           Prob > F        =     0.0
> 000
                                                  R-squared       =     0.9
> 789
                                                  Adj R-squared   =     0.9
> 765
                                                  Within R-sq.    =     0.0
> 028
Number of clusters (state_id) =         51        Root MSE        =     0.0
> 881

                              (Std. err. adjusted for 51 clusters in state_
> id)
---------------------------------------------------------------------------
> ---
             |               Robust
matched_pe~r | Coefficient  std. err.      t    P>|t|     [95% conf. interv
> al]
-------------+-------------------------------------------------------------
> ---
         L_0 |  -.0043148   .0023459    -1.84   0.072    -.0090268    .0003
> 971
         L_1 |   -.010282   .0044516    -2.31   0.025    -.0192234   -.0013
> 406
         L_2 |  -.0127464   .0068427    -1.86   0.068    -.0264904    .0009
> 975
         L_3 |  -.0203957   .0103283    -1.97   0.054    -.0411406    .0003
> 492
         L_4 |  -.0241638   .0160834    -1.50   0.139    -.0564682    .0081
> 406
         L_5 |  -.0269826   .0222351    -1.21   0.231    -.0716432     .017
> 678
         F_2 |   .0008288   .0072976     0.11   0.910     -.013829    .0154
> 865
         F_3 |  -.0015431   .0084862    -0.18   0.856    -.0185882     .015
> 502
         F_4 |  -.0047101   .0091226    -0.52   0.608    -.0230333    .0136
> 131
         F_5 |  -.0131685   .0140651    -0.94   0.354    -.0414191    .0150
> 821
       _cons |   .2488649   .0036066    69.00   0.000     .2416208    .2561
> 089
---------------------------------------------------------------------------
> ---

Absorbed degrees of freedom:
------------------------------------------------------------+
        Absorbed FE | Categories  - Redundant  = Num. Coefs |
--------------------+---------------------------------------|
 program_numeric_id |       859         859           0    *|
               year |        10           1           9     |
------------------------------------------------------------+
* = FE nested within cluster; treated as redundant for DoF computation
--- Borusyak, Jaravel and Spiess (2024) ---

                                                         Number of obs = 8,
> 590
---------------------------------------------------------------------------
> ---
matched_pe~r | Coefficient  Std. err.      z    P>|z|     [95% conf. interv
> al]
-------------+-------------------------------------------------------------
> ---
        tau0 |  -.0035306   .0055825    -0.63   0.527    -.0144722     .007
> 411
        tau1 |  -.0114372   .0081649    -1.40   0.161    -.0274401    .0045
> 657
        tau2 |  -.0128323   .0097753    -1.31   0.189    -.0319915     .006
> 327
        tau3 |  -.0201869   .0128664    -1.57   0.117    -.0454046    .0050
> 309
        tau4 |  -.0240566   .0185127    -1.30   0.194    -.0603408    .0122
> 276
        tau5 |  -.0242871   .0229191    -1.06   0.289    -.0692077    .0206
> 334
        pre1 |   .0240354   .0153725     1.56   0.118    -.0060941    .0541
> 649
        pre2 |    .024709   .0114488     2.16   0.031     .0022698    .0471
> 482
        pre3 |    .022493    .010776     2.09   0.037     .0013725    .0436
> 135
        pre4 |   .0201578   .0098886     2.04   0.042     .0007765    .0395
> 391
        pre5 |   .0181486   .0092499     1.96   0.050     .0000193     .036
> 278
---------------------------------------------------------------------------
> ---
--- de Chaisemartin and D'Haultfoeuille (2020) ---

The number of placebos which can be estimated is at most 4. The command wil
> l therefore try to estimate 4 placebo(s).


---------------------------------------------------------------------------
> -----
             Estimation of treatment effects: Event-study effects
---------------------------------------------------------------------------
> -----

             |  Estimate         SE      LB CI      UB CI          N 
-------------+-------------------------------------------------------
    Effect_1 | -.0071227   .0053438  -.0175962   .0033509       1662 
    Effect_2 | -.0213219    .008285  -.0375603  -.0050835       1341 
    Effect_3 | -.0246209    .012425  -.0489734  -.0002683       1325 
    Effect_4 | -.0306965   .0159858  -.0620281   .0006351       1304 
    Effect_5 | -.0338857   .0215297  -.0760832   .0083117       1055 

             | Switchers 
-------------+----------
    Effect_1 |       647 
    Effect_2 |       626 
    Effect_3 |       626 
    Effect_4 |       626 
    Effect_5 |       610 
---------------------------------------------------------------------------
> -----
Test of joint nullity of the effects : p-value = .23449351


---------------------------------------------------------------------------
> -----
               Average cumulative (total) effect per treatment unit
---------------------------------------------------------------------------
> -----

             |  Estimate         SE      LB CI      UB CI          N 
-------------+-------------------------------------------------------
  Av_tot_eff | -.0233668   .0110286  -.0449825   -.001751       4616 

             |    Switch  x Periods 
-------------+---------------------
  Av_tot_eff |      3135            
---------------------------------------------------------------------------
> -----
Average number of time periods over which a treatment's effect is accumulat
> ed = 2.9763955


---------------------------------------------------------------------------
> -----
          Testing the parallel trends and no anticipation assumptions
---------------------------------------------------------------------------
> -----

             |  Estimate         SE      LB CI      UB CI          N 
-------------+-------------------------------------------------------
   Placebo_1 |  -.007319   .0137804   -.034328     .01969       1662 
   Placebo_2 | -.0111726    .018491  -.0474143   .0250691       1341 
   Placebo_3 | -.0102792   .0202762  -.0500199   .0294615       1325 
   Placebo_4 |  .0057248   .0343757  -.0616504   .0731001        533 

             | Switchers 
-------------+----------
   Placebo_1 |       647 
   Placebo_2 |       626 
   Placebo_3 |       626 
   Placebo_4 |        88 
---------------------------------------------------------------------------
> -----
Test of joint nullity of the placebos : p-value = .96671791


The development of this package was funded by the European Union (ERC, REAL
> LYCREDIBLE,GA N°101043899).
--- Sun and Abraham (2021) ---
(sum of wgt is 88,279,838,250)
(obs=6,470)

IW estimates for dynamic effects                        Number of obs =  8,
> 590
Absorbing 2 HDFE groups                                 F(31, 50)     =    
>   .
                                                        Prob > F      =    
>   .
                                                        R-squared     = 0.9
> 789
                                                        Adj R-squared = 0.9
> 764
                                                        Root MSE      = 0.0
> 881
                              (Std. err. adjusted for 51 clusters in state_
> id)
---------------------------------------------------------------------------
> ---
             |               Robust
matched_pe~r | Coefficient  std. err.      t    P>|t|     [95% conf. interv
> al]
-------------+-------------------------------------------------------------
> ---
         L_0 |  -.0064221   .0020913    -3.07   0.003    -.0106225   -.0022
> 216
         L_1 |  -.0119163    .004684    -2.54   0.014    -.0213245   -.0025
> 082
         L_2 |  -.0140936   .0068867    -2.05   0.046    -.0279258   -.0002
> 613
         L_3 |  -.0218118   .0103875    -2.10   0.041    -.0426757    -.000
> 948
         L_4 |  -.0254696   .0165956    -1.53   0.131    -.0588029    .0078
> 637
         L_5 |  -.0266724   .0210555    -1.27   0.211    -.0689637    .0156
> 189
         F_2 |  -.0018778   .0085837    -0.22   0.828    -.0191187     .015
> 363
         F_3 |  -.0039803   .0100865    -0.39   0.695    -.0242396    .0162
> 791
         F_4 |  -.0039353   .0116845    -0.34   0.738    -.0274043    .0195
> 338
         F_5 |  -.0099381   .0109938    -0.90   0.370    -.0320198    .0121
> 436
---------------------------------------------------------------------------
> ---
--- Gardner (2022) ---
(0 observations deleted)
                               (Std. err. adjusted for clustering on state_
> id)
---------------------------------------------------------------------------
> ---
             | Coefficient  Std. err.      z    P>|z|     [95% conf. interv
> al]
-------------+-------------------------------------------------------------
> ---
         F_2 |  -.0094166   .0248515    -0.38   0.705    -.0581246    .0392
> 914
         F_3 |  -.0042499   .0153423    -0.28   0.782    -.0343202    .0258
> 205
         F_4 |   .0017332   .0066843     0.26   0.795    -.0113679    .0148
> 342
         F_5 |   .0605874   .0770844     0.79   0.432    -.0904952      .21
> 167
         L_0 |  -.0129521   .0450372    -0.29   0.774    -.1012233    .0753
> 191
         L_1 |  -.0243084   .0527768    -0.46   0.645     -.127749    .0791
> 323
         L_2 |  -.0305036   .0622217    -0.49   0.624     -.152456    .0914
> 488
         L_3 |  -.0374943   .0715931    -0.52   0.600    -.1778142    .1028
> 255
         L_4 |  -.0421764   .0808444    -0.52   0.602    -.2006286    .1162
> 758
         L_5 |  -.0391773   .0904632    -0.43   0.665    -.2164819    .1381
> 272
---------------------------------------------------------------------------
> ---
--- Cengiz, Dube, Lindner and Zipperer (2019) ---
**** Building Stack 2014 ****
**** Building Stack 2015 ****
**** Building Stack 2016 ****
**** Building Stack 2019 ****
**** Appending Stacks ****
**** Estimating Model with reghdfe ****
(MWFE estimator converged in 2 iterations)
note: ref omitted because of collinearity

HDFE Linear regression                            Number of obs   =     14,
> 950
Absorbing 2 HDFE groups                           F(  10,    101) =       1
> .77
Statistics robust to heteroskedasticity           Prob > F        =     0.0
> 764
                                                  R-squared       =     0.9
> 788
                                                  Adj R-squared   =     0.9
> 764
                                                  Within R-sq.    =     0.0
> 006
Number of clusters (unit_stack) =        102      Root MSE        =     0.1
> 847

                           (Std. err. adjusted for 102 clusters in unit_sta
> ck)
---------------------------------------------------------------------------
> ---
             |               Robust
matched_pe~r | Coefficient  std. err.      t    P>|t|     [95% conf. interv
> al]
-------------+-------------------------------------------------------------
> ---
         F_2 |  -.0061248   .0118323    -0.52   0.606     -.029597    .0173
> 474
         F_3 |  -.0061829   .0153182    -0.40   0.687    -.0365701    .0242
> 044
         F_4 |  -.0093617   .0173028    -0.54   0.590    -.0436858    .0249
> 624
         F_5 |  -.0152967   .0267601    -0.57   0.569    -.0683816    .0377
> 882
         L_0 |  -.0088656   .0042196    -2.10   0.038    -.0172361   -.0004
> 951
         L_1 |  -.0158062   .0068257    -2.32   0.023    -.0293465   -.0022
> 658
         L_2 |  -.0183465   .0098518    -1.86   0.065    -.0378898    .0011
> 967
         L_3 |  -.0291255   .0129003    -2.26   0.026    -.0547162   -.0035
> 348
         L_4 |  -.0369337   .0180855    -2.04   0.044    -.0728104   -.0010
> 569
         L_5 |  -.0255778   .0262942    -0.97   0.333    -.0777384    .0265
> 829
         ref |          0  (omitted)
       _cons |   .5230892   .0034679   150.84   0.000     .5162098    .5299
> 687
---------------------------------------------------------------------------
> ---

Absorbed degrees of freedom:
--------------------------------------------------------------------+
                Absorbed FE | Categories  - Redundant  = Num. Coefs |
----------------------------+---------------------------------------|
   program_numeric_id#stack |      1495        1495           0    *|
                 year#stack |        40           1          39     |
--------------------------------------------------------------------+
* = FE nested within cluster; treated as redundant for DoF computation
file
    /Users/hhadah/Projects/GiT/residency-medicaid-expansion/output/figure
    > s/main-estimators.png saved as PNG format
file
    /Users/hhadah/Projects/GiT/residency-medicaid-expansion/output/figure
    > s/main-estimators.pdf saved as PDF format
file
    /Users/hhadah/Projects/GiT/residency-medicaid-expansion/my_paper/figu
    > res/main-estimators.png saved as PNG format
file
    /Users/hhadah/Projects/GiT/residency-medicaid-expansion/my_paper/figu
    > res/main-estimators.pdf saved as PDF format
Exported main-estimators.png  (BJS pre-trend p = 0.26)

=========================================================================
DiD METHODS COMPARISON: Total Matched Residency Positions
Outcome: matched
=========================================================================
--- Two-way fixed effects (OLS) ---
(MWFE estimator converged in 2 iterations)

HDFE Linear regression                            Number of obs   =     14,
> 950
Absorbing 2 HDFE groups                           F(  10,     50) =      20
> .98
Statistics robust to heteroskedasticity           Prob > F        =     0.0
> 000
                                                  R-squared       =     0.9
> 703
                                                  Adj R-squared   =     0.9
> 684
                                                  Within R-sq.    =     0.0
> 145
Number of clusters (state_id) =         51        Root MSE        =    10.2
> 444

                              (Std. err. adjusted for 51 clusters in state_
> id)
---------------------------------------------------------------------------
> ---
             |               Robust
     matched | Coefficient  std. err.      t    P>|t|     [95% conf. interv
> al]
-------------+-------------------------------------------------------------
> ---
         L_0 |  -1.365558   .3929871    -3.47   0.001    -2.154896     -.57
> 622
         L_1 |  -2.540273   .6580758    -3.86   0.000    -3.862057   -1.218
> 489
         L_2 |  -3.476959   .9650706    -3.60   0.001     -5.41536   -1.538
> 557
         L_3 |  -4.921407    1.42198    -3.46   0.001    -7.777538   -2.065
> 277
         L_4 |  -5.712908    2.29434    -2.49   0.016    -10.32123   -1.104
> 591
         L_5 |  -6.340216   2.859601    -2.22   0.031    -12.08389   -.5965
> 373
         F_2 |  -.0423343   .8051766    -0.05   0.958    -1.659579    1.574
> 911
         F_3 |   .0273359   .8985365     0.03   0.976    -1.777428      1.8
> 321
         F_4 |   .1598556   .8746103     0.18   0.856    -1.596851    1.916
> 562
         F_5 |   2.244125   .4285903     5.24   0.000     1.383276    3.104
> 974
       _cons |   35.43769   .4152514    85.34   0.000     34.60363    36.27
> 175
---------------------------------------------------------------------------
> ---

Absorbed degrees of freedom:
------------------------------------------------------------+
        Absorbed FE | Categories  - Redundant  = Num. Coefs |
--------------------+---------------------------------------|
 program_numeric_id |       859         859           0    *|
               year |        10           1           9     |
------------------------------------------------------------+
* = FE nested within cluster; treated as redundant for DoF computation
--- Borusyak, Jaravel and Spiess (2024) ---

                                                        Number of obs = 14,
> 950
---------------------------------------------------------------------------
> ---
     matched | Coefficient  Std. err.      z    P>|z|     [95% conf. interv
> al]
-------------+-------------------------------------------------------------
> ---
        tau0 |  -1.306291   .6854316    -1.91   0.057    -2.649713    .0371
> 298
        tau1 |  -2.534376   .7886631    -3.21   0.001    -4.080128   -.9886
> 252
        tau2 |  -3.467168   .9783621    -3.54   0.000    -5.384723   -1.549
> 614
        tau3 |  -4.904738   1.287427    -3.81   0.000    -7.428048   -2.381
> 427
        tau4 |  -5.752207   2.126856    -2.70   0.007    -9.920769   -1.583
> 646
        tau5 |  -6.317009   2.675865    -2.36   0.018    -11.56161    -1.07
> 241
        pre1 |  -2.408788   .8511176    -2.83   0.005    -4.076947   -.7406
> 278
        pre2 |  -2.463047   .6710123    -3.67   0.000    -3.778207   -1.147
> 887
        pre3 |   -2.40324   .8382171    -2.87   0.004    -4.046116   -.7603
> 652
        pre4 |  -2.326094   .9079548    -2.56   0.010    -4.105653   -.5465
> 354
        pre5 |  -1.226076   .8098888    -1.51   0.130    -2.813429    .3612
> 766
---------------------------------------------------------------------------
> ---
--- de Chaisemartin and D'Haultfoeuille (2020) ---

The number of placebos which can be estimated is at most 4. The command wil
> l therefore try to estimate 4 placebo(s).


---------------------------------------------------------------------------
> -----
             Estimation of treatment effects: Event-study effects
---------------------------------------------------------------------------
> -----

             |  Estimate         SE      LB CI      UB CI          N 
-------------+-------------------------------------------------------
    Effect_1 | -.9150328   .4091114  -1.716876  -.1131891       4206 
    Effect_2 | -2.007704     .69676  -3.373329  -.6420795       3249 
    Effect_3 | -2.599426    1.03767  -4.633222  -.5656298       3233 
    Effect_4 | -3.793279   1.359213  -6.457287  -1.129271       3212 
    Effect_5 | -4.483354   1.904597  -8.216296  -.7504115       2327 

             | Switchers 
-------------+----------
    Effect_1 |       647 
    Effect_2 |       626 
    Effect_3 |       626 
    Effect_4 |       626 
    Effect_5 |       610 
---------------------------------------------------------------------------
> -----
The F-test that all effects are equal to zero may not be reliable, because 
> the variance of the effects is close to not being invertible (the ratio o
> f its largest and smallest eigenvalues is larger than 1000). This can for
>  instance happen when you compute many effects estimators, or when your e
> ffects are very strongly correlated. We recommend that you complement the
>  F-test with a sup t-test, see FAQ section of the help file for more deta
> ils.

Test of joint nullity of the effects : p-value = .00005483


---------------------------------------------------------------------------
> -----
               Average cumulative (total) effect per treatment unit
---------------------------------------------------------------------------
> -----

             |  Estimate         SE      LB CI      UB CI          N 
-------------+-------------------------------------------------------
  Av_tot_eff | -2.738605   1.033777  -4.764771  -.7124395       8432 

             |    Switch  x Periods 
-------------+---------------------
  Av_tot_eff |      3135            
---------------------------------------------------------------------------
> -----
Average number of time periods over which a treatment's effect is accumulat
> ed = 2.9763955


---------------------------------------------------------------------------
> -----
          Testing the parallel trends and no anticipation assumptions
---------------------------------------------------------------------------
> -----

             |  Estimate         SE      LB CI      UB CI          N 
-------------+-------------------------------------------------------
   Placebo_1 | -.3823063   .5031885  -1.368538    .603925       4206 
   Placebo_2 | -.6015994   .6149544  -1.806888    .603689       3249 
   Placebo_3 |  -.578863    .619966  -1.793974    .636248       3233 
   Placebo_4 |   1.56448   .5935653   .4011138   2.727847       1805 

             | Switchers 
-------------+----------
   Placebo_1 |       647 
   Placebo_2 |       626 
   Placebo_3 |       626 
   Placebo_4 |        88 
---------------------------------------------------------------------------
> -----
Test of joint nullity of the placebos : p-value = .01125086


The development of this package was funded by the European Union (ERC, REAL
> LYCREDIBLE,GA N°101043899).
--- Sun and Abraham (2021) ---
(sum of wgt is 88,279,838,250)
(obs=6,470)

IW estimates for dynamic effects                       Number of obs =  14,
> 950
Absorbing 2 HDFE groups                                F(31, 50)     =     
>   .
                                                       Prob > F      =     
>   .
                                                       R-squared     =  0.9
> 703
                                                       Adj R-squared =  0.9
> 684
                                                       Root MSE      = 10.2
> 493
                              (Std. err. adjusted for 51 clusters in state_
> id)
---------------------------------------------------------------------------
> ---
             |               Robust
     matched | Coefficient  std. err.      t    P>|t|     [95% conf. interv
> al]
-------------+-------------------------------------------------------------
> ---
         L_0 |  -1.543615   .3502512    -4.41   0.000    -2.247116    -.840
> 115
         L_1 |  -2.729686   .6675479    -4.09   0.000    -4.070496   -1.388
> 877
         L_2 |  -3.667844   .9780225    -3.75   0.000     -5.63226   -1.703
> 428
         L_3 |  -5.126122   1.439808    -3.56   0.001    -8.018062   -2.234
> 182
         L_4 |  -5.991228   2.381999    -2.52   0.015    -10.77561   -1.206
> 842
         L_5 |   -6.71808   2.920706    -2.30   0.026    -12.58449   -.8516
> 694
         F_2 |  -.2261024   .8304828    -0.27   0.787    -1.894176    1.441
> 971
         F_3 |  -.1564789   .9914133    -0.16   0.875    -2.147791    1.834
> 833
         F_4 |  -.1499089   .9461345    -0.16   0.875    -2.050276    1.750
> 458
         F_5 |   3.261264   .6911204     4.72   0.000     1.873108     4.64
> 942
---------------------------------------------------------------------------
> ---
--- Gardner (2022) ---
(0 observations deleted)
                               (Std. err. adjusted for clustering on state_
> id)
---------------------------------------------------------------------------
> ---
             | Coefficient  Std. err.      z    P>|z|     [95% conf. interv
> al]
-------------+-------------------------------------------------------------
> ---
         F_2 |   .1992937    2.11488     0.09   0.925    -3.945795    4.344
> 382
         F_3 |   .9748689   2.171147     0.45   0.653    -3.280501    5.230
> 238
         F_4 |   1.806521    2.12314     0.85   0.395    -2.354756    5.967
> 798
         F_5 |  -7.635053   2.462365    -3.10   0.002     -12.4612   -2.808
> 907
         L_0 |  -.3439667   2.345069    -0.15   0.883    -4.940217    4.252
> 283
         L_1 |  -1.357872   2.478814    -0.55   0.584    -6.216259    3.500
> 515
         L_2 |  -2.200718   2.535239    -0.87   0.385    -7.169694    2.768
> 258
         L_3 |  -3.110101   2.617859    -1.19   0.235    -8.241011    2.020
> 809
         L_4 |  -3.153389   2.687447    -1.17   0.241    -8.420688    2.113
> 909
         L_5 |  -1.884894   2.541145    -0.74   0.458    -6.865446    3.095
> 659
---------------------------------------------------------------------------
> ---
--- Cengiz, Dube, Lindner and Zipperer (2019) ---
**** Building Stack 2014 ****
**** Building Stack 2015 ****
**** Building Stack 2016 ****
**** Building Stack 2019 ****
**** Appending Stacks ****
**** Estimating Model with reghdfe ****
(MWFE estimator converged in 2 iterations)
note: ref omitted because of collinearity

HDFE Linear regression                            Number of obs   =     40,
> 390
Absorbing 2 HDFE groups                           F(  10,    101) =       5
> .58
Statistics robust to heteroskedasticity           Prob > F        =     0.0
> 000
                                                  R-squared       =     0.9
> 754
                                                  Adj R-squared   =     0.9
> 745
                                                  Within R-sq.    =     0.0
> 040
Number of clusters (unit_stack) =        102      Root MSE        =     8.9
> 433

                           (Std. err. adjusted for 102 clusters in unit_sta
> ck)
---------------------------------------------------------------------------
> ---
             |               Robust
     matched | Coefficient  std. err.      t    P>|t|     [95% conf. interv
> al]
-------------+-------------------------------------------------------------
> ---
         F_2 |  -.2902243   .5469827    -0.53   0.597    -1.375291    .7948
> 423
         F_3 |  -.3064564   .6004327    -0.51   0.611    -1.497553    .8846
> 405
         F_4 |   -.294243   .6092864    -0.48   0.630    -1.502903    .9144
> 174
         F_5 |   1.438866   .7636553     1.88   0.062    -.0760211    2.953
> 752
         L_0 |  -1.031756   .3483956    -2.96   0.004    -1.722879   -.3406
> 328
         L_1 |  -1.926237   .5943174    -3.24   0.002    -3.105203   -.7472
> 716
         L_2 |  -2.535385   .8572275    -2.96   0.004    -4.235894   -.8348
> 762
         L_3 |  -3.799544   1.097886    -3.46   0.001    -5.977454   -1.621
> 634
         L_4 |  -4.471553   1.587312    -2.82   0.006    -7.620353   -1.322
> 753
         L_5 |  -4.595291   2.251459    -2.04   0.044     -9.06158   -.1290
> 012
         ref |          0  (omitted)
       _cons |   35.05362   .1077121   325.44   0.000     34.83995    35.26
> 729
---------------------------------------------------------------------------
> ---

Absorbed degrees of freedom:
--------------------------------------------------------------------+
                Absorbed FE | Categories  - Redundant  = Num. Coefs |
----------------------------+---------------------------------------|
   program_numeric_id#stack |      1495        1495           0    *|
                 year#stack |        40           1          39     |
--------------------------------------------------------------------+
* = FE nested within cluster; treated as redundant for DoF computation
file
    /Users/hhadah/Projects/GiT/residency-medicaid-expansion/output/figure
    > s/appx-estimators-levels.png saved as PNG format
file
    /Users/hhadah/Projects/GiT/residency-medicaid-expansion/output/figure
    > s/appx-estimators-levels.pdf saved as PDF format
file
    /Users/hhadah/Projects/GiT/residency-medicaid-expansion/my_paper/figu
    > res/appx-estimators-levels.png saved as PNG format
file
    /Users/hhadah/Projects/GiT/residency-medicaid-expansion/my_paper/figu
    > res/appx-estimators-levels.pdf saved as PDF format
Exported appx-estimators-levels.png  (BJS pre-trend p = 0.00)

=========================================================================
DiD METHODS COMPARISON: Residency Quota Positions per 100,000 Population
Outcome: quota_per_100k
=========================================================================
--- Two-way fixed effects (OLS) ---
(MWFE estimator converged in 2 iterations)

HDFE Linear regression                            Number of obs   =     40,
> 390
Absorbing 2 HDFE groups                           F(  10,     50) =       4
> .32
Statistics robust to heteroskedasticity           Prob > F        =     0.0
> 002
                                                  R-squared       =     0.9
> 817
                                                  Adj R-squared   =     0.9
> 813
                                                  Within R-sq.    =     0.0
> 070
Number of clusters (state_id) =         51        Root MSE        =     0.0
> 861

                              (Std. err. adjusted for 51 clusters in state_
> id)
---------------------------------------------------------------------------
> ---
             |               Robust
quota_p~100k | Coefficient  std. err.      t    P>|t|     [95% conf. interv
> al]
-------------+-------------------------------------------------------------
> ---
         L_0 |  -.0067187   .0024505    -2.74   0.008    -.0116408   -.0017
> 967
         L_1 |  -.0152759   .0050535    -3.02   0.004    -.0254261   -.0051
> 257
         L_2 |  -.0234139   .0075849    -3.09   0.003    -.0386486   -.0081
> 791
         L_3 |  -.0342688   .0116809    -2.93   0.005    -.0577307    -.010
> 807
         L_4 |  -.0431075   .0197043    -2.19   0.033    -.0826846   -.0035
> 303
         L_5 |  -.0536304    .027921    -1.92   0.060    -.1097114    .0024
> 506
         F_2 |   .0003983   .0080869     0.05   0.961    -.0158448    .0166
> 414
         F_3 |  -.0000518   .0105091    -0.00   0.996    -.0211599    .0210
> 563
         F_4 |   .0027633   .0123062     0.22   0.823    -.0219545    .0274
> 811
         F_5 |  -.0034094   .0158929    -0.21   0.831    -.0353313    .0285
> 125
       _cons |   .2954877   .0010989   268.89   0.000     .2932805     .297
> 695
---------------------------------------------------------------------------
> ---

Absorbed degrees of freedom:
------------------------------------------------------------+
        Absorbed FE | Categories  - Redundant  = Num. Coefs |
--------------------+---------------------------------------|
 program_numeric_id |       859         859           0    *|
               year |        10           1           9     |
------------------------------------------------------------+
* = FE nested within cluster; treated as redundant for DoF computation
--- Borusyak, Jaravel and Spiess (2024) ---

                                                        Number of obs = 40,
> 390
---------------------------------------------------------------------------
> ---
quota_p~100k | Coefficient  Std. err.      z    P>|z|     [95% conf. interv
> al]
-------------+-------------------------------------------------------------
> ---
        tau0 |  -.0073128   .0068223    -1.07   0.284    -.0206843    .0060
> 587
        tau1 |  -.0160281   .0090512    -1.77   0.077    -.0337682    .0017
> 119
        tau2 |  -.0241882   .0111421    -2.17   0.030    -.0460263     -.00
> 235
        tau3 |  -.0349403   .0146073    -2.39   0.017    -.0635702   -.0063
> 104
        tau4 |  -.0439673   .0215408    -2.04   0.041    -.0861865   -.0017
> 481
        tau5 |  -.0540185   .0286951    -1.88   0.060      -.11026    .0022
> 229
        pre1 |    .018609   .0177914     1.05   0.296    -.0162616    .0534
> 796
        pre2 |   .0189964   .0136585     1.39   0.164    -.0077738    .0457
> 667
        pre3 |   .0185502   .0128545     1.44   0.149    -.0066441    .0437
> 445
        pre4 |   .0214273   .0124931     1.72   0.086    -.0030587    .0459
> 133
        pre5 |   .0202728   .0113911     1.78   0.075    -.0020533    .0425
> 988
---------------------------------------------------------------------------
> ---
--- de Chaisemartin and D'Haultfoeuille (2020) ---

The number of placebos which can be estimated is at most 4. The command wil
> l therefore try to estimate 4 placebo(s).


---------------------------------------------------------------------------
> -----
             Estimation of treatment effects: Event-study effects
---------------------------------------------------------------------------
> -----

             |  Estimate         SE      LB CI      UB CI          N 
-------------+-------------------------------------------------------
    Effect_1 | -.0034434   .0065029  -.0161888    .009302      14382 
    Effect_2 | -.0150863    .007719  -.0302153   .0000427      10881 
    Effect_3 | -.0273039   .0099364  -.0467788  -.0078289      10865 
    Effect_4 | -.0329207   .0138982  -.0601608  -.0056807      10844 
    Effect_5 | -.0396874   .0214478  -.0817244   .0023495       7415 

             | Switchers 
-------------+----------
    Effect_1 |       647 
    Effect_2 |       626 
    Effect_3 |       626 
    Effect_4 |       626 
    Effect_5 |       610 
---------------------------------------------------------------------------
> -----
Test of joint nullity of the effects : p-value = .17673074


---------------------------------------------------------------------------
> -----
               Average cumulative (total) effect per treatment unit
---------------------------------------------------------------------------
> -----

             |  Estimate         SE      LB CI      UB CI          N 
-------------+-------------------------------------------------------
  Av_tot_eff | -.0234711   .0101021  -.0432708  -.0036714      23696 

             |    Switch  x Periods 
-------------+---------------------
  Av_tot_eff |      3135            
---------------------------------------------------------------------------
> -----
Average number of time periods over which a treatment's effect is accumulat
> ed = 2.9763955


---------------------------------------------------------------------------
> -----
          Testing the parallel trends and no anticipation assumptions
---------------------------------------------------------------------------
> -----

             |  Estimate         SE      LB CI      UB CI          N 
-------------+-------------------------------------------------------
   Placebo_1 | -.0090441   .0156191   -.039657   .0215688      14382 
   Placebo_2 | -.0123787   .0218116  -.0551287   .0303712      10881 
   Placebo_3 |   -.00819   .0265315  -.0601908   .0438109      10865 
   Placebo_4 |  .0162233   .0373975  -.0570744    .089521       6893 

             | Switchers 
-------------+----------
   Placebo_1 |       647 
   Placebo_2 |       626 
   Placebo_3 |       626 
   Placebo_4 |        88 
---------------------------------------------------------------------------
> -----
Test of joint nullity of the placebos : p-value = .83901943


The development of this package was funded by the European Union (ERC, REAL
> LYCREDIBLE,GA N°101043899).
--- Sun and Abraham (2021) ---
(sum of wgt is 88,279,838,250)
(obs=6,470)

IW estimates for dynamic effects                        Number of obs = 40,
> 390
Absorbing 2 HDFE groups                                 F(31, 50)     =    
>   .
                                                        Prob > F      =    
>   .
                                                        R-squared     = 0.9
> 817
                                                        Adj R-squared = 0.9
> 813
                                                        Root MSE      = 0.0
> 861
                              (Std. err. adjusted for 51 clusters in state_
> id)
---------------------------------------------------------------------------
> ---
             |               Robust
quota_p~100k | Coefficient  std. err.      t    P>|t|     [95% conf. interv
> al]
-------------+-------------------------------------------------------------
> ---
         L_0 |  -.0069238   .0024136    -2.87   0.006    -.0117716   -.0020
> 759
         L_1 |  -.0154608   .0052007    -2.97   0.005    -.0259067   -.0050
> 148
         L_2 |   -.023693   .0077113    -3.07   0.003    -.0391816   -.0082
> 044
         L_3 |  -.0344649   .0117953    -2.92   0.005    -.0581564   -.0107
> 734
         L_4 |  -.0431741   .0199389    -2.17   0.035    -.0832226   -.0031
> 256
         L_5 |  -.0539591   .0278441    -1.94   0.058    -.1098856    .0019
> 674
         F_2 |   .0000943   .0084031     0.01   0.991    -.0167838    .0169
> 723
         F_3 |  -.0003572    .010766    -0.03   0.974    -.0219814     .021
> 267
         F_4 |   .0027109   .0126275     0.21   0.831    -.0226522     .028
> 074
         F_5 |  -.0017922   .0118819    -0.15   0.881    -.0256578    .0220
> 734
---------------------------------------------------------------------------
> ---
--- Gardner (2022) ---
(0 observations deleted)
                               (Std. err. adjusted for clustering on state_
> id)
---------------------------------------------------------------------------
> ---
             | Coefficient  Std. err.      z    P>|z|     [95% conf. interv
> al]
-------------+-------------------------------------------------------------
> ---
         F_2 |   -.024155   .0765094    -0.32   0.752    -.1741108    .1258
> 007
         F_3 |  -.0176421   .0723037    -0.24   0.807    -.1593547    .1240
> 704
         F_4 |  -.0088071   .0688266    -0.13   0.898    -.1437048    .1260
> 906
         F_5 |   .0727888   .1174404     0.62   0.535    -.1573902    .3029
> 679
         L_0 |  -.0309393   .0863196    -0.36   0.720    -.2001226    .1382
> 439
         L_1 |  -.0446491   .0897656    -0.50   0.619    -.2205865    .1312
> 883
         L_2 |  -.0550911   .0933471    -0.59   0.555    -.2380481    .1278
> 659
         L_3 |  -.0631156   .0974342    -0.65   0.517     -.254083    .1278
> 519
         L_4 |  -.0708043   .1012034    -0.70   0.484    -.2691594    .1275
> 507
         L_5 |   -.069617   .1110424    -0.63   0.531    -.2872561    .1480
> 221
---------------------------------------------------------------------------
> ---
--- Cengiz, Dube, Lindner and Zipperer (2019) ---
**** Building Stack 2014 ****
**** Building Stack 2015 ****
**** Building Stack 2016 ****
**** Building Stack 2019 ****
**** Appending Stacks ****
**** Estimating Model with reghdfe ****
(MWFE estimator converged in 2 iterations)
note: ref omitted because of collinearity

HDFE Linear regression                            Number of obs   =    142,
> 150
Absorbing 2 HDFE groups                           F(  10,    101) =       1
> .03
Statistics robust to heteroskedasticity           Prob > F        =     0.4
> 248
                                                  R-squared       =     0.9
> 803
                                                  Adj R-squared   =     0.9
> 801
                                                  Within R-sq.    =     0.0
> 004
Number of clusters (unit_stack) =        102      Root MSE        =     0.1
> 470

                           (Std. err. adjusted for 102 clusters in unit_sta
> ck)
---------------------------------------------------------------------------
> ---
             |               Robust
quota_p~100k | Coefficient  std. err.      t    P>|t|     [95% conf. interv
> al]
-------------+-------------------------------------------------------------
> ---
         F_2 |  -.0086917   .0150619    -0.58   0.565    -.0385704    .0211
> 871
         F_3 |  -.0104937   .0198003    -0.53   0.597    -.0497721    .0287
> 847
         F_4 |  -.0065893   .0237502    -0.28   0.782    -.0537034    .0405
> 248
         F_5 |   .0053762   .0273252     0.20   0.844    -.0488297    .0595
> 821
         L_0 |   -.003543   .0064147    -0.55   0.582     -.016268     .009
> 182
         L_1 |   -.014102   .0070837    -1.99   0.049    -.0281541   -.0000
> 499
         L_2 |  -.0262635   .0089014    -2.95   0.004    -.0439215   -.0086
> 055
         L_3 |  -.0324128   .0125763    -2.58   0.011    -.0573609   -.0074
> 647
         L_4 |  -.0408997   .0196092    -2.09   0.040     -.079799   -.0020
> 003
         L_5 |  -.0427093   .0297377    -1.44   0.154    -.1017009    .0162
> 824
         ref |          0  (omitted)
       _cons |    .549703   .0003442  1597.07   0.000     .5490202    .5503
> 858
---------------------------------------------------------------------------
> ---

Absorbed degrees of freedom:
--------------------------------------------------------------------+
                Absorbed FE | Categories  - Redundant  = Num. Coefs |
----------------------------+---------------------------------------|
   program_numeric_id#stack |      1495        1495           0    *|
                 year#stack |        40           1          39     |
--------------------------------------------------------------------+
* = FE nested within cluster; treated as redundant for DoF computation
file
    /Users/hhadah/Projects/GiT/residency-medicaid-expansion/output/figure
    > s/appx-estimators-quota.png saved as PNG format
file
    /Users/hhadah/Projects/GiT/residency-medicaid-expansion/output/figure
    > s/appx-estimators-quota.pdf saved as PDF format
file
    /Users/hhadah/Projects/GiT/residency-medicaid-expansion/my_paper/figu
    > res/appx-estimators-quota.png saved as PNG format
file
    /Users/hhadah/Projects/GiT/residency-medicaid-expansion/my_paper/figu
    > res/appx-estimators-quota.pdf saved as PDF format
Exported appx-estimators-quota.png  (BJS pre-trend p = 0.09)

. 
. di ""


. di "=================================================================="
==================================================================

. di "DiD methods comparison completed (csdid excluded)."
DiD methods comparison completed (csdid excluded).

. di "  main-estimators.png, appx-estimators-levels.png, appx-estimators-qu
> ota.png"
  main-estimators.png, appx-estimators-levels.png, appx-estimators-quota.pn
> g

. di "=================================================================="
==================================================================

. 
. log close
      name:  <unnamed>
       log:  /Users/hhadah/Projects/GiT/residency-medicaid-expansion/output
> /11-dd-methods-comparison.log
  log type:  text
 closed on:  24 Jul 2026, 08:21:02
---------------------------------------------------------------------------
