--------------------------------------------------
      name:  <unnamed>
       log:  /Users/hhadah/Projects/GiT/residency-
> medicaid-expansion/output/14-mechanism-gme-formu
> la.log
  log type:  text
 opened on:  14 Jun 2026, 21:24:41

. 
. * ----------------------------------------------
> ---------------------------
. * Load data and panel identifiers (same as 05/12
> )
. * ----------------------------------------------
> ---------------------------
. use "${datadir}/cleaned_program_residency_medica
> id.dta", clear

. egen program_numeric_id = group(state institutio
> n_code)

. encode state, gen(state_id)

. xtset program_numeric_id year

Panel variable: program_numeric_id (strongly balan
> ced)
 Time variable: year, 2010 to 2019
         Delta: 1 unit

. 
. * ----------------------------------------------
> ---------------------------
. * Merge the Medicaid GME formula classification 
> (keyed on 2-letter state)
. * ----------------------------------------------
> ---------------------------
. preserve

.     import delimited "${rawdir}/gme_formula_clas
> sification.csv", clear ///
>         varnames(1) stringcols(_all)
(encoding automatically selected: ISO-8859-1)
(3 vars, 51 obs)

.     keep state gme_formula

.     replace state = strtrim(upper(state))
(0 real changes made)

.     tempfile gme

.     save `gme'
file
    /var/folders/yk/l30p1rcd2fsfx74wfvs62cmh0000
    > gn/T//S_79969.000002 saved as .dta format

. restore

. 
. replace state = strtrim(upper(state))
(0 real changes made)

. merge m:1 state using `gme', keep(master match) 
> nogen

    Result                      Number of obs
    -----------------------------------------
    Not matched                             0
    Matched                             8,590  
    -----------------------------------------

. 
. * ----------------------------------------------
> ---------------------------
. * Validate the classification before estimating
. * ----------------------------------------------
> ---------------------------
. di as text "Medicaid GME formula distribution (p
> rogram-years):"
Medicaid GME formula distribution (program-years):

. tab gme_formula, missing

gme_formula |      Freq.     Percent        Cum.
------------+-----------------------------------
       TODO |      1,430       16.65       16.65
      fixed |      2,380       27.71       44.35
       none |      1,960       22.82       67.17
     volume |      2,820       32.83      100.00
------------+-----------------------------------
      Total |      8,590      100.00

. 
. quietly count if treated_state == 1 & (gme_formu
> la == "TODO" | missing(gme_formula))

. if r(N) > 0 {
.     di as error "NOTE: " r(N) " treated (expansi
> on-state) program-years are still"
NOTE: 880 treated (expansion-state) program-years 
> are still
.     di as error "      unclassified (gme_formula
>  == TODO). They are EXCLUDED from both"
      unclassified (gme_formula == TODO). They are
>  EXCLUDED from both
.     di as error "      treated groups below. Cla
> ssify the flagged states in"
      treated groups below. Classify the flagged s
> tates in
.     di as error "      data/raw/gme_formula_clas
> sification.csv to include them."
      data/raw/gme_formula_classification.csv to i
> nclude them.
.     quietly levelsof state if treated_state == 1
>  & gme_formula == "TODO", local(todo_states) cle
> an
.     di as error "      Unclassified expansion st
> ates: `todo_states'"
      Unclassified expansion states: AK LA MD MN N
> M OH
. }

. 
. * Contrast: volume-responsive vs. NOT volume-res
> ponsive (fixed + none).
. * Both 'fixed' and 'none' mean expansion brings 
> no marginal Medicaid GME revenue,
. * so they form the single comparison group; this
>  is the economically relevant
. * split and has more power than a three-way spli
> t. TODO states enter neither group.
. gen byte gme_vol    = (gme_formula == "volume")

. gen byte gme_notvol = inlist(gme_formula, "fixed
> ", "none")

. 
. di as text "Expansion states by formula:"
Expansion states by formula:

. tab gme_formula if treated_state == 1

gme_formula |      Freq.     Percent        Cum.
------------+-----------------------------------
       TODO |        880       13.60       13.60
      fixed |      2,300       35.55       49.15
       none |      1,730       26.74       75.89
     volume |      1,560       24.11      100.00
------------+-----------------------------------
      Total |      6,470      100.00

. di as text "Expansion states by volume-responsiv
> eness (1 = volume-responsive):"
Expansion states by volume-responsiveness (1 = vol
> ume-responsive):

. tab gme_vol if treated_state == 1 & (gme_vol == 
> 1 | gme_notvol == 1)

    gme_vol |      Freq.     Percent        Cum.
------------+-----------------------------------
          0 |      4,030       72.09       72.09
          1 |      1,560       27.91      100.00
------------+-----------------------------------
      Total |      5,590      100.00

. 
. * ----------------------------------------------
> ---------------------------
. * Store group-level summary results
. * ----------------------------------------------
> ---------------------------
. tempname mech

. tempfile mech_file

. postfile `mech' str20 group double att_post pval
> _treat baseline pct n_treat_progs ///
>     using "`mech_file'", replace
(file
    /var/folders/yk/l30p1rcd2fsfx74wfvs62cmh0000
    > gn/T//S_79969.000003 not found)

. 
. local plotnum = 26

. foreach grp in volume notvolume {
  2. 
.     * Sample = this group's expansion states + A
> LL never-expansion controls.
.     preserve
  3.     if "`grp'" == "volume"    keep if treated
> _state == 0 | (treated_state == 1 & gme_vol == 1
> )
  4.     if "`grp'" == "notvolume" keep if treated
> _state == 0 | (treated_state == 1 & gme_notvol =
> = 1)
  5. 
.     quietly count if treated_state == 1
  6.     local n_treated_obs = r(N)
  7.     if (`n_treated_obs' == 0) {
  8.         di as error "No treated observations 
> for group `grp' -- skipping (states unclassified
> ?)."
  9.         restore
 10.         continue
 11.     }
 12. 
.     di ""
 13.     di "=====================================
> ===================================="
 14.     di "MECHANISM SPLIT: `grp'-formula expans
> ion states  vs.  non-expansion controls"
 15.     di "=====================================
> ===================================="
 16. 
.     capture noisily did_imputation matched_per_1
> 00k program_numeric_id year year_expanded ///
>         [aw=total_population_10], horizons(0/5) 
> pretrend(5) ///
>         fe(program_numeric_id year) cluster(stat
> e_id) minn(0)
 17.     if (_rc != 0) {
 18.         di as error "did_imputation failed fo
> r group `grp' (rc=`_rc'). Skipping."
 19.         restore
 20.         continue
 21.     }
 22. 
.     * Average post-treatment ATT and joint signi
> ficance
.     local tau_sum = 0
 23.     local tau_n   = 0
 24.     forval h = 0/5 {
 25.         capture scalar __b = _b[tau`h']
 26.         if (_rc == 0) {
 27.             local tau_sum = `tau_sum' + __b
 28.             local tau_n   = `tau_n' + 1
 29.         }
 30.     }
 31.     local att_post = cond(`tau_n' > 0, `tau_s
> um'/`tau_n', .)
 32.     local treat_p = .
 33.     capture test tau0 tau1 tau2 tau3 tau4 tau
> 5
 34.     if (_rc == 0) local treat_p = r(p)
 35. 
.     quietly summarize matched_per_100k if treate
> d_state == 1 & year < year_expanded [aw=total_po
> pulation_10]
 36.     local baseline = r(mean)
 37.     local pct = cond(`baseline' > 0, 100*`att
> _post'/`baseline', .)
 38. 
.     quietly levelsof program_numeric_id if treat
> ed_state == 1, local(tp)
 39.     local n_tp : word count `tp'
 40. 
.     post `mech' ("`grp'") (`att_post') (`treat_p
> ') (`baseline') (`pct') (`n_tp')
 41.     di as result "Group `grp': avg post ATT =
>  " %6.3f `att_post' ///
>         "  (" %4.1f `pct' "% of baseline " %5.3f
>  `baseline' "); joint p = " %5.3f `treat_p'
 42. 
.     * ---- Event-study plot (same scheme as 05/1
> 2) --------------------------
.     matrix plot_coef = J(11, 3, .)
 43.     matrix colnames plot_coef = period coef s
> e
 44.     local row = 1
 45.     forval h = 5(-1)1 {
 46.         matrix plot_coef[`row',1] = -`h'
 47.         capture matrix plot_coef[`row',2] = _
> b[pre`h']
 48.         capture matrix plot_coef[`row',3] = _
> se[pre`h']
 49.         local ++row
 50.     }
 51.     forval h = 0/5 {
 52.         matrix plot_coef[`row',1] = `h'
 53.         capture matrix plot_coef[`row',2] = _
> b[tau`h']
 54.         capture matrix plot_coef[`row',3] = _
> se[tau`h']
 55.         local ++row
 56.     }
 57.     drop _all
 58.     svmat plot_coef, names(col)
 59.     keep if !missing(period)
 60.     gen ci_upper = coef + 1.96*se
 61.     gen ci_lower = coef - 1.96*se
 62.     gen byte pre_period  = (period < 0)
 63.     gen byte post_period = (period >= 0)
 64. 
.     local glab = cond("`grp'"=="volume", "Volume
> -Responsive GME States", "Non-Responsive GME Sta
> tes (Fixed/None)")
 65.     local fname = cond("`grp'"=="volume", "Vo
> lumeResponsive", "NonResponsive")
 66.     local prefix : display %02.0f `plotnum'
 67.     local post_line ""
 68.     if (`att_post' < .) local post_line "(sca
> tteri `att_post' 0 `att_post' 5, recast(line) lp
> attern(dash) lcolor(red) lwidth(medium))"
 69. 
.     twoway ///
>         (rarea ci_upper ci_lower period if pre_p
> eriod,  fcolor(dkgreen%45) lcolor(dkgreen%45) lw
> idth(none)) ///
>         (rarea ci_upper ci_lower period if post_
> period, fcolor(maroon%45)  lcolor(maroon%45)  lw
> idth(none)) ///
>         (line coef period if pre_period,  lcolor
> (dkgreen) lwidth(medium)) ///
>         (line coef period if post_period, lcolor
> (maroon)  lwidth(medium)) ///
>         (scatter coef period if pre_period,  mco
> lor(dkgreen) msymbol(circle) msize(medlarge)) //
> /
>         (scatter coef period if post_period, mco
> lor(maroon)  msymbol(circle) msize(medlarge)) //
> /
>         `post_line' ///
>         , xline(-0.5, lcolor(black) lwidth(thin)
> ) yline(0, lcolor(black) lwidth(thin)) ///
>         xlabel(-5(1)5, labsize(small)) ylabel(#8
> , labsize(small) format(%9.2f)) ///
>         xtitle("Years relative to Medicaid expan
> sion", size(small)) ///
>         ytitle("Treatment Effect (per 100,000 po
> pulation)", size(small)) ///
>         title("`glab'", size(medsmall)) ///
>         legend(off) graphregion(color(white)) pl
> otregion(color(white))
 70. 
.     graph export "${figdir}/`prefix'-did_matched
> _per_100k_`fname'_event.png", as(png) replace wi
> dth(1200) height(800)
 71.     graph export "${latex_figdir}/`prefix'-di
> d_matched_per_100k_`fname'_event.png", as(png) r
> eplace width(1200) height(800)
 72.     restore
 73.     local ++plotnum
 74. }
(4,910 observations deleted)

==================================================
> =======================
MECHANISM SPLIT: volume-formula expansion states  
> vs.  non-expansion controls
==================================================
> =======================

                                                  
>        Number of obs                            
>                      = 3,680
--------------------------------------------------
> ----------------------------
matched~100k | Coefficient  Std. err.      z    P>
> |z|                                             
>         [95% con                                
>                 f. interval]
-------------+------------------------------------
> ----------------------------
        tau0 |   .0115036   .0087315     1.32   0.
> 188                                             
>        -.0056098                                
>                     .0286171
        tau1 |   .0095666   .0100635     0.95   0.
> 342                                             
>        -.0101574                                
>                     .0292907
        tau2 |   .0071099    .010455     0.68   0.
> 496                                             
>        -.0133815                                
>                     .0276012
        tau3 |   .0126584   .0156124     0.81   0.
> 417                                             
>        -.0179413                                
>                     .0432581
        tau4 |   .0231204   .0227504     1.02   0.
> 310                                             
>        -.0214696                                
>                     .0677104
        tau5 |    .049269   .0288355     1.71   0.
> 088                                             
>        -.0072477                                
>                     .1057856
        pre1 |   .0218258   .0188211     1.16   0.
> 246                                             
>        -.0150629                                
>                     .0587144
        pre2 |   .0078284   .0110827     0.71   0.
> 480                                             
>        -.0138933                                
>                     .0295501
        pre3 |   .0027785   .0111033     0.25   0.
> 802                                             
>        -.0189835                                
>                     .0245405
        pre4 |  -.0083531   .0141141    -0.59   0.
> 554                                             
>        -.0360163                                
>                     .0193101
        pre5 |  -.0331911   .0179927    -1.84   0.
> 065                                             
>        -.0684561                                
>                     .0020739
--------------------------------------------------
> ----------------------------
Group volume: avg post ATT =  0.019  ( 4.4% of bas
> eline 0.432); joint p = 0.012
number of observations will be reset to 11
Press any key to continue, or Break to abort
Number of observations (_N) was 0, now 11.
(0 observations deleted)
file
    /Users/hhadah/Projects/GiT/residency-medicai
    > d-expansion/output/figures/26-did_matched_
    > per_100k_VolumeResponsive_event.png saved
    as PNG format
file
    /Users/hhadah/Projects/GiT/residency-medicai
    > d-expansion/my_paper/figures/26-did_matche
    > d_per_100k_VolumeResponsive_event.png
    saved as PNG format
(2,440 observations deleted)

==================================================
> =======================
MECHANISM SPLIT: notvolume-formula expansion state
> s  vs.  non-expansion controls
==================================================
> =======================

                                                  
>        Number of obs                            
>                      = 6,150
--------------------------------------------------
> ----------------------------
matched~100k | Coefficient  Std. err.      z    P>
> |z|                                             
>         [95% con                                
>                 f. interval]
-------------+------------------------------------
> ----------------------------
        tau0 |  -.0114774   .0061223    -1.87   0.
> 061                                             
>        -.0234769                                
>                     .0005221
        tau1 |  -.0227355   .0085937    -2.65   0.
> 008                                             
>        -.0395787                                
>                    -.0058922
        tau2 |  -.0288577   .0103076    -2.80   0.
> 005                                             
>        -.0490602                                
>                    -.0086553
        tau3 |  -.0413223   .0136338    -3.03   0.
> 002                                             
>         -.068044                                
>                    -.0146006
        tau4 |  -.0512659    .019419    -2.64   0.
> 008                                             
>        -.0893265                                
>                    -.0132053
        tau5 |  -.0598707   .0238509    -2.51   0.
> 012                                             
>        -.1066177                                
>                    -.0131237
        pre1 |   .0122843   .0160631     0.76   0.
> 444                                             
>        -.0191987                                
>                     .0437673
        pre2 |   .0181068   .0117139     1.55   0.
> 122                                             
>        -.0048519                                
>                     .0410656
        pre3 |   .0187659   .0107952     1.74   0.
> 082                                             
>        -.0023923                                
>                     .0399242
        pre4 |   .0207532   .0098409     2.11   0.
> 035                                             
>         .0014655                                
>                     .0400409
        pre5 |   .0210412   .0086157     2.44   0.
> 015                                             
>         .0041547                                
>                     .0379276
--------------------------------------------------
> ----------------------------
Group notvolume: avg post ATT = -0.036  (-20.2% of
>  baseline 0.178); joint p = 0.000
number of observations will be reset to 11
Press any key to continue, or Break to abort
Number of observations (_N) was 0, now 11.
(0 observations deleted)
file
    /Users/hhadah/Projects/GiT/residency-medicai
    > d-expansion/output/figures/27-did_matched_
    > per_100k_NonResponsive_event.png saved as
    PNG format
file
    /Users/hhadah/Projects/GiT/residency-medicai
    > d-expansion/my_paper/figures/27-did_matche
    > d_per_100k_NonResponsive_event.png saved
    as PNG format

. 
. postclose `mech'

. 
. * ----------------------------------------------
> ---------------------------
. * Comparison table
. * ----------------------------------------------
> ---------------------------
. use "`mech_file'", clear

. list, clean noobs

        group     att_post   pval_t~t   baseline  
>        pct   n_trea~s  
       volume    .01887132   .0116279   .4316253  
>   4.372152        156  
    notvolume   -.03592158   .0001931   .1780867  
>  -20.17084        403  

. export delimited using "${tabdir}/26-mechanism-g
> me-formula.csv", replace
(file
    /Users/hhadah/Projects/GiT/residency-medicai
    > d-expansion/output/tables/26-mechanism-gme
    > -formula.csv not found)
file /Users/hhadah/Projects/GiT/residency-medicaid
> -expansion/output/tables/26-mechanism-gme-formul
> a.csv saved

. 
. di ""


. di "============================================
> ======================"
==================================================
> ================

. di "Mechanism (GME-formula) split complete."
Mechanism (GME-formula) split complete.

. di "Figures: 26-did_matched_per_100k_VolumeRespo
> nsive_event.png"
Figures: 26-did_matched_per_100k_VolumeResponsive_
> event.png

. di "         27-did_matched_per_100k_NonResponsi
> ve_event.png"
         27-did_matched_per_100k_NonResponsive_eve
> nt.png

. di "Summary: ${tabdir}/26-mechanism-gme-formula.
> csv"
Summary: /Users/hhadah/Projects/GiT/residency-medi
> caid-expansion/output/tables/26-mechanism-gme-fo
> rmula.csv

. di "NOTE: a formal between-group difference test
>  (e.g., a state-clustered"
NOTE: a formal between-group difference test (e.g.
> , a state-clustered

. di "      bootstrap of the difference in average
>  post-ATTs) is left as a TODO;"
      bootstrap of the difference in average post-
> ATTs) is left as a TODO;

. di "      the two event studies and per-group AT
> Ts are the core deliverable."
      the two event studies and per-group ATTs are
>  the core deliverable.

. di "============================================
> ======================"
==================================================
> ================

. 
. log close
      name:  <unnamed>
       log:  /Users/hhadah/Projects/GiT/residency-
> medicaid-expansion/output/14-mechanism-gme-formu
> la.log
  log type:  text
 closed on:  14 Jun 2026, 21:24:44
--------------------------------------------------
