---------------------------------------------------------------------------------------------------------------------------------------------------------------------------------------------------------
      name:  master
       log:  /Users/hhadah/Projects/GiT/residency-medicaid-expansion/output/99-master-analysis.log
  log type:  text
 opened on:  14 Feb 2026, 10:04:27

. 
. di ""


. di "========================================================================="
=========================================================================

. di "MASTER ANALYSIS SCRIPT"
MASTER ANALYSIS SCRIPT

. di "========================================================================="
=========================================================================

. di "Running all analysis scripts sequentially"
Running all analysis scripts sequentially

. di "Start time: " c(current_date) " " c(current_time)
Start time: 14 Feb 2026 10:04:27

. di "========================================================================="
=========================================================================

. di ""


. 
. * =========================================================================
. * SCRIPT 05: DID Analysis (Weighted, Program-Level)
. * =========================================================================
. di ""


. di ">>> Running Script 05: DID Analysis (Weighted, Program-Level)"
>>> Running Script 05: DID Analysis (Weighted, Program-Level)

. di "    File: 05-dd-analysis.do"
    File: 05-dd-analysis.do

. di ""


. capture noisily do "${progdir}/05-dd-analysis.do"

. * =============================================================================
. * Difference-in-Differences Analysis (no triple DDD)
. * Outcomes: quota, matched, unmatched (quota - matched)
. * Event-study plotting follows prior scheme (pre/post shading + bands)
. * =============================================================================
. 
. clear all

. set more off

. 
. * -------------------------------------------------------------------------
. * Define paths
. * -------------------------------------------------------------------------
. global topdir "/Users/hhadah/Projects/GiT/residency-medicaid-expansion"

. global datadir "${topdir}/data/datasets"

. global figdir "${topdir}/output/figures"

. global tabdir "${topdir}/output/tables"

. global latex_figdir "${topdir}/my_paper/figures"

. 
. cap mkdir "${figdir}"

. cap mkdir "${tabdir}"

. cap mkdir "${latex_figdir}"

. 
. * -------------------------------------------------------------------------
. * Load cleaned data (produced by 02-data-cleaning.R)
. * -------------------------------------------------------------------------
. use "${datadir}/cleaned_program_residency_medicaid.dta", clear

. 
. * -------------------------------------------------------------------------
. * Panel identifiers
. * -------------------------------------------------------------------------
. egen program_numeric_id = group(state institution_code)

. encode state, gen(state_id)

. 
. xtset program_numeric_id year

Panel variable: program_numeric_id (strongly balanced)
 Time variable: year, 2010 to 2019
         Delta: 1 unit

. 
. * -------------------------------------------------------------------------
. * Outcomes and labels
. * -------------------------------------------------------------------------
. global outcomes "matched_per_100k quota_per_100k"

. global label_quota_100k "Residency Quota Positions per 100k Population"

. global label_matched_100k "Matched Residency Positions per 100k Population"

. global label_quota_per_100k "Residency Quota Positions per 100k Population"

. global label_matched_per_100k "Matched Residency Positions per 100k Population"

. 
. global short_quota_100k "quota_100k"

. global short_matched_100k "matched_100k"

. global short_quota_per_100k "quota_per_100k"

. global short_matched_per_100k "matched_per_100k"

. 
. * -------------------------------------------------------------------------
. * Store DID estimates
. * -------------------------------------------------------------------------
. tempname did_results

. tempfile did_results_file

. postfile `did_results' str12 outcome double coef se tstat pvalue avg_treat ///
>     pretrend_p treat_p n_programs n_states using "`did_results_file'", replace
(file /var/folders/yk/l30p1rcd2fsfx74wfvs62cmh0000gn/T//S_05029.000001 not found)

. 
. 
. local plotnum = 5

. foreach outcome of global outcomes {
  2.     capture confirm variable `outcome'
  3.     if _rc != 0 {
  4.         di as error "Outcome `outcome' not found. Skipping."
  5.         continue
  6.     }
  7.     quietly count if treated_state == 1 & !missing(`outcome')
  8.     if (r(N) == 0) {
  9.         di as error "Outcome `outcome': no treated observations with data."
 10.         continue
 11.     }
 12.     quietly count if treated_state == 0 & !missing(`outcome')
 13.     if (r(N) == 0) {
 14.         di as error "Outcome `outcome': no control observations with data."
 15.         continue
 16.     }
 17.     di ""
 18.     di "========================================================================="
 19.     di "DID ANALYSIS: ${label_`outcome'}"
 20.     di "Outcome variable: `outcome'"
 21.     di "========================================================================="
 22.     di ""
 23.     capture noisily did_imputation `outcome' program_numeric_id year year_expanded  [aw=total_population_10], ///
>         horizons(0/5) pretrend(5) fe(program_numeric_id year) ///
>         cluster(state_id) minn(0)
 24.     if (_rc != 0) {
 25.         di as error "did_imputation failed for outcome `outcome'. Error code `_rc'."
 26.         continue
 27.     }
 28.     local coef = _b[tau0]
 29.     local se   = _se[tau0]
 30.     local tstat = `coef' / `se'
 31.     local pvalue = 2*ttail(e(df_r), abs(`tstat'))
 32.     local tau_sum = 0
 33.     local tau_n = 0
 34.     forval h = 0/5 {
 35.         capture scalar __tmp = _b[tau`h']
 36.         if (_rc == 0) {
 37.             local tau_sum = `tau_sum' + __tmp
 38.             local tau_n = `tau_n' + 1
 39.         }
 40.     }
 41.     if (`tau_n' > 0) local avg_treat = `tau_sum' / `tau_n'
 42.     else local avg_treat = .
 43.     local pretrend_p = .
 44.     local treat_p = .
 45.     capture noisily test pre1 pre2 pre3 pre4 pre5
 46.     if (_rc == 0) {
 47.         local pretrend_p = r(p)
 48.     }
 49.     capture noisily test tau0 tau1 tau2 tau3 tau4 tau5
 50.     if (_rc == 0) {
 51.         local treat_p = r(p)
 52.     }
 53.     * Calculate baseline mean (pre-treatment observations in treated states)
.     quietly summarize `outcome' if treated_state == 1 & year < year_expanded [aw=total_population_10]
 54.     local baseline_mean = r(mean)
 55.     if missing(`baseline_mean') | `baseline_mean' == 0 {
 56.         local baseline_mean = 1
 57.     }
 58.     local pct_effect = (`avg_treat' / `baseline_mean') * 100
 59.     if `pct_effect' < -100 {
 60.         local pct_effect = -100
 61.     }
 62.     local n_programs = .
 63.     local n_states = .
 64.     capture levelsof program_numeric_id if !missing(`outcome'), local(active_programs)
 65.     if (_rc == 0) {
 66.         local n_programs : word count `active_programs'
 67.     }
 68.     capture levelsof state_id if !missing(`outcome'), local(active_states)
 69.     if (_rc == 0) {
 70.         local n_states : word count `active_states'
 71.     }
 72.     post `did_results' ("`outcome'") ///
>         (`coef') (`se') (`tstat') (`pvalue') (`avg_treat') ///
>         (`pretrend_p') (`treat_p') (`n_programs') (`n_states')
 73.     di "ATT (tau0): " %9.3f `coef' "  SE: " %9.3f `se' "  p = " %9.3f `pvalue'
 74.     di "Average post-treatment effect: " %9.3f `avg_treat'
 75.     if (`pretrend_p' < .) di "Pretrend joint p-value: " %9.3f `pretrend_p'
 76.     if (`treat_p' < .)   di "Treatment joint p-value: " %9.3f `treat_p'
 77.     matrix plot_coef = J(11, 3, .)
 78.     matrix colnames plot_coef = period coef se
 79.     local row = 1
 80.     forval h = 5(-1)1 {
 81.         matrix plot_coef[`row',1] = -`h'
 82.         capture matrix plot_coef[`row',2] = _b[pre`h']
 83.         capture matrix plot_coef[`row',3] = _se[pre`h']
 84.         local ++row
 85.     }
 86.     forval h = 0/5 {
 87.         matrix plot_coef[`row',1] = `h'
 88.         capture matrix plot_coef[`row',2] = _b[tau`h']
 89.         capture matrix plot_coef[`row',3] = _se[tau`h']
 90.         local ++row
 91.     }
 92.     preserve
 93.     clear
 94.     svmat plot_coef, names(col)
 95.     keep if !missing(period)
 96.     gen ci_upper = coef + 1.96*se
 97.     gen ci_lower = coef - 1.96*se
 98.     gen byte pre_period = (period < 0)
 99.     gen byte post_period = (period >= 0)
100.     local avg_text = cond(`avg_treat' < ., string(`avg_treat', "%9.2f"), "NA")
101.     local treat_text = cond(`treat_p' < ., string(`treat_p', "%9.2f"), "NA")
102.     local baseline_text = string(`baseline_mean', "%9.2f")
103.     local pct_text = string(`pct_effect', "%9.1f")
104.     local post_line ""
105.     if (`avg_treat' < .) {
106.         local post_line "(scatteri `avg_treat' 0 `avg_treat' 5, recast(line) lpattern(dash) lcolor(red) lwidth(medium))"
107.     }
108.     local short = "${short_`outcome'}"
109.         local label = "${label_`outcome'}"
110.         if ("`label'" == "") {
111.                 local label = "`outcome'"
112.         }
113.     local prefix : display %02.0f `plotnum'
114.     local ytitle_str "Treatment Effect (difference-in-differences)"
115.     local plot_title "Event Study: `label'"
116.     * Calculate annotation position dynamically
.     quietly summarize ci_upper
117.     local y_annot = r(max) * 0.9
118.     local x_annot = -3
119.     * Adjust for per 100k outcomes
.     if (strpos("`short'", "_100k") > 0) {
120.         local ytitle_str "Treatment Effect (per 100,000 population)"
121.         local x_annot = -3
122.     }
123.     twoway ///
>         (rarea ci_upper ci_lower period if pre_period, fcolor(dkgreen%45) lcolor(dkgreen%45) lwidth(none)) ///
>         (rarea ci_upper ci_lower period if post_period, fcolor(maroon%45) lcolor(maroon%45) lwidth(none)) ///
>         (line coef period if pre_period, lcolor(dkgreen) lwidth(medium)) ///
>         (line coef period if post_period, lcolor(maroon) lwidth(medium)) ///
>         (scatter coef period if pre_period, mcolor(dkgreen) msymbol(circle) msize(medlarge)) ///
>         (scatter coef period if post_period, mcolor(maroon) msymbol(circle) msize(medlarge)) ///
>         `post_line' ///
>         , ///
>         xline(-0.5, lcolor(black) lpattern(solid) lwidth(thin)) ///
>         yline(0, lcolor(black) lpattern(solid) lwidth(thin)) ///
>         xlabel(-5(1)5, labsize(small)) ///
>         ylabel(#8, labsize(small) format(%9.2f)) ///
>         xtitle("Years relative to Medicaid expansion", size(small)) ///
>         ytitle("`ytitle_str'", size(small)) ///
>         text(`y_annot' `x_annot' `"Baseline Mean: `baseline_text'"' `"Post avg = `avg_text' (`pct_text'%)"' `"p-value = `treat_text'"', size(large)) ///
>         legend(off) ///
>         graphregion(color(white)) plotregion(color(white))
124.     graph export "${figdir}/`prefix'-did_`short'_event.png", as(png) replace width(1200) height(800)
125.     graph export "${latex_figdir}/`prefix'-did_`short'_event.png", as(png) replace width(1200) height(800)
126.     restore
127.     local ++plotnum
128. }

=========================================================================
DID ANALYSIS: Matched Residency Positions per 100k Population
Outcome variable: matched_per_100k
=========================================================================


                                                         Number of obs = 8,590
------------------------------------------------------------------------------
matched~100k | Coefficient  Std. err.      z    P>|z|     [95% conf. interval]
-------------+----------------------------------------------------------------
        tau0 |  -.0067982   .0060637    -1.12   0.262    -.0186828    .0050864
        tau1 |  -.0184325   .0086168    -2.14   0.032    -.0353211    -.001544
        tau2 |  -.0227682   .0101504    -2.24   0.025    -.0426627   -.0028738
        tau3 |  -.0330316   .0136264    -2.42   0.015    -.0597388   -.0063243
        tau4 |  -.0413523   .0195513    -2.12   0.034    -.0796721   -.0030324
        tau5 |  -.0449067   .0242321    -1.85   0.064    -.0924008    .0025874
        pre1 |    .020914   .0168922     1.24   0.216    -.0121941    .0540221
        pre2 |   .0231526    .012712     1.82   0.069    -.0017626    .0480677
        pre3 |   .0223925   .0117858     1.90   0.057    -.0007072    .0454921
        pre4 |   .0215923   .0107333     2.01   0.044     .0005554    .0426291
        pre5 |   .0217051   .0103845     2.09   0.037     .0013519    .0420584
------------------------------------------------------------------------------

 ( 1)  pre1 = 0
 ( 2)  pre2 = 0
 ( 3)  pre3 = 0
 ( 4)  pre4 = 0
 ( 5)  pre5 = 0

           chi2(  5) =    5.62
         Prob > chi2 =    0.3449

 ( 1)  tau0 = 0
 ( 2)  tau1 = 0
 ( 3)  tau2 = 0
 ( 4)  tau3 = 0
 ( 5)  tau4 = 0
 ( 6)  tau5 = 0

           chi2(  6) =   12.74
         Prob > chi2 =    0.0474
ATT (tau0):    -0.007  SE:     0.006  p =         .
Average post-treatment effect:    -0.028
Pretrend joint p-value:     0.345
Treatment joint p-value:     0.047
number of observations will be reset to 11
Press any key to continue, or Break to abort
Number of observations (_N) was 0, now 11.
(0 observations deleted)
file /Users/hhadah/Projects/GiT/residency-medicaid-expansion/output/figures/05-did_matched_per_100k_event.png saved as PNG format
file /Users/hhadah/Projects/GiT/residency-medicaid-expansion/my_paper/figures/05-did_matched_per_100k_event.png saved as PNG format

=========================================================================
DID ANALYSIS: Residency Quota Positions per 100k Population
Outcome variable: quota_per_100k
=========================================================================


                                                         Number of obs = 8,590
------------------------------------------------------------------------------
quota_p~100k | Coefficient  Std. err.      z    P>|z|     [95% conf. interval]
-------------+----------------------------------------------------------------
        tau0 |  -.0067386   .0062624    -1.08   0.282    -.0190126    .0055354
        tau1 |  -.0177485   .0091474    -1.94   0.052     -.035677    .0001801
        tau2 |  -.0249151   .0108443    -2.30   0.022    -.0461695   -.0036607
        tau3 |  -.0353858   .0140456    -2.52   0.012    -.0629147    -.007857
        tau4 |  -.0441661    .020664    -2.14   0.033    -.0846667   -.0036655
        tau5 |  -.0542766   .0284002    -1.91   0.056    -.1099399    .0013867
        pre1 |   .0177813   .0175595     1.01   0.311    -.0166346    .0521972
        pre2 |   .0203807   .0140607     1.45   0.147    -.0071777     .047939
        pre3 |   .0200365   .0128896     1.55   0.120    -.0052267    .0452997
        pre4 |   .0212955   .0120335     1.77   0.077    -.0022898    .0448808
        pre5 |   .0199885    .011229     1.78   0.075    -.0020198    .0419969
------------------------------------------------------------------------------

 ( 1)  pre1 = 0
 ( 2)  pre2 = 0
 ( 3)  pre3 = 0
 ( 4)  pre4 = 0
 ( 5)  pre5 = 0

           chi2(  5) =    6.09
         Prob > chi2 =    0.2976

 ( 1)  tau0 = 0
 ( 2)  tau1 = 0
 ( 3)  tau2 = 0
 ( 4)  tau3 = 0
 ( 5)  tau4 = 0
 ( 6)  tau5 = 0

           chi2(  6) =   17.49
         Prob > chi2 =    0.0076
ATT (tau0):    -0.007  SE:     0.006  p =         .
Average post-treatment effect:    -0.031
Pretrend joint p-value:     0.298
Treatment joint p-value:     0.008
number of observations will be reset to 11
Press any key to continue, or Break to abort
Number of observations (_N) was 0, now 11.
(0 observations deleted)
file /Users/hhadah/Projects/GiT/residency-medicaid-expansion/output/figures/06-did_quota_per_100k_event.png saved as PNG format
file /Users/hhadah/Projects/GiT/residency-medicaid-expansion/my_paper/figures/06-did_quota_per_100k_event.png saved as PNG format

. 
. postclose `did_results'

. 
. use "`did_results_file'", clear

. order outcome coef se tstat pvalue avg_treat pretrend_p treat_p n_programs n_states

. save "${tabdir}/did_summary_residency.dta", replace
file /Users/hhadah/Projects/GiT/residency-medicaid-expansion/output/tables/did_summary_residency.dta saved

. export delimited using "${tabdir}/did_summary_residency.csv", replace
file /Users/hhadah/Projects/GiT/residency-medicaid-expansion/output/tables/did_summary_residency.csv saved

. 
. di ""


. di "=================================================================="
==================================================================

. di "Difference-in-differences estimates completed for quota/matched/unmatched."
Difference-in-differences estimates completed for quota/matched/unmatched.

. di "Summary table:"
Summary table:

. di "  - ${tabdir}/did_summary_residency.dta"
  - /Users/hhadah/Projects/GiT/residency-medicaid-expansion/output/tables/did_summary_residency.dta

. di "  - ${tabdir}/did_summary_residency.csv"
  - /Users/hhadah/Projects/GiT/residency-medicaid-expansion/output/tables/did_summary_residency.csv

. di "Figures:"
Figures:

. di "  - ${figdir}/did_*_event.png (and LaTeX copies)"
  - /Users/hhadah/Projects/GiT/residency-medicaid-expansion/output/figures/did_*_event.png (and LaTeX copies)

. di "=================================================================="
==================================================================

. 
end of do-file

. if (_rc != 0) {
.     di as error "ERROR: Script 05 failed with code " _rc
.     di as error "Check ${outputdir}/05-dd-analysis.log for details"
. }

. else {
.     di as result "COMPLETED: Script 05"
COMPLETED: Script 05
. }

. di ""


. 
. * =========================================================================
. * SCRIPT 07: Heterogeneity Analysis - Urban/Rural (Weighted, Program-Level)
. * =========================================================================
. di ""


. di ">>> Running Script 06: Heterogeneity Analysis Urban/Rural (Weighted)"
>>> Running Script 06: Heterogeneity Analysis Urban/Rural (Weighted)

. di "    File: 06-dd-analysis-hetero.do"
    File: 06-dd-analysis-hetero.do

. di ""


. capture noisily do "${progdir}/06-dd-analysis-hetero.do"

. /*
> Heterogeneity Analysis by Urban/Rural Classification
> Date: January 27th, 2026
> Purpose: Investigate heterogeneity in treatment effects by county-level urban/rural classification using rural_urban_2010 variable
> Urban areas: RUCA codes 1, 2, 3
> Rural areas: RUCA codes > 3
> */
. 
. clear all

. set more off

. 
. * -------------------------------------------------------------------------
. * Define paths
. * -------------------------------------------------------------------------
. global topdir "/Users/hhadah/Projects/GiT/residency-medicaid-expansion"

. global datadir "${topdir}/data/datasets"

. global figdir "${topdir}/output/figures"

. global tabdir "${topdir}/output/tables"

. global latex_figdir "${topdir}/my_paper/figures"

. 
. * Open log file
. log using "${topdir}/output/06-dd-analysis-hetero.log", replace
---------------------------------------------------------------------------------------------------------------------------------------------------------------------------------------------------------
      name:  <unnamed>
       log:  /Users/hhadah/Projects/GiT/residency-medicaid-expansion/output/06-dd-analysis-hetero.log
  log type:  text
 opened on:  14 Feb 2026, 10:04:31

. 
. cap mkdir "${figdir}"

. cap mkdir "${tabdir}"

. cap mkdir "${latex_figdir}"

. 
. * -------------------------------------------------------------------------
. * Load cleaned data (produced by 02-data-cleaning.R)
. * -------------------------------------------------------------------------
. use "${datadir}/cleaned_program_residency_medicaid.dta", clear

. 
. *===============================================================================
. * Data Setup
. *===============================================================================
. 
. * Panel identifiers
. egen program_numeric_id = group(state institution_code)

. encode state, gen(state_id)

. 
. xtset program_numeric_id year

Panel variable: program_numeric_id (strongly balanced)
 Time variable: year, 2010 to 2019
         Delta: 1 unit

. 
. * Create urban/rural group based on rural_urban_2010
. * 0 = Urban (RUCA codes 1, 2, 3), 1 = Rural (RUCA codes > 3)
. gen urban_rural = (rural_urban_2010 > 3) if !missing(rural_urban_2010)
(220 missing values generated)

. label define urban_rural_lab 0 "Urban" 1 "Rural"

. label values urban_rural urban_rural_lab

. 
. * Keep only observations with non-missing group
. keep if !missing(urban_rural)
(220 observations deleted)

. 
. * Display basic information
. describe rural_urban_2010 urban_rural

Variable      Storage   Display    Value
    name         type    format    label      Variable label
---------------------------------------------------------------------------------------------------------------------------------------------------------------------------------------------------------
rural_urba~2010 double  %10.0g                
urban_rural     float   %9.0g      urban_rural_lab
                                              

. tab urban_rural, missing

urban_rural |      Freq.     Percent        Cum.
------------+-----------------------------------
      Urban |      7,810       93.31       93.31
      Rural |        560        6.69      100.00
------------+-----------------------------------
      Total |      8,370      100.00

. di "Urban/Rural coding: 0 = Urban, 1 = Rural"
Urban/Rural coding: 0 = Urban, 1 = Rural

. 
. * -------------------------------------------------------------------------
. * Outcomes and labels
. * -------------------------------------------------------------------------
. global outcomes "matched_per_100k quota_per_100k"

. global label_quota_per_100k "Residency Quota Positions per 100k Population"

. global label_matched_per_100k "Matched Residency Positions per 100k Population"

. 
. global short_quota_per_100k "quota_per_100k"

. global short_matched_per_100k "matched_per_100k"

. 
. *===============================================================================
. * Heterogeneity Analysis - Urban vs Rural
. *===============================================================================
. 
. di ""


. di "========================================================================="
=========================================================================

. di "HETEROGENEITY ANALYSIS: By Urban/Rural Classification"
HETEROGENEITY ANALYSIS: By Urban/Rural Classification

. di "Urban vs Rural"
Urban vs Rural

. di "========================================================================="
=========================================================================

. di ""


. 
. local plotnum = 7

. 
. foreach outcome of global outcomes {
  2.     
.     capture confirm variable `outcome'
  3.     if _rc != 0 {
  4.         di as error "Outcome `outcome' not found. Skipping."
  5.         continue
  6.     }
  7.     
.     quietly count if urban_rural == 0 & treated_state == 1 & !missing(`outcome')
  8.     if (r(N) == 0) {
  9.         di as error "Outcome `outcome': no treated urban observations."
 10.         continue
 11.     }
 12.     
.     quietly count if urban_rural == 1 & treated_state == 1 & !missing(`outcome')
 13.     if (r(N) == 0) {
 14.         di as error "Outcome `outcome': no treated rural observations."
 15.         continue
 16.     }
 17.     
.     di ""
 18.     di "========================================================================="
 19.     di "HETEROGENEITY ANALYSIS: ${label_`outcome'}"
 20.     di "Outcome variable: `outcome'"
 21.     di "========================================================================="
 22.     di ""
 23.     
.     * Run did_imputation with heterogeneous effects by urban/rural (0 = urban, 1 = rural)
.     capture noisily did_imputation `outcome' program_numeric_id year year_expanded [aw=total_population_10], ///
>         horizons(0/5) pretrend(5) ///
>         cluster(state_id) ///
>         hetby(urban_rural) ///
>         fe(program_numeric_id year) ///
>         minn(0) autosample
 24.     
.     if (_rc != 0) {
 25.         di as error "did_imputation failed for outcome `outcome'. Error code `_rc'."
 26.         continue
 27.     }
 28.     
.     * =====================
.     * Post-treatment averages and p-value tests
.     * =====================
.     * Test pretrend assumption
.     test pre1 pre2 pre3 pre4 pre5
 29.     local pretrend_p = r(p)
 30. 
.     * Calculate average effects for both groups
.     local avg_urban = (_b[tau0_0] + _b[tau1_0] + _b[tau2_0] + _b[tau3_0] + _b[tau4_0] + _b[tau5_0])/6
 31.     local avg_rural = (_b[tau0_1] + _b[tau1_1] + _b[tau2_1] + _b[tau3_1] + _b[tau4_1] + _b[tau5_1])/6
 32.     local avg_diff = `avg_rural' - `avg_urban'
 33. 
.     * Test difference in post averages and get p-value
.     testnl ((_b[tau0_1] + _b[tau1_1] + _b[tau2_1] + _b[tau3_1] + _b[tau4_1] + _b[tau5_1])/6) - ((_b[tau0_0] + _b[tau1_0] + _b[tau2_0] + _b[tau3_0] + _b[tau4_0] + _b[tau5_0])/6) = 0
 34.     local avg_diff_p = r(p)
 35. 
.     * Joint test of heterogeneity across all periods
.     test (tau0_0 = tau0_1) (tau1_0 = tau1_1) (tau2_0 = tau2_1) (tau3_0 = tau3_1) (tau4_0 = tau4_1) (tau5_0 = tau5_1)
 36.     local joint_het_p = r(p)
 37. 
.     * Test individual group significance (joint test for post-treatment effects)
.     test tau0_0 tau1_0 tau2_0 tau3_0 tau4_0 tau5_0
 38.     local urban_p = r(p)
 39.     test tau0_1 tau1_1 tau2_1 tau3_1 tau4_1 tau5_1
 40.     local rural_p = r(p)
 41. 
.     * Calculate baseline means (pre-treatment observations in estimation sample)
.     quietly summarize `outcome' if urban_rural == 0 & year < year_expanded & e(sample) [aw=total_population_10]
 42.     local baseline_urban = r(mean)
 43.     if missing(`baseline_urban') | `baseline_urban' == 0 {
 44.         local baseline_urban = 1
 45.     }
 46.     
.     quietly summarize `outcome' if urban_rural == 1 & year < year_expanded & e(sample) [aw=total_population_10]
 47.     local baseline_rural = r(mean)
 48.     if missing(`baseline_rural') | `baseline_rural' == 0 {
 49.         local baseline_rural = 1
 50.     }
 51.     
.     local pct_urban = (`avg_urban' / `baseline_urban') * 100
 52.     local pct_rural = (`avg_rural' / `baseline_rural') * 100
 53.     if `pct_urban' < -100 local pct_urban = -100
 54.     if `pct_rural' < -100 local pct_rural = -100
 55. 
.     * Store values in locals for annotation
.     local text_urban = string(`avg_urban', "%9.2f")
 56.     local text_rural = string(`avg_rural', "%9.2f")
 57.     local text_urban_p = string(`urban_p', "%9.2f")
 58.     local text_rural_p = string(`rural_p', "%9.2f")
 59.     local text_het = string(`joint_het_p', "%9.2f")
 60.     local text_avg_diff = string(`avg_diff', "%9.2f")
 61.     local text_avg_diff_p = string(`avg_diff_p', "%9.2f")
 62.     local text_baseline_urban = string(`baseline_urban', "%9.2f")
 63.     local text_baseline_rural = string(`baseline_rural', "%9.2f")
 64.     local text_pct_urban = string(`pct_urban', "%9.1f")
 65.     local text_pct_rural = string(`pct_rural', "%9.1f")
 66.     
.     di "Average urban effect: " %9.3f `avg_urban' " (p = " %9.3f `urban_p' ")"
 67.     di "Average rural effect: " %9.3f `avg_rural' " (p = " %9.3f `rural_p' ")"
 68.     di "Difference (rural - urban): " %9.3f `avg_diff' " (p = " %9.3f `avg_diff_p' ")"
 69.     di "Joint heterogeneity test p-value: " %9.3f `joint_het_p'
 70.     di "Pretrend joint p-value: " %9.3f `pretrend_p'
 71. 
.     * =====================
.     * Plotting with annotation
.     * =====================
.     * Create matrices for both groups (0 = urban, 1 = rural)
.     matrix urban = J(11, 5, .)  // 5 pretrends + 6 treatment periods
 72.     matrix rural = J(11, 5, .)
 73.     matrix colnames urban = period coef se ci_upper ci_lower
 74.     matrix colnames rural = period coef se ci_upper ci_lower
 75.     
.     local row = 1
 76.     
.     * Pretrend coefficients (same for both groups)
.     forval h = 5(-1)1 {
 77.         * Urban counties
.         matrix urban[`row',1] = -`h'
 78.         matrix urban[`row',2] = _b[pre`h']
 79.         matrix urban[`row',3] = _se[pre`h']
 80.         matrix urban[`row',4] = _b[pre`h'] + 1.96*_se[pre`h']
 81.         matrix urban[`row',5] = _b[pre`h'] - 1.96*_se[pre`h']
 82.         
.         * Rural counties (same pretrends)
.         matrix rural[`row',1] = -`h'
 83.         matrix rural[`row',2] = _b[pre`h']
 84.         matrix rural[`row',3] = _se[pre`h']  
 85.         matrix rural[`row',4] = _b[pre`h'] + 1.96*_se[pre`h']
 86.         matrix rural[`row',5] = _b[pre`h'] - 1.96*_se[pre`h']
 87.         
.         local ++row
 88.     }
 89.     
.     * Treatment coefficients - separate by group
.     forval h = 0/5 {
 90.         * Urban (tau_0)
.         matrix urban[`row',1] = `h'
 91.         matrix urban[`row',2] = _b[tau`h'_0]
 92.         matrix urban[`row',3] = _se[tau`h'_0]
 93.         matrix urban[`row',4] = _b[tau`h'_0] + 1.96*_se[tau`h'_0]
 94.         matrix urban[`row',5] = _b[tau`h'_0] - 1.96*_se[tau`h'_0]
 95.         
.         * Rural (tau_1)
.         matrix rural[`row',1] = `h'
 96.         matrix rural[`row',2] = _b[tau`h'_1]
 97.         matrix rural[`row',3] = _se[tau`h'_1]
 98.         matrix rural[`row',4] = _b[tau`h'_1] + 1.96*_se[tau`h'_1]
 99.         matrix rural[`row',5] = _b[tau`h'_1] - 1.96*_se[tau`h'_1]
100.         
.         local ++row
101.     }
102.     
.     * Convert matrices to variables for plotting
.     preserve
103.     clear
104.     svmat urban, names(urb)
105.     svmat rural, names(rur)
106.     
.     * Rename variables
.     rename urb1 urb_period
107.     rename urb2 urb_coef  
108.     rename urb3 urb_se
109.     rename urb4 urb_ci_upper
110.     rename urb5 urb_ci_lower
111.     
.     rename rur1 rur_period
112.     rename rur2 rur_coef
113.     rename rur3 rur_se  
114.     rename rur4 rur_ci_upper
115.     rename rur5 rur_ci_lower
116.     
.     * Create pre/post indicators for plotting
.     gen urb_pre = (urb_period < 0)
117.     gen urb_post = (urb_period >= 0)
118.     gen rur_pre = (rur_period < 0)  
119.     gen rur_post = (rur_period >= 0)
120. 
.     * Calculate dynamic annotation coordinates using maximum upper confidence intervals from both groups
.     quietly summarize urb_ci_upper
121.     local max1 = r(max)
122.     quietly summarize rur_ci_upper
123.     local max2 = r(max) 
124.     local y_annot = max(`max1', `max2') * 0.9
125.     local x_annot = -2
126.     
.     local short = "${short_`outcome'}"
127.     local label = "${label_`outcome'}"
128.     if ("`label'" == "") {
129.         local label = "`outcome'"
130.     }
131.     local prefix : display %02.0f `plotnum'
132.     local ytitle_str "Treatment Effect (difference-in-differences)"
133.     local plot_title "Heterogeneity: Urban vs Rural - `label'"
134.     
.     * Adjust for per 100k outcomes
.     if (strpos("`short'", "_100k") > 0) {
135.         local ytitle_str "Treatment Effect (per 100,000 population)"
136.         local x_annot = -2
137.     }
138.     
.     * Create combined plot using twoway, with annotation
.     twoway (rarea urb_ci_upper urb_ci_lower urb_period if urb_pre, fcolor("31 119 180%20") lcolor("31 119 180%20") lwidth(none)) ///
>            (rarea urb_ci_upper urb_ci_lower urb_period if urb_post, fcolor("31 119 180%20") lcolor("31 119 180%20") lwidth(none)) ///
>            (rarea rur_ci_upper rur_ci_lower rur_period if rur_pre, fcolor("255 127 14%25") lcolor("255 127 14%25") lwidth(none)) ///
>            (rarea rur_ci_upper rur_ci_lower rur_period if rur_post, fcolor("255 127 14%25") lcolor("255 127 14%25") lwidth(none)) ///
>            (line urb_coef urb_period if urb_pre, lcolor("31 119 180") lwidth(medium) lpattern(solid)) ///
>            (line urb_coef urb_period if urb_post, lcolor("31 119 180") lwidth(medium) lpattern(solid)) ///
>            (line rur_coef rur_period if rur_pre, lcolor("255 127 14") lwidth(medium) lpattern(dash)) ///
>            (line rur_coef rur_period if rur_post, lcolor("255 127 14") lwidth(medium) lpattern(dash)) ///
>            (scatter urb_coef urb_period if urb_pre, mcolor("31 119 180") msize(medium) msymbol(circle)) ///
>            (scatter urb_coef urb_period if urb_post, mcolor("31 119 180") msize(medium) msymbol(circle)) ///
>            (scatter rur_coef rur_period if rur_pre, mcolor("255 127 14") msize(medium) msymbol(triangle)) ///
>            (scatter rur_coef rur_period if rur_post, mcolor("255 127 14") msize(medium) msymbol(triangle)) ///
>            , ///
>            xline(-0.5, lcolor(black) lpattern(solid) lwidth(thin)) ///
>            yline(0, lcolor(black) lpattern(solid) lwidth(thin)) ///
>            xlabel(-5(1)5, labsize(small)) ///
>            ylabel(#10, labsize(small) format(%9.2f)) ///
>            xtitle("Years relative to Medicaid expansion", size(small)) ///
>            ytitle("`ytitle_str'", size(small)) ///
>            legend(order(9 11) label(9 "Urban") label(11 "Rural") ///
>                position(6) rows(1) size(small)) ///
>            text(`y_annot' `x_annot' `"Urban Avg: `text_urban' (p=`text_urban_p')"' `"Rural Avg: `text_rural' (p=`text_rural_p')"' `"Difference: `text_avg_diff' (p=`text_avg_diff_p')"', size(large)) /
> //
>            graphregion(color(white)) plotregion(color(white))
139.     
.     graph export "${figdir}/`prefix'-hetero_urbanrural_`short'_event.png", as(png) replace width(1200) height(800)
140.     graph export "${latex_figdir}/`prefix'-hetero_urbanrural_`short'_event.png", as(png) replace width(1200) height(800)
141.     
.     restore
142.     local ++plotnum
143. }

=========================================================================
HETEROGENEITY ANALYSIS: Matched Residency Positions per 100k Population
Outcome variable: matched_per_100k
=========================================================================


                                                         Number of obs = 8,370
------------------------------------------------------------------------------
matched~100k | Coefficient  Std. err.      z    P>|z|     [95% conf. interval]
-------------+----------------------------------------------------------------
      tau0_0 |  -.0051979   .0064379    -0.81   0.419    -.0178161    .0074202
      tau0_1 |  -.0263253   .0049252    -5.35   0.000    -.0359784   -.0166722
      tau1_0 |  -.0171434   .0089663    -1.91   0.056     -.034717    .0004301
      tau1_1 |  -.0366088   .0082844    -4.42   0.000    -.0528459   -.0203718
      tau2_0 |  -.0212174   .0104678    -2.03   0.043     -.041734   -.0007007
      tau2_1 |  -.0465598   .0094475    -4.93   0.000    -.0650765    -.028043
      tau3_0 |  -.0313015   .0139182    -2.25   0.025    -.0585807   -.0040224
      tau3_1 |  -.0564539    .014007    -4.03   0.000    -.0839072   -.0290007
      tau4_0 |  -.0401712   .0199564    -2.01   0.044    -.0792851   -.0010573
      tau4_1 |  -.0556862   .0214607    -2.59   0.009    -.0977483   -.0136241
      tau5_0 |  -.0432005   .0245634    -1.76   0.079    -.0913439     .004943
      tau5_1 |  -.0532531   .0272825    -1.95   0.051    -.1067257    .0002195
        pre1 |   .0215534   .0170566     1.26   0.206    -.0118768    .0549836
        pre2 |   .0233792   .0127774     1.83   0.067    -.0016641    .0484225
        pre3 |   .0221359   .0118641     1.87   0.062    -.0011174    .0453891
        pre4 |   .0212684   .0107669     1.98   0.048     .0001657    .0423712
        pre5 |   .0211702   .0103585     2.04   0.041     .0008679    .0414724
------------------------------------------------------------------------------

 ( 1)  pre1 = 0
 ( 2)  pre2 = 0
 ( 3)  pre3 = 0
 ( 4)  pre4 = 0
 ( 5)  pre5 = 0

           chi2(  5) =    5.45
         Prob > chi2 =    0.3630

  (1)  ((_b[tau0_1] + _b[tau1_1] + _b[tau2_1] + _b[tau3_1] + _b[tau4_1] + _b[tau5_1])/6) - ((_b[tau0_0] + _b[tau1_0] + _b[tau2_0] + _b[tau3_0] + _b[tau4_0] + _b[tau5_0])/6) = 0

               chi2(1) =        8.77
           Prob > chi2 =        0.0031

 ( 1)  tau0_0 - tau0_1 = 0
 ( 2)  tau1_0 - tau1_1 = 0
 ( 3)  tau2_0 - tau2_1 = 0
 ( 4)  tau3_0 - tau3_1 = 0
 ( 5)  tau4_0 - tau4_1 = 0
 ( 6)  tau5_0 - tau5_1 = 0

           chi2(  6) =   45.11
         Prob > chi2 =    0.0000

 ( 1)  tau0_0 = 0
 ( 2)  tau1_0 = 0
 ( 3)  tau2_0 = 0
 ( 4)  tau3_0 = 0
 ( 5)  tau4_0 = 0
 ( 6)  tau5_0 = 0

           chi2(  6) =   12.79
         Prob > chi2 =    0.0465

 ( 1)  tau0_1 = 0
 ( 2)  tau1_1 = 0
 ( 3)  tau2_1 = 0
 ( 4)  tau3_1 = 0
 ( 5)  tau4_1 = 0
 ( 6)  tau5_1 = 0

           chi2(  6) =   47.78
         Prob > chi2 =    0.0000
Average urban effect:    -0.026 (p =     0.047)
Average rural effect:    -0.046 (p =     0.000)
Difference (rural - urban):    -0.019 (p =     0.003)
Joint heterogeneity test p-value:     0.000
Pretrend joint p-value:     0.363
number of observations will be reset to 11
Press any key to continue, or Break to abort
Number of observations (_N) was 0, now 11.
file /Users/hhadah/Projects/GiT/residency-medicaid-expansion/output/figures/07-hetero_urbanrural_matched_per_100k_event.png saved as PNG format
file /Users/hhadah/Projects/GiT/residency-medicaid-expansion/my_paper/figures/07-hetero_urbanrural_matched_per_100k_event.png saved as PNG format

=========================================================================
HETEROGENEITY ANALYSIS: Residency Quota Positions per 100k Population
Outcome variable: quota_per_100k
=========================================================================


                                                         Number of obs = 8,370
------------------------------------------------------------------------------
quota_p~100k | Coefficient  Std. err.      z    P>|z|     [95% conf. interval]
-------------+----------------------------------------------------------------
      tau0_0 |   -.005225   .0066498    -0.79   0.432    -.0182584    .0078084
      tau0_1 |   -.024541   .0052256    -4.70   0.000    -.0347831   -.0142989
      tau1_0 |  -.0163901   .0095815    -1.71   0.087    -.0351694    .0023892
      tau1_1 |  -.0364764   .0084982    -4.29   0.000    -.0531326   -.0198203
      tau2_0 |  -.0235733   .0112009    -2.10   0.035    -.0455267     -.00162
      tau2_1 |  -.0465289    .010318    -4.51   0.000    -.0667519    -.026306
      tau3_0 |  -.0337714   .0144061    -2.34   0.019    -.0620069   -.0055359
      tau3_1 |  -.0576658   .0141559    -4.07   0.000    -.0854108   -.0299208
      tau4_0 |  -.0430776   .0210285    -2.05   0.041    -.0842928   -.0018625
      tau4_1 |   -.054698   .0231169    -2.37   0.018    -.1000064   -.0093896
      tau5_0 |  -.0528158   .0287105    -1.84   0.066    -.1090873    .0034557
      tau5_1 |  -.0525861   .0326908    -1.61   0.108     -.116659    .0114867
        pre1 |   .0183814   .0177586     1.04   0.301    -.0164249    .0531876
        pre2 |    .020547   .0141755     1.45   0.147    -.0072365    .0483305
        pre3 |   .0198315   .0129831     1.53   0.127    -.0056148    .0452779
        pre4 |   .0209243   .0120941     1.73   0.084    -.0027797    .0446282
        pre5 |   .0193266   .0112451     1.72   0.086    -.0027134    .0413665
------------------------------------------------------------------------------

 ( 1)  pre1 = 0
 ( 2)  pre2 = 0
 ( 3)  pre3 = 0
 ( 4)  pre4 = 0
 ( 5)  pre5 = 0

           chi2(  5) =    6.02
         Prob > chi2 =    0.3039

  (1)  ((_b[tau0_1] + _b[tau1_1] + _b[tau2_1] + _b[tau3_1] + _b[tau4_1] + _b[tau5_1])/6) - ((_b[tau0_0] + _b[tau1_0] + _b[tau2_0] + _b[tau3_0] + _b[tau4_0] + _b[tau5_0])/6) = 0

               chi2(1) =        5.36
           Prob > chi2 =        0.0206

 ( 1)  tau0_0 - tau0_1 = 0
 ( 2)  tau1_0 - tau1_1 = 0
 ( 3)  tau2_0 - tau2_1 = 0
 ( 4)  tau3_0 - tau3_1 = 0
 ( 5)  tau4_0 - tau4_1 = 0
 ( 6)  tau5_0 - tau5_1 = 0

           chi2(  6) =   35.17
         Prob > chi2 =    0.0000

 ( 1)  tau0_0 = 0
 ( 2)  tau1_0 = 0
 ( 3)  tau2_0 = 0
 ( 4)  tau3_0 = 0
 ( 5)  tau4_0 = 0
 ( 6)  tau5_0 = 0

           chi2(  6) =   16.34
         Prob > chi2 =    0.0120

 ( 1)  tau0_1 = 0
 ( 2)  tau1_1 = 0
 ( 3)  tau2_1 = 0
 ( 4)  tau3_1 = 0
 ( 5)  tau4_1 = 0
 ( 6)  tau5_1 = 0

           chi2(  6) =   43.27
         Prob > chi2 =    0.0000
Average urban effect:    -0.029 (p =     0.012)
Average rural effect:    -0.045 (p =     0.000)
Difference (rural - urban):    -0.016 (p =     0.021)
Joint heterogeneity test p-value:     0.000
Pretrend joint p-value:     0.304
number of observations will be reset to 11
Press any key to continue, or Break to abort
Number of observations (_N) was 0, now 11.
file /Users/hhadah/Projects/GiT/residency-medicaid-expansion/output/figures/08-hetero_urbanrural_quota_per_100k_event.png saved as PNG format
file /Users/hhadah/Projects/GiT/residency-medicaid-expansion/my_paper/figures/08-hetero_urbanrural_quota_per_100k_event.png saved as PNG format

. 
. di ""


. di "========================================================================="
=========================================================================

. di "HETEROGENEITY ANALYSIS BY URBAN/RURAL CLASSIFICATION COMPLETED"
HETEROGENEITY ANALYSIS BY URBAN/RURAL CLASSIFICATION COMPLETED

. di "Event study plots saved to:"
Event study plots saved to:

. di "  - ${figdir}/50-hetero_urbanrural_*_event.png"
  - /Users/hhadah/Projects/GiT/residency-medicaid-expansion/output/figures/50-hetero_urbanrural_*_event.png

. di "  - ${latex_figdir}/50-hetero_urbanrural_*_event.png"
  - /Users/hhadah/Projects/GiT/residency-medicaid-expansion/my_paper/figures/50-hetero_urbanrural_*_event.png

. di "========================================================================="
=========================================================================

. 
. log close
      name:  <unnamed>
       log:  /Users/hhadah/Projects/GiT/residency-medicaid-expansion/output/06-dd-analysis-hetero.log
  log type:  text
 closed on:  14 Feb 2026, 10:04:35
---------------------------------------------------------------------------------------------------------------------------------------------------------------------------------------------------------

. 
end of do-file

. if (_rc != 0) {
.     di as error "ERROR: Script 06 failed with code " _rc
.     di as error "Check ${outputdir}/06-dd-analysis-hetero.log for details"
. }

. else {
.     di as result "COMPLETED: Script 06"
COMPLETED: Script 06
. }

. di ""


. 
. * =========================================================================
. * SCRIPT 07: DID Analysis by Specialty (Primary Care vs Non-Primary Care)
. * =========================================================================
. di ""


. di ">>> Running Script 07: DID Analysis (Primary Care vs Non-Primary Care)"
>>> Running Script 07: DID Analysis (Primary Care vs Non-Primary Care)

. di "    File: 07-did-analysis-byspeciality.do"
    File: 07-did-analysis-byspeciality.do

. di ""


. capture noisily do "${progdir}/07-did-analysis-byspeciality.do"

. * =============================================================================
. * Difference-in-Differences Analysis: Primary Care vs Non-Primary Care
. * Primary care: FM, IM, Peds (general, family, general internal, geriatrics,
. *               and general pediatrics medicine)
. * Outcomes: quota, matched per 100k population
. * Event-study plotting follows prior scheme (pre/post shading + bands)
. * =============================================================================
. 
. cls

. clear all

. set more off

. 
. * -------------------------------------------------------------------------
. * Define paths
. * -------------------------------------------------------------------------
. global topdir "/Users/hhadah/Projects/GiT/residency-medicaid-expansion"

. global datadir "${topdir}/data/datasets"

. global raw "${topdir}/data/raw"

. global figdir "${topdir}/output/figures"

. global tabdir "${topdir}/output/tables"

. global latex_figdir "${topdir}/my_paper/figures"

. 
. * Open log file
. log using "${topdir}/output/06-did-analysis-byspeciality.log", replace
---------------------------------------------------------------------------------------------------------------------------------------------------------------------------------------------------------
      name:  <unnamed>
       log:  /Users/hhadah/Projects/GiT/residency-medicaid-expansion/output/06-did-analysis-byspeciality.log
  log type:  text
 opened on:  14 Feb 2026, 10:04:35

. 
. cap mkdir "${figdir}"

. cap mkdir "${tabdir}"

. cap mkdir "${latex_figdir}"

. 
. * -------------------------------------------------------------------------
. * Load cleaned data
. * -------------------------------------------------------------------------
. use "${datadir}/cleaned_residency_medicaid.dta", clear

. 
. * -------------------------------------------------------------------------
. * Use gen_specialty_alt for specialty grouping
. * -------------------------------------------------------------------------
. capture confirm variable gen_specialty_alt

. if _rc != 0 {
.     di as error "Variable gen_specialty_alt not found. Check data."
.     exit 459
. }

. 
. di "Specialty distribution (gen_specialty_alt):"
Specialty distribution (gen_specialty_alt):

. tab gen_specialty_alt

gen_special |
     ty_alt |      Freq.     Percent        Cum.
------------+-----------------------------------
     Anesth |      1,540        3.49        3.49
       Derm |      1,330        3.01        6.50
         EM |      2,350        5.32       11.82
        ENT |      1,100        2.49       14.31
         FM |      5,460       12.37       26.68
   Genomics |         10        0.02       26.70
         IM |      6,370       14.43       41.13
      Neuro |      2,410        5.46       46.59
      OBGYN |      2,740        6.21       52.80
       ONMS |         30        0.07       52.87
        PMR |        930        2.11       54.97
       Path |      1,450        3.28       58.26
       Peds |      2,520        5.71       63.96
    PrevMed |         80        0.18       64.14
      Psych |      2,570        5.82       69.97
        Rad |      2,910        6.59       76.56
     RadOnc |        970        2.20       78.75
       Surg |      7,750       17.55       96.31
         TY |      1,630        3.69      100.00
------------+-----------------------------------
      Total |     44,150      100.00

. 
. * -------------------------------------------------------------------------
. * Build primary care vs non-primary care grouping
. * Primary care: FM (Family Medicine), IM (Internal Medicine), Peds (Pediatrics)
. * These encompass general, family, general internal, geriatrics, and
. * general pediatrics medicine
. * -------------------------------------------------------------------------
. 
. * Check for unclassified rows (empty or missing gen_specialty_alt)
. quietly count if missing(gen_specialty_alt) | gen_specialty_alt == ""

. if r(N) > 0 {
.     di as error "WARNING: " r(N) " rows have missing gen_specialty_alt - dropping"
.     drop if missing(gen_specialty_alt) | gen_specialty_alt == ""
. }

. 
. capture drop primary_care specialty_group specialty_group_name

. gen byte primary_care = inlist(gen_specialty_alt, "FM", "IM", "Peds")

. gen byte specialty_group = primary_care + 1   // 1 = Non-Primary Care, 2 = Primary Care

. gen str30 specialty_group_name = cond(primary_care == 1, "Primary Care", "Non-Primary Care")

. 
. di "Primary care classification:"
Primary care classification:

. tab gen_specialty_alt primary_care

gen_specia |     primary_care
   lty_alt |         0          1 |     Total
-----------+----------------------+----------
    Anesth |     1,540          0 |     1,540 
      Derm |     1,330          0 |     1,330 
        EM |     2,350          0 |     2,350 
       ENT |     1,100          0 |     1,100 
        FM |         0      5,460 |     5,460 
  Genomics |        10          0 |        10 
        IM |         0      6,370 |     6,370 
     Neuro |     2,410          0 |     2,410 
     OBGYN |     2,740          0 |     2,740 
      ONMS |        30          0 |        30 
       PMR |       930          0 |       930 
      Path |     1,450          0 |     1,450 
      Peds |         0      2,520 |     2,520 
   PrevMed |        80          0 |        80 
     Psych |     2,570          0 |     2,570 
       Rad |     2,910          0 |     2,910 
    RadOnc |       970          0 |       970 
      Surg |     7,750          0 |     7,750 
        TY |     1,630          0 |     1,630 
-----------+----------------------+----------
     Total |    29,800     14,350 |    44,150 

. 
. * -------------------------------------------------------------------------
. * Check specialty group distribution
. * -------------------------------------------------------------------------
. di "Specialty group distribution (Primary Care vs Non-Primary Care):"
Specialty group distribution (Primary Care vs Non-Primary Care):

. tab specialty_group specialty_group_name

specialty_ | specialty_group_name
     group | Non-Pri..  Primary.. |     Total
-----------+----------------------+----------
         1 |    29,800          0 |    29,800 
         2 |         0     14,350 |    14,350 
-----------+----------------------+----------
     Total |    29,800     14,350 |    44,150 

. * -------------------------------------------------------------------------
. * Recreate treatment flags
. * -------------------------------------------------------------------------
. capture confirm variable treated_state

. if _rc != 0 {
.     gen byte treated_state = (year_expanded < .)
. }

. 
. capture confirm variable post_expansion

. if _rc != 0 {
.     gen byte post_expansion = ///
>         (treated_state == 1 & year_expanded < . & year >= year_expanded)
. }

. 
. capture confirm variable treated_post

. if _rc != 0 {
.     gen byte treated_post = treated_state * post_expansion
. }

. 
. capture confirm variable year_expanded

. if _rc != 0 {
.     di as error "Variable year_expanded not found. Re-run 02-data-cleaning.R."
.     exit 459
. }

. 
. * -------------------------------------------------------------------------
. * Panel identifiers
. * -------------------------------------------------------------------------
. egen program_numeric_id = group(state institution_code)

. encode state, gen(state_id)

. 
. * -------------------------------------------------------------------------
. * Outcomes and labels
. * -------------------------------------------------------------------------
. global outcomes "matched_per_100k quota_per_100k"

. global label_quota_per_100k "Residency Quota Positions per 100k Population"

. global label_matched_per_100k "Matched Residency Positions per 100k Population"

. 
. global short_quota_per_100k "quota_per_100k"

. global short_matched_per_100k "matched_per_100k"

. 
. * -------------------------------------------------------------------------
. * Store DID estimates by specialty
. * -------------------------------------------------------------------------
. tempname did_results_spec

. tempfile did_results_spec_file

. postfile `did_results_spec' str30 specialty str12 outcome double coef se tstat pvalue avg_treat ///
>     pretrend_p treat_p n_programs n_states using "`did_results_spec_file'", replace
(file /var/folders/yk/l30p1rcd2fsfx74wfvs62cmh0000gn/T//S_05029.000001 not found)

. 
. local plotnum = 9

. 
. * Loop over each specialty group
. levelsof specialty_group, local(spec_groups)
1 2

. foreach spec of local spec_groups {
  2.     * Get the specialty group name for this group
.     levelsof specialty_group_name if specialty_group == `spec', local(spec_name) clean
  3.     
.     di ""
  4.     di "========================================================================="
  5.     di "SPECIALTY GROUP: `spec_name'"
  6.     di "========================================================================="
  7.     
.     foreach outcome of global outcomes {
  8.         capture confirm variable `outcome'
  9.         if _rc != 0 {
 10.             di as error "Outcome `outcome' not found. Skipping."
 11.             continue
 12.         }
 13.         
.         quietly count if specialty_group == `spec' & treated_state == 1 & !missing(`outcome')
 14.         if (r(N) == 0) {
 15.             di as error "  `outcome': no treated observations for `spec_name'."
 16.             continue
 17.         }
 18.         
.         quietly count if specialty_group == `spec' & treated_state == 0 & !missing(`outcome')
 19.         if (r(N) == 0) {
 20.             di as error "  `outcome': no control observations for `spec_name'."
 21.             continue
 22.         }
 23.         
.         di ""
 24.         di "--- Outcome: `outcome' ---"
 25.         
.         capture noisily did_imputation `outcome' program_numeric_id year year_expanded ///
>             [aw=total_population_10] if specialty_group == `spec', ///
>             horizons(0/5) pretrend(5) fe(program_numeric_id year) ///
>             cluster(state_id) minn(0)
 26.         
.         if (_rc != 0) {
 27.             di as error "did_imputation failed. Error code `_rc'."
 28.             continue
 29.         }
 30.         
.         local coef = _b[tau0]
 31.         local se   = _se[tau0]
 32.         local tstat = `coef' / `se'
 33.         local pvalue = 2*ttail(e(df_r), abs(`tstat'))
 34.         
.         local tau_sum = 0
 35.         local tau_n = 0
 36.         forval h = 0/5 {
 37.             capture scalar __tmp = _b[tau`h']
 38.             if (_rc == 0) {
 39.                 local tau_sum = `tau_sum' + __tmp
 40.                 local tau_n = `tau_n' + 1
 41.             }
 42.         }
 43.         if (`tau_n' > 0) local avg_treat = `tau_sum' / `tau_n'
 44.         else local avg_treat = .
 45.         
.         local pretrend_p = .
 46.         local treat_p = .
 47.         capture noisily test pre1 pre2 pre3 pre4 pre5
 48.         if (_rc == 0) local pretrend_p = r(p)
 49.         
.         capture noisily test tau0 tau1 tau2 tau3 tau4 tau5
 50.         if (_rc == 0) local treat_p = r(p)
 51.         
.         * Calculate baseline mean (pre-treatment observations for this specialty in treated states)
.         quietly summarize `outcome' if specialty_group == `spec' & treated_state == 1 & year < year_expanded [aw=total_population_10]
 52.         local baseline_mean = r(mean)
 53.         if missing(`baseline_mean') | `baseline_mean' == 0 {
 54.             local baseline_mean = 1
 55.         }
 56.         local pct_effect = (`avg_treat' / `baseline_mean') * 100
 57.         if `pct_effect' < -100 {
 58.             local pct_effect = -100
 59.         }
 60.         
.         local n_programs = .
 61.         local n_states = .
 62.         capture levelsof program_numeric_id if specialty_group == `spec' & !missing(`outcome'), local(active_programs)
 63.         if (_rc == 0) local n_programs : word count `active_programs'
 64.         
.         capture levelsof state_id if specialty_group == `spec' & !missing(`outcome'), local(active_states)
 65.         if (_rc == 0) local n_states : word count `active_states'
 66.         
.         post `did_results_spec' ("`spec_name'") ("`outcome'") ///
>             (`coef') (`se') (`tstat') (`pvalue') (`avg_treat') ///
>             (`pretrend_p') (`treat_p') (`n_programs') (`n_states')
 67.         
.         di "ATT (tau0): " %9.3f `coef' "  SE: " %9.3f `se' "  p = " %9.3f `pvalue'
 68.         di "Average post-treatment effect: " %9.3f `avg_treat'
 69.         
.         * =====================================================================
.         * Event study plot
.         * =====================================================================
.         matrix plot_coef = J(11, 3, .)
 70.         matrix colnames plot_coef = period coef se
 71.         local row = 1
 72.         forval h = 5(-1)1 {
 73.             matrix plot_coef[`row',1] = -`h'
 74.             capture matrix plot_coef[`row',2] = _b[pre`h']
 75.             capture matrix plot_coef[`row',3] = _se[pre`h']
 76.             local ++row
 77.         }
 78.         forval h = 0/5 {
 79.             matrix plot_coef[`row',1] = `h'
 80.             capture matrix plot_coef[`row',2] = _b[tau`h']
 81.             capture matrix plot_coef[`row',3] = _se[tau`h']
 82.             local ++row
 83.         }
 84.         preserve
 85.         clear
 86.         svmat plot_coef, names(col)
 87.         keep if !missing(period)
 88.         gen ci_upper = coef + 1.96*se
 89.         gen ci_lower = coef - 1.96*se
 90.         gen byte pre_period = (period < 0)
 91.         gen byte post_period = (period >= 0)
 92.         local avg_text = cond(`avg_treat' < ., string(`avg_treat', "%9.2f"), "NA")
 93.         local treat_text = cond(`treat_p' < ., string(`treat_p', "%9.2f"), "NA")
 94.         local baseline_text = string(`baseline_mean', "%9.2f")
 95.         local pct_text = string(`pct_effect', "%9.1f")
 96.         local post_line ""
 97.         if (`avg_treat' < .) {
 98.             local post_line "(scatteri `avg_treat' 0 `avg_treat' 5, recast(line) lpattern(dash) lcolor(red) lwidth(medium))"
 99.         }
100.         local short = "${short_`outcome'}"
101.         local label = "${label_`outcome'}"
102.         if ("`label'" == "") {
103.             local label = "`outcome'"
104.         }
105.         local prefix : display %02.0f `plotnum'
106.         local ytitle_str "Treatment Effect (difference-in-differences)"
107.         local plot_title "Event Study: `spec_name' - `label'"
108.         * Calculate annotation position dynamically
.         quietly summarize ci_upper
109.         local y_annot = r(max) * 0.9
110.         local x_annot = -2
111.         * Adjust for per 100k outcomes
.         if (strpos("`short'", "_100k") > 0) {
112.             local ytitle_str "Treatment Effect (per 100,000 population)"
113.             local x_annot = -2
114.         }
115.         twoway ///
>             (rarea ci_upper ci_lower period if pre_period, fcolor(dkgreen%45) lcolor(dkgreen%45) lwidth(none)) ///
>             (rarea ci_upper ci_lower period if post_period, fcolor(maroon%45) lcolor(maroon%45) lwidth(none)) ///
>             (line coef period if pre_period, lcolor(dkgreen) lwidth(medium)) ///
>             (line coef period if post_period, lcolor(maroon) lwidth(medium)) ///
>             (scatter coef period if pre_period, mcolor(dkgreen) msymbol(circle) msize(medlarge)) ///
>             (scatter coef period if post_period, mcolor(maroon) msymbol(circle) msize(medlarge)) ///
>             `post_line' ///
>             , ///
>             xline(-0.5, lcolor(black) lpattern(solid) lwidth(thin)) ///
>             yline(0, lcolor(black) lpattern(solid) lwidth(thin)) ///
>             xlabel(-5(1)5, labsize(small)) ///
>             ylabel(#10, labsize(small) format(%9.3f)) ///
>             xtitle("Years relative to Medicaid expansion", size(small)) ///
>             ytitle("`ytitle_str'", size(small)) ///
>             text(`y_annot' `x_annot' `"Baseline Mean: `baseline_text'"' `"Post avg = `avg_text' (`pct_text'%)"' `"p-value = `treat_text'"', size(large)) ///
>             legend(off) ///
>             graphregion(color(white)) plotregion(color(white))
116.         
.         * Clean specialty name for filename
.         local spec_clean = subinstr("`spec_name'", " ", "_", .)
117.         local spec_clean = subinstr("`spec_clean'", "/", "_", .)
118.         
.         graph export "${figdir}/`prefix'-did_`short'_`spec_clean'_event.png", as(png) replace width(1200) height(800)
119.         graph export "${latex_figdir}/`prefix'-did_`short'_`spec_clean'_event.png", as(png) replace width(1200) height(800)
120.         restore
121.         local ++plotnum
122.     }
123. }
Non-Primary Care

=========================================================================
SPECIALTY GROUP: Non-Primary Care
=========================================================================

--- Outcome: matched_per_100k ---

                                                        Number of obs = 29,800
------------------------------------------------------------------------------
matched~100k | Coefficient  Std. err.      z    P>|z|     [95% conf. interval]
-------------+----------------------------------------------------------------
        tau0 |  -.0009259   .0006136    -1.51   0.131    -.0021286    .0002768
        tau1 |  -.0016123   .0008568    -1.88   0.060    -.0032916    .0000671
        tau2 |   -.002239   .0012638    -1.77   0.076    -.0047159     .000238
        tau3 |    -.00377   .0021187    -1.78   0.075    -.0079226    .0003825
        tau4 |  -.0043169    .003054    -1.41   0.158    -.0103025    .0016688
        tau5 |  -.0049561   .0040076    -1.24   0.216    -.0128109    .0028986
        pre1 |   .0019906   .0019476     1.02   0.307    -.0018266    .0058078
        pre2 |   .0022038    .001412     1.56   0.119    -.0005636    .0049712
        pre3 |   .0023978   .0013404     1.79   0.074    -.0002295     .005025
        pre4 |   .0020888   .0012795     1.63   0.103    -.0004189    .0045964
        pre5 |    .002408   .0012112     1.99   0.047      .000034     .004782
------------------------------------------------------------------------------

 ( 1)  pre1 = 0
 ( 2)  pre2 = 0
 ( 3)  pre3 = 0
 ( 4)  pre4 = 0
 ( 5)  pre5 = 0

           chi2(  5) =   18.23
         Prob > chi2 =    0.0027

 ( 1)  tau0 = 0
 ( 2)  tau1 = 0
 ( 3)  tau2 = 0
 ( 4)  tau3 = 0
 ( 5)  tau4 = 0
 ( 6)  tau5 = 0

           chi2(  6) =    7.36
         Prob > chi2 =    0.2886
ATT (tau0):    -0.001  SE:     0.001  p =         .
Average post-treatment effect:    -0.003
number of observations will be reset to 11
Press any key to continue, or Break to abort
Number of observations (_N) was 0, now 11.
(0 observations deleted)
file /Users/hhadah/Projects/GiT/residency-medicaid-expansion/output/figures/09-did_matched_per_100k_Non-Primary_Care_event.png saved as PNG format
file /Users/hhadah/Projects/GiT/residency-medicaid-expansion/my_paper/figures/09-did_matched_per_100k_Non-Primary_Care_event.png saved as PNG format

--- Outcome: quota_per_100k ---

                                                        Number of obs = 29,800
------------------------------------------------------------------------------
quota_p~100k | Coefficient  Std. err.      z    P>|z|     [95% conf. interval]
-------------+----------------------------------------------------------------
        tau0 |  -.0008884     .00072    -1.23   0.217    -.0022996    .0005228
        tau1 |  -.0016816   .0010551    -1.59   0.111    -.0037495    .0003864
        tau2 |  -.0027467   .0013909    -1.97   0.048    -.0054728   -.0000206
        tau3 |  -.0041707   .0021283    -1.96   0.050    -.0083421    6.51e-07
        tau4 |  -.0050122   .0033494    -1.50   0.135    -.0115769    .0015525
        tau5 |  -.0061012   .0046302    -1.32   0.188    -.0151762    .0029738
        pre1 |   .0015076   .0022932     0.66   0.511     -.002987    .0060023
        pre2 |   .0020587    .001815     1.13   0.257    -.0014987     .005616
        pre3 |   .0023111    .001596     1.45   0.148    -.0008171    .0054393
        pre4 |   .0025057   .0014914     1.68   0.093    -.0004175    .0054289
        pre5 |   .0023048   .0013512     1.71   0.088    -.0003435    .0049531
------------------------------------------------------------------------------

 ( 1)  pre1 = 0
 ( 2)  pre2 = 0
 ( 3)  pre3 = 0
 ( 4)  pre4 = 0
 ( 5)  pre5 = 0

           chi2(  5) =    8.13
         Prob > chi2 =    0.1494

 ( 1)  tau0 = 0
 ( 2)  tau1 = 0
 ( 3)  tau2 = 0
 ( 4)  tau3 = 0
 ( 5)  tau4 = 0
 ( 6)  tau5 = 0

           chi2(  6) =   10.11
         Prob > chi2 =    0.1199
ATT (tau0):    -0.001  SE:     0.001  p =         .
Average post-treatment effect:    -0.003
number of observations will be reset to 11
Press any key to continue, or Break to abort
Number of observations (_N) was 0, now 11.
(0 observations deleted)
file /Users/hhadah/Projects/GiT/residency-medicaid-expansion/output/figures/10-did_quota_per_100k_Non-Primary_Care_event.png saved as PNG format
file /Users/hhadah/Projects/GiT/residency-medicaid-expansion/my_paper/figures/10-did_quota_per_100k_Non-Primary_Care_event.png saved as PNG format
Primary Care

=========================================================================
SPECIALTY GROUP: Primary Care
=========================================================================

--- Outcome: matched_per_100k ---

                                                        Number of obs = 14,350
------------------------------------------------------------------------------
matched~100k | Coefficient  Std. err.      z    P>|z|     [95% conf. interval]
-------------+----------------------------------------------------------------
        tau0 |  -.0004299   .0023817    -0.18   0.857     -.005098    .0042382
        tau1 |  -.0049696   .0036684    -1.35   0.176    -.0121595    .0022204
        tau2 |  -.0056586   .0040439    -1.40   0.162    -.0135845    .0022674
        tau3 |  -.0076289   .0044904    -1.70   0.089    -.0164299    .0011721
        tau4 |  -.0101172      .0062    -1.63   0.103     -.022269    .0020345
        tau5 |  -.0096312   .0072786    -1.32   0.186    -.0238971    .0046347
        pre1 |   .0104969   .0060707     1.73   0.084    -.0014015    .0223953
        pre2 |   .0100589   .0047484     2.12   0.034     .0007523    .0193655
        pre3 |   .0085507   .0044485     1.92   0.055    -.0001682    .0172697
        pre4 |   .0082802   .0040769     2.03   0.042     .0002897    .0162708
        pre5 |   .0073719   .0038106     1.93   0.053    -.0000966    .0148405
------------------------------------------------------------------------------

 ( 1)  pre1 = 0
 ( 2)  pre2 = 0
 ( 3)  pre3 = 0
 ( 4)  pre4 = 0
 ( 5)  pre5 = 0

           chi2(  5) =    9.51
         Prob > chi2 =    0.0905

 ( 1)  tau0 = 0
 ( 2)  tau1 = 0
 ( 3)  tau2 = 0
 ( 4)  tau3 = 0
 ( 5)  tau4 = 0
 ( 6)  tau5 = 0

           chi2(  6) =   14.75
         Prob > chi2 =    0.0223
ATT (tau0):    -0.000  SE:     0.002  p =         .
Average post-treatment effect:    -0.006
number of observations will be reset to 11
Press any key to continue, or Break to abort
Number of observations (_N) was 0, now 11.
(0 observations deleted)
file /Users/hhadah/Projects/GiT/residency-medicaid-expansion/output/figures/11-did_matched_per_100k_Primary_Care_event.png saved as PNG format
file /Users/hhadah/Projects/GiT/residency-medicaid-expansion/my_paper/figures/11-did_matched_per_100k_Primary_Care_event.png saved as PNG format

--- Outcome: quota_per_100k ---

                                                        Number of obs = 14,350
------------------------------------------------------------------------------
quota_p~100k | Coefficient  Std. err.      z    P>|z|     [95% conf. interval]
-------------+----------------------------------------------------------------
        tau0 |  -.0004208   .0023134    -0.18   0.856     -.004955    .0041135
        tau1 |  -.0043377   .0036578    -1.19   0.236    -.0115068    .0028315
        tau2 |   -.005819   .0041837    -1.39   0.164    -.0140189     .002381
        tau3 |  -.0080879   .0046933    -1.72   0.085    -.0172867    .0011108
        tau4 |   -.010157   .0063954    -1.59   0.112    -.0226917    .0023778
        tau5 |  -.0121695   .0085058    -1.43   0.153    -.0288405    .0045016
        pre1 |    .009902   .0055832     1.77   0.076    -.0010408    .0208448
        pre2 |   .0090051   .0045266     1.99   0.047     .0001331     .017877
        pre3 |   .0075524   .0042653     1.77   0.077    -.0008074    .0159123
        pre4 |   .0074279   .0039727     1.87   0.062    -.0003585    .0152143
        pre5 |   .0066379   .0035095     1.89   0.059    -.0002407    .0135164
------------------------------------------------------------------------------

 ( 1)  pre1 = 0
 ( 2)  pre2 = 0
 ( 3)  pre3 = 0
 ( 4)  pre4 = 0
 ( 5)  pre5 = 0

           chi2(  5) =    8.88
         Prob > chi2 =    0.1141

 ( 1)  tau0 = 0
 ( 2)  tau1 = 0
 ( 3)  tau2 = 0
 ( 4)  tau3 = 0
 ( 5)  tau4 = 0
 ( 6)  tau5 = 0

           chi2(  6) =   22.22
         Prob > chi2 =    0.0011
ATT (tau0):    -0.000  SE:     0.002  p =         .
Average post-treatment effect:    -0.007
number of observations will be reset to 11
Press any key to continue, or Break to abort
Number of observations (_N) was 0, now 11.
(0 observations deleted)
file /Users/hhadah/Projects/GiT/residency-medicaid-expansion/output/figures/12-did_quota_per_100k_Primary_Care_event.png saved as PNG format
file /Users/hhadah/Projects/GiT/residency-medicaid-expansion/my_paper/figures/12-did_quota_per_100k_Primary_Care_event.png saved as PNG format

. 
. postclose `did_results_spec'

. 
. use "`did_results_spec_file'", clear

. order specialty outcome coef se tstat pvalue avg_treat pretrend_p treat_p n_programs n_states

. save "${tabdir}/did_summary_residency_by_specialty.dta", replace
file /Users/hhadah/Projects/GiT/residency-medicaid-expansion/output/tables/did_summary_residency_by_specialty.dta saved

. export delimited using "${tabdir}/did_summary_residency_by_specialty.csv", replace
file /Users/hhadah/Projects/GiT/residency-medicaid-expansion/output/tables/did_summary_residency_by_specialty.csv saved

. 
. di ""


. di "=================================================================="
==================================================================

. di "Difference-in-differences estimates by specialty completed."
Difference-in-differences estimates by specialty completed.

. di "Summary table:"
Summary table:

. di "  - ${tabdir}/did_summary_residency_by_specialty.dta"
  - /Users/hhadah/Projects/GiT/residency-medicaid-expansion/output/tables/did_summary_residency_by_specialty.dta

. di "  - ${tabdir}/did_summary_residency_by_specialty.csv"
  - /Users/hhadah/Projects/GiT/residency-medicaid-expansion/output/tables/did_summary_residency_by_specialty.csv

. di "Figures:"
Figures:

. di "  - ${figdir}/11-did_*_event.png (and LaTeX copies)"
  - /Users/hhadah/Projects/GiT/residency-medicaid-expansion/output/figures/11-did_*_event.png (and LaTeX copies)

. di "=================================================================="
==================================================================

. 
. log close
      name:  <unnamed>
       log:  /Users/hhadah/Projects/GiT/residency-medicaid-expansion/output/06-did-analysis-byspeciality.log
  log type:  text
 closed on:  14 Feb 2026, 10:04:52
---------------------------------------------------------------------------------------------------------------------------------------------------------------------------------------------------------

. 
end of do-file

. if (_rc != 0) {
.     di as error "ERROR: Script 07 failed with code " _rc
.     di as error "Check ${outputdir}/06-did-analysis-byspeciality.log for details"
. }

. else {
.     di as result "COMPLETED: Script 07"
COMPLETED: Script 07
. }

. di ""


. 
. * =========================================================================
. * SUMMARY
. * =========================================================================
. di ""


. di "========================================================================="
=========================================================================

. di "MASTER ANALYSIS COMPLETE"
MASTER ANALYSIS COMPLETE

. di "========================================================================="
=========================================================================

. di "End time: " c(current_date) " " c(current_time)
End time: 14 Feb 2026 10:04:52

. di ""


. di "Log files created in: ${outputdir}/"
Log files created in: /Users/hhadah/Projects/GiT/residency-medicaid-expansion/output/

. di "  - 99-master-analysis.log (this file)"
  - 99-master-analysis.log (this file)

. di "  - 05-dd-analysis.log"
  - 05-dd-analysis.log

. di "  - 06-dd-analysis-hetero.log"
  - 06-dd-analysis-hetero.log

. di "  - 06-did-analysis-byspeciality.log"
  - 06-did-analysis-byspeciality.log

. di ""


. di "Output figures and tables created in: ${outputdir}/figures/ and ${outputdir}/tables/"
Output figures and tables created in: /Users/hhadah/Projects/GiT/residency-medicaid-expansion/output/figures/ and /Users/hhadah/Projects/GiT/residency-medicaid-expansion/output/tables/

. di "========================================================================="
=========================================================================

. di ""


. 
. capture log close master
